uv version: uv 0.9.5
Running on host: gpu04.cluster
Job started at: Thu Nov 20 19:38:27 EST 2025
Running job ID: 511147
Loading Data...
Skipping probe: too short (len=824, chunk_size=1000)
Skipping probe: too short (len=824, chunk_size=1000)
Skipping probe: too short (len=824, chunk_size=1000)
Skipping probe: too short (len=824, chunk_size=1000)
Skipping probe: too short (len=824, chunk_size=1000)
[0.34284259 0.10522685 0.7584138  0.82345627 0.04440399 0.        ]
[I 2025-11-20 19:42:06,730] Trial 0 finished with value: 0.34572391795023844 and parameters: {'augment_factor': 1, 'chunk_seconds': 10, 'num_freqs': 18, 'num_estimators': 256, 'max_depth': 128, 'window_seconds': 3, 'num_subwindows': 16, 'subwindow_freq': 15, 'use_window_slope': True, 'use_subwindow_slope': True, 'use_smote': False}. Best is trial 0 with value: 0.34572391795023844.
[0.39646435 0.23914682 0.70626144 0.85929774 0.19275195 0.        ]
[I 2025-11-20 19:45:24,340] Trial 1 finished with value: 0.3989870506379749 and parameters: {'augment_factor': 4, 'chunk_seconds': 8, 'num_freqs': 9, 'num_estimators': 64, 'max_depth': 8, 'window_seconds': 7, 'num_subwindows': 14, 'subwindow_freq': 19, 'use_window_slope': False, 'use_subwindow_slope': True, 'use_smote': True, 'smote_k_neighbors': 10}. Best is trial 1 with value: 0.3989870506379749.
Skipping probe: too short (len=824, chunk_size=1000)
Skipping probe: too short (len=824, chunk_size=1000)
Skipping probe: too short (len=824, chunk_size=1000)
Skipping probe: too short (len=824, chunk_size=1000)
Skipping probe: too short (len=824, chunk_size=1000)
[0.3461     0.14488427 0.76375249 0.82712285 0.01224155 0.        ]
[I 2025-11-20 19:47:39,341] Trial 2 finished with value: 0.34901685926803755 and parameters: {'augment_factor': 8, 'chunk_seconds': 10, 'num_freqs': 9, 'num_estimators': 16, 'max_depth': 256, 'window_seconds': 6, 'num_subwindows': 12, 'subwindow_freq': 18, 'use_window_slope': True, 'use_subwindow_slope': True, 'use_smote': False}. Best is trial 1 with value: 0.3989870506379749.
[0.45758388 0.31426854 0.73301674 0.83261979 0.38379704 0.        ]
[I 2025-11-20 19:52:12,105] Trial 3 finished with value: 0.45354766320819123 and parameters: {'augment_factor': 8, 'chunk_seconds': 3, 'num_freqs': 9, 'num_estimators': 128, 'max_depth': 32, 'window_seconds': 4, 'num_subwindows': 6, 'subwindow_freq': 1, 'use_window_slope': False, 'use_subwindow_slope': True, 'use_smote': True, 'smote_k_neighbors': 9}. Best is trial 3 with value: 0.45354766320819123.
[0.68677146 0.49399358 0.78878172 0.8626471  0.04177052 0.        ]
[I 2025-11-20 19:57:05,671] Trial 4 finished with value: 0.47899406365451624 and parameters: {'augment_factor': 2, 'chunk_seconds': 1, 'num_freqs': 12, 'num_estimators': 128, 'max_depth': 32, 'window_seconds': 6, 'num_subwindows': 2, 'subwindow_freq': 19, 'use_window_slope': True, 'use_subwindow_slope': False, 'use_smote': False}. Best is trial 4 with value: 0.47899406365451624.
Skipping probe: too short (len=824, chunk_size=1000)
Skipping probe: too short (len=824, chunk_size=1000)
Skipping probe: too short (len=824, chunk_size=1000)
Skipping probe: too short (len=824, chunk_size=1000)
Skipping probe: too short (len=824, chunk_size=1000)
[0.41016618 0.18595973 0.78078772 0.84727482 0.01598008 0.        ]
[I 2025-11-20 19:58:11,502] Trial 5 finished with value: 0.37336142297274105 and parameters: {'augment_factor': 8, 'chunk_seconds': 10, 'num_freqs': 3, 'num_estimators': 64, 'max_depth': 64, 'window_seconds': 7, 'num_subwindows': 13, 'subwindow_freq': 9, 'use_window_slope': False, 'use_subwindow_slope': False, 'use_smote': False}. Best is trial 4 with value: 0.47899406365451624.
[0.47608096 0.201213   0.71258103 0.85920054 0.07138801 0.        ]
[I 2025-11-20 20:00:09,447] Trial 6 finished with value: 0.3867439229720044 and parameters: {'augment_factor': 1, 'chunk_seconds': 2, 'num_freqs': 19, 'num_estimators': 8, 'max_depth': 8, 'window_seconds': 8, 'num_subwindows': 4, 'subwindow_freq': 11, 'use_window_slope': False, 'use_subwindow_slope': False, 'use_smote': False}. Best is trial 4 with value: 0.47899406365451624.
[0.57814602 0.25531087 0.77730088 0.87242784 0.05610151 0.        ]
[I 2025-11-20 20:02:15,633] Trial 7 finished with value: 0.4232145204764786 and parameters: {'augment_factor': 2, 'chunk_seconds': 4, 'num_freqs': 13, 'num_estimators': 16, 'max_depth': 16, 'window_seconds': 8, 'num_subwindows': 9, 'subwindow_freq': 11, 'use_window_slope': True, 'use_subwindow_slope': False, 'use_smote': False}. Best is trial 4 with value: 0.47899406365451624.
Skipping probe: too short (len=824, chunk_size=900)
Skipping probe: too short (len=824, chunk_size=900)
Skipping probe: too short (len=824, chunk_size=900)
Skipping probe: too short (len=824, chunk_size=900)
Skipping probe: too short (len=824, chunk_size=900)
[0.3299925  0.03153444 0.77546557 0.84095712 0.01154783 0.        ]
[I 2025-11-20 20:03:31,249] Trial 8 finished with value: 0.3315829083624266 and parameters: {'augment_factor': 8, 'chunk_seconds': 9, 'num_freqs': 14, 'num_estimators': 128, 'max_depth': 256, 'window_seconds': 4, 'num_subwindows': 14, 'subwindow_freq': 7, 'use_window_slope': False, 'use_subwindow_slope': False, 'use_smote': False}. Best is trial 4 with value: 0.47899406365451624.
[0.54314502 0.23827331 0.77125316 0.83236035 0.01985859 0.        ]
[I 2025-11-20 20:06:45,871] Trial 9 finished with value: 0.40081507194302185 and parameters: {'augment_factor': 1, 'chunk_seconds': 2, 'num_freqs': 2, 'num_estimators': 8, 'max_depth': 64, 'window_seconds': 10, 'num_subwindows': 9, 'subwindow_freq': 17, 'use_window_slope': False, 'use_subwindow_slope': False, 'use_smote': False}. Best is trial 4 with value: 0.47899406365451624.
[0.4222851  0.13007088 0.76027015 0.84518664 0.12175245 0.        ]
[I 2025-11-20 20:07:38,104] Trial 10 finished with value: 0.37992753753216846 and parameters: {'augment_factor': 2, 'chunk_seconds': 6, 'num_freqs': 6, 'num_estimators': 32, 'max_depth': 32, 'window_seconds': 2, 'num_subwindows': 1, 'subwindow_freq': 14, 'use_window_slope': True, 'use_subwindow_slope': False, 'use_smote': True, 'smote_k_neighbors': 1}. Best is trial 4 with value: 0.47899406365451624.
[0.50963318 0.42197905 0.76391947 0.84673676 0.37595451 0.        ]
[I 2025-11-20 20:21:22,646] Trial 11 finished with value: 0.48637049599720417 and parameters: {'augment_factor': 2, 'chunk_seconds': 1, 'num_freqs': 13, 'num_estimators': 128, 'max_depth': 32, 'window_seconds': 5, 'num_subwindows': 5, 'subwindow_freq': 2, 'use_window_slope': True, 'use_subwindow_slope': True, 'use_smote': True, 'smote_k_neighbors': 9}. Best is trial 11 with value: 0.48637049599720417.
[0.49967134 0.33350649 0.72994498 0.83372795 0.23526466 0.        ]
[I 2025-11-20 20:28:04,354] Trial 12 finished with value: 0.4386859025771457 and parameters: {'augment_factor': 2, 'chunk_seconds': 1, 'num_freqs': 14, 'num_estimators': 128, 'max_depth': 32, 'window_seconds': 5, 'num_subwindows': 1, 'subwindow_freq': 2, 'use_window_slope': True, 'use_subwindow_slope': True, 'use_smote': True, 'smote_k_neighbors': 6}. Best is trial 11 with value: 0.48637049599720417.
[0.23963121 0.17962075 0.61848251 0.83952073 0.26595177 0.        ]
[I 2025-11-20 20:30:29,674] Trial 13 finished with value: 0.35720116334389745 and parameters: {'augment_factor': 2, 'chunk_seconds': 5, 'num_freqs': 16, 'num_estimators': 128, 'max_depth': 4, 'window_seconds': 5, 'num_subwindows': 5, 'subwindow_freq': 5, 'use_window_slope': True, 'use_subwindow_slope': True, 'use_smote': True, 'smote_k_neighbors': 6}. Best is trial 11 with value: 0.48637049599720417.
[0.53797498 0.45011332 0.77146939 0.85031329 0.38092655 0.        ]
[I 2025-11-20 20:37:38,012] Trial 14 finished with value: 0.4984662553111055 and parameters: {'augment_factor': 2, 'chunk_seconds': 1, 'num_freqs': 12, 'num_estimators': 128, 'max_depth': 32, 'window_seconds': 6, 'num_subwindows': 3, 'subwindow_freq': 4, 'use_window_slope': True, 'use_subwindow_slope': False, 'use_smote': True, 'smote_k_neighbors': 8}. Best is trial 14 with value: 0.4984662553111055.
[0.60148043 0.40227975 0.7822731  0.87800662 0.06017503 0.        ]
[I 2025-11-20 20:44:21,365] Trial 15 finished with value: 0.45403582150529975 and parameters: {'augment_factor': 4, 'chunk_seconds': 6, 'num_freqs': 6, 'num_estimators': 256, 'max_depth': 32, 'window_seconds': 10, 'num_subwindows': 19, 'subwindow_freq': 4, 'use_window_slope': True, 'use_subwindow_slope': True, 'use_smote': True, 'smote_k_neighbors': 8}. Best is trial 14 with value: 0.4984662553111055.
[0.5388316  0.35345531 0.77135115 0.86299441 0.34415125 0.        ]
[I 2025-11-20 20:46:55,211] Trial 16 finished with value: 0.4784639536865371 and parameters: {'augment_factor': 2, 'chunk_seconds': 3, 'num_freqs': 16, 'num_estimators': 32, 'max_depth': 128, 'window_seconds': 5, 'num_subwindows': 7, 'subwindow_freq': 4, 'use_window_slope': True, 'use_subwindow_slope': False, 'use_smote': True, 'smote_k_neighbors': 8}. Best is trial 14 with value: 0.4984662553111055.
[0.60080945 0.50840671 0.75763679 0.85295401 0.33794623 0.        ]
[I 2025-11-20 20:57:09,327] Trial 17 finished with value: 0.5096255307512144 and parameters: {'augment_factor': 2, 'chunk_seconds': 1, 'num_freqs': 11, 'num_estimators': 128, 'max_depth': 16, 'window_seconds': 8, 'num_subwindows': 3, 'subwindow_freq': 7, 'use_window_slope': True, 'use_subwindow_slope': True, 'use_smote': True, 'smote_k_neighbors': 3}. Best is trial 17 with value: 0.5096255307512144.
[0.65533975 0.39256847 0.7775508  0.8739266  0.25177637 0.        ]
[I 2025-11-20 20:59:10,537] Trial 18 finished with value: 0.4918603295622937 and parameters: {'augment_factor': 2, 'chunk_seconds': 4, 'num_freqs': 6, 'num_estimators': 128, 'max_depth': 16, 'window_seconds': 9, 'num_subwindows': 3, 'subwindow_freq': 8, 'use_window_slope': True, 'use_subwindow_slope': False, 'use_smote': True, 'smote_k_neighbors': 3}. Best is trial 17 with value: 0.5096255307512144.
[0.58767403 0.40996223 0.78727248 0.87753745 0.17607964 0.        ]
[I 2025-11-20 21:01:58,529] Trial 19 finished with value: 0.4730876374874778 and parameters: {'augment_factor': 4, 'chunk_seconds': 7, 'num_freqs': 11, 'num_estimators': 128, 'max_depth': 16, 'window_seconds': 8, 'num_subwindows': 8, 'subwindow_freq': 6, 'use_window_slope': True, 'use_subwindow_slope': True, 'use_smote': True, 'smote_k_neighbors': 4}. Best is trial 17 with value: 0.5096255307512144.
[0.25874212 0.15374808 0.59510568 0.83377299 0.26493917 0.        ]
[I 2025-11-20 21:11:03,092] Trial 20 finished with value: 0.3510513392426347 and parameters: {'augment_factor': 2, 'chunk_seconds': 2, 'num_freqs': 16, 'num_estimators': 8, 'max_depth': 4, 'window_seconds': 7, 'num_subwindows': 11, 'subwindow_freq': 9, 'use_window_slope': True, 'use_subwindow_slope': True, 'use_smote': True, 'smote_k_neighbors': 2}. Best is trial 17 with value: 0.5096255307512144.
[0.62133999 0.41696441 0.773494   0.87605501 0.18840565 0.        ]
[I 2025-11-20 21:13:05,198] Trial 21 finished with value: 0.47937651019316974 and parameters: {'augment_factor': 2, 'chunk_seconds': 4, 'num_freqs': 7, 'num_estimators': 128, 'max_depth': 16, 'window_seconds': 9, 'num_subwindows': 3, 'subwindow_freq': 8, 'use_window_slope': True, 'use_subwindow_slope': False, 'use_smote': True, 'smote_k_neighbors': 3}. Best is trial 17 with value: 0.5096255307512144.
[0.62684525 0.37294299 0.769639   0.88067076 0.16626895 0.        ]
[I 2025-11-20 21:15:15,708] Trial 22 finished with value: 0.46939449094732755 and parameters: {'augment_factor': 2, 'chunk_seconds': 4, 'num_freqs': 4, 'num_estimators': 128, 'max_depth': 16, 'window_seconds': 9, 'num_subwindows': 3, 'subwindow_freq': 13, 'use_window_slope': True, 'use_subwindow_slope': False, 'use_smote': True, 'smote_k_neighbors': 4}. Best is trial 17 with value: 0.5096255307512144.
[0.64210877 0.40168513 0.76990337 0.87066231 0.20242162 0.        ]
[I 2025-11-20 21:18:09,140] Trial 23 finished with value: 0.48113019999493173 and parameters: {'augment_factor': 2, 'chunk_seconds': 3, 'num_freqs': 10, 'num_estimators': 128, 'max_depth': 16, 'window_seconds': 9, 'num_subwindows': 4, 'subwindow_freq': 7, 'use_window_slope': True, 'use_subwindow_slope': False, 'use_smote': True, 'smote_k_neighbors': 4}. Best is trial 17 with value: 0.5096255307512144.
[0.63739557 0.48628175 0.77084406 0.86758291 0.07373454 0.        ]
[I 2025-11-20 21:22:38,828] Trial 24 finished with value: 0.47263980576067016 and parameters: {'augment_factor': 2, 'chunk_seconds': 2, 'num_freqs': 7, 'num_estimators': 128, 'max_depth': 16, 'window_seconds': 8, 'num_subwindows': 6, 'subwindow_freq': 4, 'use_window_slope': True, 'use_subwindow_slope': False, 'use_smote': True, 'smote_k_neighbors': 1}. Best is trial 17 with value: 0.5096255307512144.
[0.47137197 0.29983021 0.74609609 0.84465111 0.27023286 0.        ]
[I 2025-11-20 21:23:38,340] Trial 25 finished with value: 0.4386970406298288 and parameters: {'augment_factor': 2, 'chunk_seconds': 5, 'num_freqs': 11, 'num_estimators': 16, 'max_depth': 16, 'window_seconds': 7, 'num_subwindows': 1, 'subwindow_freq': 10, 'use_window_slope': True, 'use_subwindow_slope': False, 'use_smote': True, 'smote_k_neighbors': 5}. Best is trial 17 with value: 0.5096255307512144.
[0.62773302 0.46800613 0.75811185 0.85608374 0.30387354 0.        ]
[I 2025-11-20 21:29:20,405] Trial 26 finished with value: 0.5023013800598461 and parameters: {'augment_factor': 2, 'chunk_seconds': 1, 'num_freqs': 5, 'num_estimators': 64, 'max_depth': 16, 'window_seconds': 10, 'num_subwindows': 3, 'subwindow_freq': 6, 'use_window_slope': True, 'use_subwindow_slope': False, 'use_smote': True, 'smote_k_neighbors': 3}. Best is trial 17 with value: 0.5096255307512144.
[0.5950549  0.49000053 0.78276163 0.85669141 0.4341756  0.        ]
[I 2025-11-20 21:37:50,604] Trial 27 finished with value: 0.526447344731495 and parameters: {'augment_factor': 4, 'chunk_seconds': 1, 'num_freqs': 4, 'num_estimators': 64, 'max_depth': 64, 'window_seconds': 10, 'num_subwindows': 7, 'subwindow_freq': 5, 'use_window_slope': True, 'use_subwindow_slope': False, 'use_smote': True, 'smote_k_neighbors': 7}. Best is trial 27 with value: 0.526447344731495.
[0.55732924 0.49610343 0.77085232 0.84162571 0.43942478 0.        ]
[I 2025-11-20 21:52:49,491] Trial 28 finished with value: 0.5175559127764779 and parameters: {'augment_factor': 4, 'chunk_seconds': 1, 'num_freqs': 1, 'num_estimators': 64, 'max_depth': 64, 'window_seconds': 10, 'num_subwindows': 7, 'subwindow_freq': 6, 'use_window_slope': True, 'use_subwindow_slope': True, 'use_smote': True, 'smote_k_neighbors': 7}. Best is trial 27 with value: 0.526447344731495.
[0.54576106 0.47585617 0.77528427 0.84789362 0.38917895 0.        ]
[I 2025-11-20 22:02:10,824] Trial 29 finished with value: 0.5056623457755212 and parameters: {'augment_factor': 4, 'chunk_seconds': 2, 'num_freqs': 1, 'num_estimators': 64, 'max_depth': 64, 'window_seconds': 10, 'num_subwindows': 10, 'subwindow_freq': 2, 'use_window_slope': True, 'use_subwindow_slope': True, 'use_smote': True, 'smote_k_neighbors': 7}. Best is trial 27 with value: 0.526447344731495.
[0.60717589 0.45821847 0.76719171 0.85527315 0.13365496 0.        ]
[I 2025-11-20 22:07:31,594] Trial 30 finished with value: 0.4702523645854635 and parameters: {'augment_factor': 4, 'chunk_seconds': 3, 'num_freqs': 1, 'num_estimators': 64, 'max_depth': 64, 'window_seconds': 9, 'num_subwindows': 7, 'subwindow_freq': 12, 'use_window_slope': True, 'use_subwindow_slope': True, 'use_smote': True, 'smote_k_neighbors': 7}. Best is trial 27 with value: 0.526447344731495.
[0.58848723 0.47037292 0.77385588 0.85213016 0.36589771 0.        ]
[I 2025-11-20 22:16:52,777] Trial 31 finished with value: 0.508457319025861 and parameters: {'augment_factor': 4, 'chunk_seconds': 2, 'num_freqs': 1, 'num_estimators': 64, 'max_depth': 64, 'window_seconds': 10, 'num_subwindows': 10, 'subwindow_freq': 2, 'use_window_slope': True, 'use_subwindow_slope': True, 'use_smote': True, 'smote_k_neighbors': 7}. Best is trial 27 with value: 0.526447344731495.
[0.52415009 0.5014052  0.77471357 0.84538844 0.45356266 0.        ]
[I 2025-11-20 22:44:19,157] Trial 32 finished with value: 0.5165366609623266 and parameters: {'augment_factor': 4, 'chunk_seconds': 1, 'num_freqs': 3, 'num_estimators': 64, 'max_depth': 64, 'window_seconds': 10, 'num_subwindows': 16, 'subwindow_freq': 3, 'use_window_slope': True, 'use_subwindow_slope': True, 'use_smote': True, 'smote_k_neighbors': 7}. Best is trial 27 with value: 0.526447344731495.
[0.52666991 0.50406893 0.75596275 0.84762405 0.34001615 0.        ]
[I 2025-11-20 23:17:01,775] Trial 33 finished with value: 0.49572363314997303 and parameters: {'augment_factor': 4, 'chunk_seconds': 1, 'num_freqs': 3, 'num_estimators': 64, 'max_depth': 64, 'window_seconds': 10, 'num_subwindows': 19, 'subwindow_freq': 6, 'use_window_slope': True, 'use_subwindow_slope': True, 'use_smote': True, 'smote_k_neighbors': 6}. Best is trial 27 with value: 0.526447344731495.
[0.50901622 0.49318218 0.75928914 0.84083051 0.42575609 0.        ]
[I 2025-11-20 23:46:36,791] Trial 34 finished with value: 0.5046790243582139 and parameters: {'augment_factor': 4, 'chunk_seconds': 1, 'num_freqs': 3, 'num_estimators': 64, 'max_depth': 64, 'window_seconds': 9, 'num_subwindows': 18, 'subwindow_freq': 5, 'use_window_slope': False, 'use_subwindow_slope': True, 'use_smote': True, 'smote_k_neighbors': 5}. Best is trial 27 with value: 0.526447344731495.
[0.5149912  0.51109918 0.77518994 0.85819431 0.23019062 0.        ]
[I 2025-11-20 23:58:27,964] Trial 35 finished with value: 0.4816108747036796 and parameters: {'augment_factor': 4, 'chunk_seconds': 3, 'num_freqs': 4, 'num_estimators': 256, 'max_depth': 128, 'window_seconds': 8, 'num_subwindows': 16, 'subwindow_freq': 3, 'use_window_slope': True, 'use_subwindow_slope': True, 'use_smote': True, 'smote_k_neighbors': 7}. Best is trial 27 with value: 0.526447344731495.
[0.52069673 0.49361418 0.7527506  0.8460768  0.13665972 0.        ]
[I 2025-11-21 00:11:54,219] Trial 36 finished with value: 0.45829967135525046 and parameters: {'augment_factor': 4, 'chunk_seconds': 2, 'num_freqs': 8, 'num_estimators': 64, 'max_depth': 64, 'window_seconds': 10, 'num_subwindows': 16, 'subwindow_freq': 1, 'use_window_slope': True, 'use_subwindow_slope': True, 'use_smote': True, 'smote_k_neighbors': 8}. Best is trial 27 with value: 0.526447344731495.
[0.41168735 0.38494769 0.68081318 0.85695039 0.05727067 0.        ]
[I 2025-11-21 00:33:02,999] Trial 37 finished with value: 0.39861154704694196 and parameters: {'augment_factor': 1, 'chunk_seconds': 1, 'num_freqs': 2, 'num_estimators': 64, 'max_depth': 8, 'window_seconds': 9, 'num_subwindows': 13, 'subwindow_freq': 7, 'use_window_slope': False, 'use_subwindow_slope': True, 'use_smote': True, 'smote_k_neighbors': 6}. Best is trial 27 with value: 0.526447344731495.
[0.55572915 0.17564227 0.79273671 0.87099073 0.02342778 0.        ]
[I 2025-11-21 00:35:05,714] Trial 38 finished with value: 0.40308777451566696 and parameters: {'augment_factor': 4, 'chunk_seconds': 8, 'num_freqs': 9, 'num_estimators': 64, 'max_depth': 256, 'window_seconds': 7, 'num_subwindows': 8, 'subwindow_freq': 5, 'use_window_slope': True, 'use_subwindow_slope': True, 'use_smote': False}. Best is trial 27 with value: 0.526447344731495.
[0.66160484 0.30669546 0.78473521 0.85811384 0.0230122  0.        ]
[I 2025-11-21 00:40:46,015] Trial 39 finished with value: 0.4390269244788683 and parameters: {'augment_factor': 8, 'chunk_seconds': 2, 'num_freqs': 4, 'num_estimators': 64, 'max_depth': 64, 'window_seconds': 10, 'num_subwindows': 6, 'subwindow_freq': 8, 'use_window_slope': False, 'use_subwindow_slope': True, 'use_smote': False}. Best is trial 27 with value: 0.526447344731495.
[0.48260251 0.38319692 0.74212852 0.83694059 0.07502069 0.        ]
[I 2025-11-21 00:49:55,494] Trial 40 finished with value: 0.41998153761118173 and parameters: {'augment_factor': 4, 'chunk_seconds': 3, 'num_freqs': 2, 'num_estimators': 16, 'max_depth': 64, 'window_seconds': 8, 'num_subwindows': 17, 'subwindow_freq': 10, 'use_window_slope': True, 'use_subwindow_slope': True, 'use_smote': True, 'smote_k_neighbors': 9}. Best is trial 27 with value: 0.526447344731495.
[0.52753228 0.46861306 0.76001389 0.84239647 0.26863211 0.        ]
[I 2025-11-21 01:10:06,374] Trial 41 finished with value: 0.47786463630301873 and parameters: {'augment_factor': 4, 'chunk_seconds': 1, 'num_freqs': 1, 'num_estimators': 64, 'max_depth': 64, 'window_seconds': 10, 'num_subwindows': 11, 'subwindow_freq': 3, 'use_window_slope': True, 'use_subwindow_slope': True, 'use_smote': True, 'smote_k_neighbors': 7}. Best is trial 27 with value: 0.526447344731495.
[0.56910346 0.48378793 0.75080307 0.83771677 0.05019572 0.        ]
[I 2025-11-21 01:19:25,039] Trial 42 finished with value: 0.44860115921241417 and parameters: {'augment_factor': 4, 'chunk_seconds': 2, 'num_freqs': 3, 'num_estimators': 64, 'max_depth': 64, 'window_seconds': 10, 'num_subwindows': 10, 'subwindow_freq': 1, 'use_window_slope': True, 'use_subwindow_slope': True, 'use_smote': True, 'smote_k_neighbors': 7}. Best is trial 27 with value: 0.526447344731495.
[0.5239761  0.50551698 0.76915566 0.841171   0.45400627 0.        ]
[I 2025-11-21 01:41:04,916] Trial 43 finished with value: 0.5156376676790221 and parameters: {'augment_factor': 4, 'chunk_seconds': 1, 'num_freqs': 1, 'num_estimators': 64, 'max_depth': 64, 'window_seconds': 9, 'num_subwindows': 12, 'subwindow_freq': 3, 'use_window_slope': True, 'use_subwindow_slope': True, 'use_smote': True, 'smote_k_neighbors': 10}. Best is trial 27 with value: 0.526447344731495.
[0.44961408 0.35703791 0.69865555 0.85975736 0.24033195 0.        ]
[I 2025-11-21 02:03:26,583] Trial 44 finished with value: 0.4342328089983912 and parameters: {'augment_factor': 1, 'chunk_seconds': 1, 'num_freqs': 5, 'num_estimators': 32, 'max_depth': 8, 'window_seconds': 9, 'num_subwindows': 14, 'subwindow_freq': 3, 'use_window_slope': True, 'use_subwindow_slope': True, 'use_smote': True, 'smote_k_neighbors': 10}. Best is trial 27 with value: 0.526447344731495.
[0.66102287 0.43017608 0.77713619 0.84478343 0.00708363 0.        ]
[I 2025-11-21 02:31:20,331] Trial 45 finished with value: 0.453367032596552 and parameters: {'augment_factor': 4, 'chunk_seconds': 1, 'num_freqs': 2, 'num_estimators': 256, 'max_depth': 64, 'window_seconds': 9, 'num_subwindows': 15, 'subwindow_freq': 16, 'use_window_slope': True, 'use_subwindow_slope': True, 'use_smote': False}. Best is trial 27 with value: 0.526447344731495.
[0.48648577 0.50249987 0.75812171 0.84605561 0.39038936 0.        ]
[I 2025-11-21 02:42:39,027] Trial 46 finished with value: 0.49725872207329047 and parameters: {'augment_factor': 8, 'chunk_seconds': 2, 'num_freqs': 3, 'num_estimators': 64, 'max_depth': 256, 'window_seconds': 8, 'num_subwindows': 13, 'subwindow_freq': 5, 'use_window_slope': False, 'use_subwindow_slope': True, 'use_smote': True, 'smote_k_neighbors': 9}. Best is trial 27 with value: 0.526447344731495.
[0.25948126 0.06188758 0.4824238  0.80538665 0.31008074 0.        ]
[I 2025-11-21 02:57:13,121] Trial 47 finished with value: 0.31987667287553173 and parameters: {'augment_factor': 4, 'chunk_seconds': 1, 'num_freqs': 5, 'num_estimators': 8, 'max_depth': 4, 'window_seconds': 2, 'num_subwindows': 9, 'subwindow_freq': 3, 'use_window_slope': True, 'use_subwindow_slope': True, 'use_smote': True, 'smote_k_neighbors': 10}. Best is trial 27 with value: 0.526447344731495.
[0.7014482  0.33499323 0.78303057 0.8496929  0.01253796 0.        ]
[I 2025-11-21 03:07:20,241] Trial 48 finished with value: 0.4469504748781689 and parameters: {'augment_factor': 4, 'chunk_seconds': 2, 'num_freqs': 2, 'num_estimators': 64, 'max_depth': 64, 'window_seconds': 10, 'num_subwindows': 12, 'subwindow_freq': 6, 'use_window_slope': True, 'use_subwindow_slope': True, 'use_smote': False}. Best is trial 27 with value: 0.526447344731495.
[0.57105111 0.53499821 0.77511443 0.85682121 0.42107536 0.        ]
[I 2025-11-21 03:18:46,814] Trial 49 finished with value: 0.526510054214282 and parameters: {'augment_factor': 1, 'chunk_seconds': 1, 'num_freqs': 20, 'num_estimators': 32, 'max_depth': 128, 'window_seconds': 9, 'num_subwindows': 5, 'subwindow_freq': 9, 'use_window_slope': True, 'use_subwindow_slope': True, 'use_smote': True, 'smote_k_neighbors': 5}. Best is trial 49 with value: 0.526510054214282.
Skipping probe: too short (len=824, chunk_size=900)
Skipping probe: too short (len=824, chunk_size=900)
Skipping probe: too short (len=824, chunk_size=900)
Skipping probe: too short (len=824, chunk_size=900)
Skipping probe: too short (len=824, chunk_size=900)
[0.45653682 0.13585992 0.74914408 0.82836398 0.08644152 0.        ]
[I 2025-11-21 03:20:08,733] Trial 50 finished with value: 0.37605771934062027 and parameters: {'augment_factor': 1, 'chunk_seconds': 9, 'num_freqs': 20, 'num_estimators': 32, 'max_depth': 128, 'window_seconds': 4, 'num_subwindows': 5, 'subwindow_freq': 9, 'use_window_slope': False, 'use_subwindow_slope': True, 'use_smote': True, 'smote_k_neighbors': 5}. Best is trial 49 with value: 0.526510054214282.
[0.56744357 0.51197366 0.76951715 0.85246829 0.2649318  0.        ]
[I 2025-11-21 03:35:18,871] Trial 51 finished with value: 0.4943890777390689 and parameters: {'augment_factor': 1, 'chunk_seconds': 1, 'num_freqs': 18, 'num_estimators': 32, 'max_depth': 128, 'window_seconds': 9, 'num_subwindows': 7, 'subwindow_freq': 20, 'use_window_slope': True, 'use_subwindow_slope': True, 'use_smote': True, 'smote_k_neighbors': 6}. Best is trial 49 with value: 0.526510054214282.
[0.5311206  0.53077949 0.76193653 0.84159883 0.29162591 0.        ]
[I 2025-11-21 04:07:16,405] Trial 52 finished with value: 0.49284356012945163 and parameters: {'augment_factor': 1, 'chunk_seconds': 1, 'num_freqs': 17, 'num_estimators': 32, 'max_depth': 128, 'window_seconds': 8, 'num_subwindows': 20, 'subwindow_freq': 7, 'use_window_slope': True, 'use_subwindow_slope': True, 'use_smote': True, 'smote_k_neighbors': 2}. Best is trial 49 with value: 0.526510054214282.
[0.50251639 0.52282654 0.77639754 0.84485061 0.47856015 0.        ]
[I 2025-11-21 04:16:50,157] Trial 53 finished with value: 0.5208585363238005 and parameters: {'augment_factor': 1, 'chunk_seconds': 1, 'num_freqs': 14, 'num_estimators': 32, 'max_depth': 64, 'window_seconds': 9, 'num_subwindows': 4, 'subwindow_freq': 4, 'use_window_slope': True, 'use_subwindow_slope': True, 'use_smote': True, 'smote_k_neighbors': 9}. Best is trial 49 with value: 0.526510054214282.
[0.51674246 0.52987982 0.77182459 0.8520713  0.40920315 0.        ]
[I 2025-11-21 04:27:46,051] Trial 54 finished with value: 0.5132868871382791 and parameters: {'augment_factor': 1, 'chunk_seconds': 1, 'num_freqs': 13, 'num_estimators': 32, 'max_depth': 64, 'window_seconds': 9, 'num_subwindows': 5, 'subwindow_freq': 4, 'use_window_slope': True, 'use_subwindow_slope': True, 'use_smote': True, 'smote_k_neighbors': 10}. Best is trial 49 with value: 0.526510054214282.
[0.57925448 0.46527311 0.77311298 0.85322018 0.30887    0.        ]
[I 2025-11-21 04:35:29,867] Trial 55 finished with value: 0.49662179282292507 and parameters: {'augment_factor': 1, 'chunk_seconds': 2, 'num_freqs': 15, 'num_estimators': 32, 'max_depth': 64, 'window_seconds': 10, 'num_subwindows': 8, 'subwindow_freq': 5, 'use_window_slope': True, 'use_subwindow_slope': True, 'use_smote': True, 'smote_k_neighbors': 9}. Best is trial 49 with value: 0.526510054214282.
[0.60202758 0.41214452 0.77982442 0.86579844 0.33216923 0.        ]
[I 2025-11-21 04:37:53,885] Trial 56 finished with value: 0.4986606967384664 and parameters: {'augment_factor': 1, 'chunk_seconds': 3, 'num_freqs': 20, 'num_estimators': 32, 'max_depth': 64, 'window_seconds': 9, 'num_subwindows': 6, 'subwindow_freq': 1, 'use_window_slope': True, 'use_subwindow_slope': False, 'use_smote': True, 'smote_k_neighbors': 8}. Best is trial 49 with value: 0.526510054214282.
[0.56883886 0.50023808 0.76747667 0.85503894 0.28403505 0.        ]
[I 2025-11-21 04:42:53,444] Trial 57 finished with value: 0.49593793182288604 and parameters: {'augment_factor': 1, 'chunk_seconds': 2, 'num_freqs': 18, 'num_estimators': 32, 'max_depth': 128, 'window_seconds': 10, 'num_subwindows': 4, 'subwindow_freq': 4, 'use_window_slope': True, 'use_subwindow_slope': True, 'use_smote': True, 'smote_k_neighbors': 10}. Best is trial 49 with value: 0.526510054214282.
[0.44098223 0.24927522 0.72795714 0.82551457 0.274683   0.        ]
[I 2025-11-21 04:48:36,981] Trial 58 finished with value: 0.4197353588748532 and parameters: {'augment_factor': 8, 'chunk_seconds': 1, 'num_freqs': 14, 'num_estimators': 16, 'max_depth': 64, 'window_seconds': 3, 'num_subwindows': 2, 'subwindow_freq': 3, 'use_window_slope': True, 'use_subwindow_slope': True, 'use_smote': True, 'smote_k_neighbors': 9}. Best is trial 49 with value: 0.526510054214282.
[0.31309904 0.16265804 0.61640621 0.80912178 0.330692   0.        ]
[I 2025-11-21 04:53:52,917] Trial 59 finished with value: 0.37199617824298886 and parameters: {'augment_factor': 4, 'chunk_seconds': 1, 'num_freqs': 4, 'num_estimators': 8, 'max_depth': 4, 'window_seconds': 9, 'num_subwindows': 5, 'subwindow_freq': 2, 'use_window_slope': True, 'use_subwindow_slope': False, 'use_smote': False}. Best is trial 49 with value: 0.526510054214282.
[0.52629432 0.37285779 0.72418678 0.85541757 0.19228274 0.        ]
[I 2025-11-21 05:01:00,158] Trial 60 finished with value: 0.4451732014275563 and parameters: {'augment_factor': 1, 'chunk_seconds': 2, 'num_freqs': 2, 'num_estimators': 64, 'max_depth': 8, 'window_seconds': 10, 'num_subwindows': 7, 'subwindow_freq': 6, 'use_window_slope': True, 'use_subwindow_slope': True, 'use_smote': True, 'smote_k_neighbors': 8}. Best is trial 49 with value: 0.526510054214282.
[0.51697562 0.52759367 0.77365616 0.84848447 0.45450788 0.        ]
[I 2025-11-21 05:11:52,509] Trial 61 finished with value: 0.5202029666417393 and parameters: {'augment_factor': 1, 'chunk_seconds': 1, 'num_freqs': 10, 'num_estimators': 32, 'max_depth': 64, 'window_seconds': 9, 'num_subwindows': 5, 'subwindow_freq': 4, 'use_window_slope': True, 'use_subwindow_slope': True, 'use_smote': True, 'smote_k_neighbors': 10}. Best is trial 49 with value: 0.526510054214282.
[0.54150323 0.51472282 0.76893767 0.84651214 0.43620297 0.        ]
[I 2025-11-21 05:21:23,570] Trial 62 finished with value: 0.5179798064975926 and parameters: {'augment_factor': 1, 'chunk_seconds': 1, 'num_freqs': 10, 'num_estimators': 32, 'max_depth': 64, 'window_seconds': 9, 'num_subwindows': 4, 'subwindow_freq': 5, 'use_window_slope': True, 'use_subwindow_slope': True, 'use_smote': True, 'smote_k_neighbors': 10}. Best is trial 49 with value: 0.526510054214282.
[0.56906821 0.51967724 0.7670177  0.85278376 0.38492887 0.        ]
[I 2025-11-21 05:31:04,874] Trial 63 finished with value: 0.5155792963920849 and parameters: {'augment_factor': 1, 'chunk_seconds': 1, 'num_freqs': 10, 'num_estimators': 32, 'max_depth': 64, 'window_seconds': 10, 'num_subwindows': 4, 'subwindow_freq': 8, 'use_window_slope': True, 'use_subwindow_slope': True, 'use_smote': True, 'smote_k_neighbors': 9}. Best is trial 49 with value: 0.526510054214282.
[0.56033433 0.48778539 0.75603497 0.82340662 0.43364426 0.        ]
[I 2025-11-21 05:34:30,386] Trial 64 finished with value: 0.510200928384061 and parameters: {'augment_factor': 1, 'chunk_seconds': 2, 'num_freqs': 8, 'num_estimators': 32, 'max_depth': 64, 'window_seconds': 9, 'num_subwindows': 2, 'subwindow_freq': 4, 'use_window_slope': True, 'use_subwindow_slope': True, 'use_smote': True, 'smote_k_neighbors': 9}. Best is trial 49 with value: 0.526510054214282.
[0.56158204 0.50531366 0.76918838 0.85037205 0.36989733 0.        ]
[I 2025-11-21 05:40:14,835] Trial 65 finished with value: 0.5093922440535598 and parameters: {'augment_factor': 1, 'chunk_seconds': 1, 'num_freqs': 12, 'num_estimators': 32, 'max_depth': 32, 'window_seconds': 8, 'num_subwindows': 4, 'subwindow_freq': 5, 'use_window_slope': True, 'use_subwindow_slope': False, 'use_smote': True, 'smote_k_neighbors': 10}. Best is trial 49 with value: 0.526510054214282.
[0.53164581 0.49023356 0.76152522 0.84381023 0.24052142 0.        ]
[I 2025-11-21 05:46:29,493] Trial 66 finished with value: 0.4779560403059222 and parameters: {'augment_factor': 1, 'chunk_seconds': 2, 'num_freqs': 8, 'num_estimators': 32, 'max_depth': 64, 'window_seconds': 7, 'num_subwindows': 6, 'subwindow_freq': 5, 'use_window_slope': True, 'use_subwindow_slope': True, 'use_smote': True, 'smote_k_neighbors': 5}. Best is trial 49 with value: 0.526510054214282.
[0.51749636 0.48140938 0.76112684 0.8422932  0.40482222 0.        ]
[I 2025-11-21 05:55:53,972] Trial 67 finished with value: 0.5011913338697211 and parameters: {'augment_factor': 1, 'chunk_seconds': 1, 'num_freqs': 12, 'num_estimators': 32, 'max_depth': 256, 'window_seconds': 6, 'num_subwindows': 4, 'subwindow_freq': 6, 'use_window_slope': True, 'use_subwindow_slope': True, 'use_smote': True, 'smote_k_neighbors': 8}. Best is trial 49 with value: 0.526510054214282.
[0.62259693 0.36905947 0.7997104  0.89115445 0.08555429 0.        ]
[I 2025-11-21 05:58:11,022] Trial 68 finished with value: 0.461345921911777 and parameters: {'augment_factor': 1, 'chunk_seconds': 7, 'num_freqs': 15, 'num_estimators': 256, 'max_depth': 64, 'window_seconds': 9, 'num_subwindows': 5, 'subwindow_freq': 12, 'use_window_slope': True, 'use_subwindow_slope': False, 'use_smote': True, 'smote_k_neighbors': 6}. Best is trial 49 with value: 0.526510054214282.
[0.61273899 0.43009695 0.76482283 0.84907628 0.22168073 0.        ]
[I 2025-11-21 06:05:44,107] Trial 69 finished with value: 0.4797359638478648 and parameters: {'augment_factor': 1, 'chunk_seconds': 2, 'num_freqs': 7, 'num_estimators': 32, 'max_depth': 128, 'window_seconds': 10, 'num_subwindows': 8, 'subwindow_freq': 2, 'use_window_slope': True, 'use_subwindow_slope': True, 'use_smote': True, 'smote_k_neighbors': 8}. Best is trial 49 with value: 0.526510054214282.
[0.55968548 0.50019416 0.77066187 0.84591211 0.41269464 0.        ]
[I 2025-11-21 06:18:51,104] Trial 70 finished with value: 0.5148580457254485 and parameters: {'augment_factor': 1, 'chunk_seconds': 1, 'num_freqs': 10, 'num_estimators': 32, 'max_depth': 64, 'window_seconds': 10, 'num_subwindows': 7, 'subwindow_freq': 7, 'use_window_slope': False, 'use_subwindow_slope': True, 'use_smote': True, 'smote_k_neighbors': 4}. Best is trial 49 with value: 0.526510054214282.
[0.54734097 0.511853   0.75908599 0.8384604  0.2758438  0.        ]
[I 2025-11-21 06:30:23,586] Trial 71 finished with value: 0.48876402718678436 and parameters: {'augment_factor': 4, 'chunk_seconds': 1, 'num_freqs': 1, 'num_estimators': 64, 'max_depth': 64, 'window_seconds': 9, 'num_subwindows': 5, 'subwindow_freq': 3, 'use_window_slope': True, 'use_subwindow_slope': True, 'use_smote': True, 'smote_k_neighbors': 10}. Best is trial 49 with value: 0.526510054214282.
[0.54074341 0.51981476 0.77165719 0.84646799 0.45719427 0.        ]
[I 2025-11-21 06:48:08,175] Trial 72 finished with value: 0.5226462695384392 and parameters: {'augment_factor': 4, 'chunk_seconds': 1, 'num_freqs': 11, 'num_estimators': 64, 'max_depth': 64, 'window_seconds': 8, 'num_subwindows': 9, 'subwindow_freq': 4, 'use_window_slope': True, 'use_subwindow_slope': True, 'use_smote': True, 'smote_k_neighbors': 10}. Best is trial 49 with value: 0.526510054214282.
[0.50403981 0.52683852 0.7766532  0.85107845 0.45449693 0.        ]
[I 2025-11-21 07:05:53,379] Trial 73 finished with value: 0.5188511510012074 and parameters: {'augment_factor': 4, 'chunk_seconds': 1, 'num_freqs': 11, 'num_estimators': 64, 'max_depth': 64, 'window_seconds': 8, 'num_subwindows': 9, 'subwindow_freq': 4, 'use_window_slope': True, 'use_subwindow_slope': True, 'use_smote': True, 'smote_k_neighbors': 10}. Best is trial 49 with value: 0.526510054214282.
[0.48280868 0.48127925 0.7544397  0.83390069 0.35914369 0.        ]
[I 2025-11-21 07:21:37,491] Trial 74 finished with value: 0.48526200221878074 and parameters: {'augment_factor': 4, 'chunk_seconds': 1, 'num_freqs': 9, 'num_estimators': 16, 'max_depth': 64, 'window_seconds': 8, 'num_subwindows': 9, 'subwindow_freq': 4, 'use_window_slope': True, 'use_subwindow_slope': True, 'use_smote': True, 'smote_k_neighbors': 10}. Best is trial 49 with value: 0.526510054214282.
[0.55011902 0.51131256 0.78076442 0.85848331 0.36021653 0.        ]
[I 2025-11-21 07:30:21,018] Trial 75 finished with value: 0.510149308858396 and parameters: {'augment_factor': 8, 'chunk_seconds': 2, 'num_freqs': 11, 'num_estimators': 64, 'max_depth': 64, 'window_seconds': 8, 'num_subwindows': 8, 'subwindow_freq': 9, 'use_window_slope': True, 'use_subwindow_slope': True, 'use_smote': True, 'smote_k_neighbors': 10}. Best is trial 49 with value: 0.526510054214282.
[0.4825583  0.30197069 0.74901576 0.83892044 0.19998426 0.        ]
[I 2025-11-21 07:31:49,612] Trial 76 finished with value: 0.4287415760545175 and parameters: {'augment_factor': 4, 'chunk_seconds': 5, 'num_freqs': 13, 'num_estimators': 8, 'max_depth': 64, 'window_seconds': 7, 'num_subwindows': 6, 'subwindow_freq': 6, 'use_window_slope': True, 'use_subwindow_slope': False, 'use_smote': True, 'smote_k_neighbors': 9}. Best is trial 49 with value: 0.526510054214282.
[0.51148209 0.50520675 0.76279386 0.84144776 0.41331755 0.        ]
[I 2025-11-21 07:48:19,881] Trial 77 finished with value: 0.5057080011161462 and parameters: {'augment_factor': 4, 'chunk_seconds': 1, 'num_freqs': 10, 'num_estimators': 32, 'max_depth': 32, 'window_seconds': 7, 'num_subwindows': 9, 'subwindow_freq': 5, 'use_window_slope': True, 'use_subwindow_slope': True, 'use_smote': True, 'smote_k_neighbors': 9}. Best is trial 49 with value: 0.526510054214282.
[0.59402138 0.48192799 0.77948977 0.86490414 0.26903272 0.        ]
[I 2025-11-21 07:53:08,100] Trial 78 finished with value: 0.49822933292016264 and parameters: {'augment_factor': 1, 'chunk_seconds': 3, 'num_freqs': 12, 'num_estimators': 64, 'max_depth': 64, 'window_seconds': 8, 'num_subwindows': 6, 'subwindow_freq': 8, 'use_window_slope': True, 'use_subwindow_slope': True, 'use_smote': True, 'smote_k_neighbors': 10}. Best is trial 49 with value: 0.526510054214282.
[0.23858066 0.39511341 0.68653762 0.84398941 0.35156859 0.        ]
[I 2025-11-21 08:00:35,643] Trial 79 finished with value: 0.41929828192193236 and parameters: {'augment_factor': 4, 'chunk_seconds': 2, 'num_freqs': 19, 'num_estimators': 256, 'max_depth': 4, 'window_seconds': 9, 'num_subwindows': 8, 'subwindow_freq': 4, 'use_window_slope': True, 'use_subwindow_slope': True, 'use_smote': False}. Best is trial 49 with value: 0.526510054214282.
[0.61463517 0.50976344 0.78125752 0.85357393 0.44759037 0.        ]
[I 2025-11-21 08:09:31,982] Trial 80 finished with value: 0.5344700704007174 and parameters: {'augment_factor': 1, 'chunk_seconds': 1, 'num_freqs': 9, 'num_estimators': 64, 'max_depth': 64, 'window_seconds': 9, 'num_subwindows': 7, 'subwindow_freq': 7, 'use_window_slope': True, 'use_subwindow_slope': False, 'use_smote': True, 'smote_k_neighbors': 10}. Best is trial 80 with value: 0.5344700704007174.
[0.63174582 0.50290438 0.78692437 0.86121949 0.46319024 0.        ]
[I 2025-11-21 08:18:30,190] Trial 81 finished with value: 0.5409973847361759 and parameters: {'augment_factor': 1, 'chunk_seconds': 1, 'num_freqs': 9, 'num_estimators': 64, 'max_depth': 64, 'window_seconds': 9, 'num_subwindows': 7, 'subwindow_freq': 7, 'use_window_slope': True, 'use_subwindow_slope': False, 'use_smote': True, 'smote_k_neighbors': 10}. Best is trial 81 with value: 0.5409973847361759.
[0.57620169 0.47908227 0.78460367 0.85966098 0.45869741 0.        ]
[I 2025-11-21 08:29:12,938] Trial 82 finished with value: 0.5263743359925952 and parameters: {'augment_factor': 1, 'chunk_seconds': 1, 'num_freqs': 9, 'num_estimators': 64, 'max_depth': 64, 'window_seconds': 9, 'num_subwindows': 9, 'subwindow_freq': 10, 'use_window_slope': True, 'use_subwindow_slope': False, 'use_smote': True, 'smote_k_neighbors': 10}. Best is trial 81 with value: 0.5409973847361759.
[0.55745582 0.49058143 0.78328439 0.85591835 0.45990636 0.        ]
[I 2025-11-21 08:39:58,398] Trial 83 finished with value: 0.5245243939367398 and parameters: {'augment_factor': 1, 'chunk_seconds': 1, 'num_freqs': 9, 'num_estimators': 64, 'max_depth': 64, 'window_seconds': 8, 'num_subwindows': 9, 'subwindow_freq': 11, 'use_window_slope': True, 'use_subwindow_slope': False, 'use_smote': True, 'smote_k_neighbors': 10}. Best is trial 81 with value: 0.5409973847361759.
[0.52876712 0.5034642  0.78253246 0.85128661 0.45099303 0.        ]
[I 2025-11-21 08:51:22,743] Trial 84 finished with value: 0.5195072378193251 and parameters: {'augment_factor': 1, 'chunk_seconds': 1, 'num_freqs': 9, 'num_estimators': 64, 'max_depth': 64, 'window_seconds': 8, 'num_subwindows': 10, 'subwindow_freq': 11, 'use_window_slope': True, 'use_subwindow_slope': False, 'use_smote': True, 'smote_k_neighbors': 9}. Best is trial 81 with value: 0.5409973847361759.
[0.53029678 0.45283226 0.78149047 0.85997298 0.37791236 0.        ]
[I 2025-11-21 08:57:16,883] Trial 85 finished with value: 0.5004174757322343 and parameters: {'augment_factor': 1, 'chunk_seconds': 2, 'num_freqs': 8, 'num_estimators': 64, 'max_depth': 64, 'window_seconds': 9, 'num_subwindows': 11, 'subwindow_freq': 10, 'use_window_slope': True, 'use_subwindow_slope': False, 'use_smote': True, 'smote_k_neighbors': 10}. Best is trial 81 with value: 0.5409973847361759.
[0.51074711 0.29312885 0.7067491  0.87057232 0.32568928 0.        ]
[I 2025-11-21 09:05:10,379] Trial 86 finished with value: 0.4511477769170957 and parameters: {'augment_factor': 1, 'chunk_seconds': 1, 'num_freqs': 9, 'num_estimators': 64, 'max_depth': 8, 'window_seconds': 9, 'num_subwindows': 7, 'subwindow_freq': 13, 'use_window_slope': True, 'use_subwindow_slope': False, 'use_smote': True, 'smote_k_neighbors': 9}. Best is trial 81 with value: 0.5409973847361759.
[0.58787813 0.4882393  0.77427413 0.86099286 0.24175603 0.        ]
[I 2025-11-21 09:09:32,653] Trial 87 finished with value: 0.4921900750710275 and parameters: {'augment_factor': 1, 'chunk_seconds': 2, 'num_freqs': 8, 'num_estimators': 64, 'max_depth': 128, 'window_seconds': 9, 'num_subwindows': 8, 'subwindow_freq': 11, 'use_window_slope': False, 'use_subwindow_slope': False, 'use_smote': True, 'smote_k_neighbors': 10}. Best is trial 81 with value: 0.5409973847361759.
Skipping probe: too short (len=824, chunk_size=1000)
Skipping probe: too short (len=824, chunk_size=1000)
Skipping probe: too short (len=824, chunk_size=1000)
Skipping probe: too short (len=824, chunk_size=1000)
Skipping probe: too short (len=824, chunk_size=1000)
[0.53410722 0.12024884 0.77326882 0.85221296 0.05715994 0.        ]
[I 2025-11-21 09:10:51,729] Trial 88 finished with value: 0.3894996296809259 and parameters: {'augment_factor': 1, 'chunk_seconds': 10, 'num_freqs': 7, 'num_estimators': 64, 'max_depth': 256, 'window_seconds': 8, 'num_subwindows': 10, 'subwindow_freq': 12, 'use_window_slope': True, 'use_subwindow_slope': False, 'use_smote': True, 'smote_k_neighbors': 10}. Best is trial 81 with value: 0.5409973847361759.
[0.5926211  0.45591531 0.77970733 0.85555974 0.44275357 0.        ]
[I 2025-11-21 09:19:13,135] Trial 89 finished with value: 0.5210928428351271 and parameters: {'augment_factor': 1, 'chunk_seconds': 1, 'num_freqs': 6, 'num_estimators': 64, 'max_depth': 64, 'window_seconds': 9, 'num_subwindows': 6, 'subwindow_freq': 9, 'use_window_slope': True, 'use_subwindow_slope': False, 'use_smote': True, 'smote_k_neighbors': 9}. Best is trial 81 with value: 0.5409973847361759.
[0.50727359 0.47816336 0.77447578 0.84842715 0.43500718 0.        ]
[I 2025-11-21 09:28:02,076] Trial 90 finished with value: 0.5072245103261265 and parameters: {'augment_factor': 1, 'chunk_seconds': 1, 'num_freqs': 7, 'num_estimators': 64, 'max_depth': 64, 'window_seconds': 6, 'num_subwindows': 7, 'subwindow_freq': 9, 'use_window_slope': True, 'use_subwindow_slope': False, 'use_smote': True, 'smote_k_neighbors': 9}. Best is trial 81 with value: 0.5409973847361759.
[0.64015217 0.47105609 0.78825119 0.85452611 0.46812788 0.        ]
[I 2025-11-21 09:36:45,115] Trial 91 finished with value: 0.5370189055886703 and parameters: {'augment_factor': 1, 'chunk_seconds': 1, 'num_freqs': 9, 'num_estimators': 64, 'max_depth': 64, 'window_seconds': 9, 'num_subwindows': 6, 'subwindow_freq': 10, 'use_window_slope': True, 'use_subwindow_slope': False, 'use_smote': True, 'smote_k_neighbors': 10}. Best is trial 81 with value: 0.5409973847361759.
[0.60732655 0.47871904 0.78490236 0.8539651  0.44142972 0.        ]
[I 2025-11-21 09:45:24,142] Trial 92 finished with value: 0.5277237942587757 and parameters: {'augment_factor': 1, 'chunk_seconds': 1, 'num_freqs': 6, 'num_estimators': 64, 'max_depth': 64, 'window_seconds': 9, 'num_subwindows': 6, 'subwindow_freq': 10, 'use_window_slope': True, 'use_subwindow_slope': False, 'use_smote': True, 'smote_k_neighbors': 10}. Best is trial 81 with value: 0.5409973847361759.
[0.58659331 0.46518035 0.78053095 0.85628178 0.43097095 0.        ]
[I 2025-11-21 09:54:04,309] Trial 93 finished with value: 0.5199262231071605 and parameters: {'augment_factor': 1, 'chunk_seconds': 1, 'num_freqs': 6, 'num_estimators': 64, 'max_depth': 64, 'window_seconds': 9, 'num_subwindows': 6, 'subwindow_freq': 10, 'use_window_slope': True, 'use_subwindow_slope': False, 'use_smote': True, 'smote_k_neighbors': 10}. Best is trial 81 with value: 0.5409973847361759.
[0.5684659  0.45842497 0.78355726 0.8572273  0.39279405 0.        ]
[I 2025-11-21 10:04:14,677] Trial 94 finished with value: 0.5100782458636713 and parameters: {'augment_factor': 1, 'chunk_seconds': 1, 'num_freqs': 6, 'num_estimators': 64, 'max_depth': 64, 'window_seconds': 9, 'num_subwindows': 9, 'subwindow_freq': 9, 'use_window_slope': True, 'use_subwindow_slope': False, 'use_smote': True, 'smote_k_neighbors': 10}. Best is trial 81 with value: 0.5409973847361759.
[0.62483561 0.52268182 0.78901734 0.85957022 0.47043552 0.        ]
[I 2025-11-21 10:13:15,903] Trial 95 finished with value: 0.5444234174053213 and parameters: {'augment_factor': 1, 'chunk_seconds': 1, 'num_freqs': 5, 'num_estimators': 64, 'max_depth': 64, 'window_seconds': 8, 'num_subwindows': 7, 'subwindow_freq': 10, 'use_window_slope': True, 'use_subwindow_slope': False, 'use_smote': True, 'smote_k_neighbors': 10}. Best is trial 95 with value: 0.5444234174053213.
[0.67098589 0.41156438 0.79692242 0.8697847  0.01735258 0.        ]
[I 2025-11-21 10:16:47,498] Trial 96 finished with value: 0.4611016609639158 and parameters: {'augment_factor': 1, 'chunk_seconds': 2, 'num_freqs': 5, 'num_estimators': 64, 'max_depth': 128, 'window_seconds': 7, 'num_subwindows': 7, 'subwindow_freq': 11, 'use_window_slope': True, 'use_subwindow_slope': False, 'use_smote': False}. Best is trial 95 with value: 0.5444234174053213.
[0.55983366 0.48107862 0.79442668 0.86527732 0.47634209 0.        ]
[I 2025-11-21 10:26:35,441] Trial 97 finished with value: 0.5294930617240265 and parameters: {'augment_factor': 1, 'chunk_seconds': 1, 'num_freqs': 9, 'num_estimators': 64, 'max_depth': 64, 'window_seconds': 8, 'num_subwindows': 8, 'subwindow_freq': 10, 'use_window_slope': True, 'use_subwindow_slope': False, 'use_smote': True, 'smote_k_neighbors': 5}. Best is trial 95 with value: 0.5444234174053213.
[0.59716499 0.44841202 0.78033777 0.86324406 0.28065471 0.        ]
[I 2025-11-21 10:31:31,281] Trial 98 finished with value: 0.4949689248855605 and parameters: {'augment_factor': 1, 'chunk_seconds': 2, 'num_freqs': 9, 'num_estimators': 64, 'max_depth': 64, 'window_seconds': 8, 'num_subwindows': 8, 'subwindow_freq': 10, 'use_window_slope': True, 'use_subwindow_slope': False, 'use_smote': True, 'smote_k_neighbors': 5}. Best is trial 95 with value: 0.5444234174053213.
[0.47749874 0.45137117 0.76784343 0.84561091 0.40068799 0.        ]
[I 2025-11-21 10:40:41,859] Trial 99 finished with value: 0.4905020386720653 and parameters: {'augment_factor': 1, 'chunk_seconds': 1, 'num_freqs': 8, 'num_estimators': 64, 'max_depth': 64, 'window_seconds': 5, 'num_subwindows': 7, 'subwindow_freq': 11, 'use_window_slope': True, 'use_subwindow_slope': False, 'use_smote': True, 'smote_k_neighbors': 5}. Best is trial 95 with value: 0.5444234174053213.
{'augment_factor': 1, 'chunk_seconds': 1, 'num_freqs': 5, 'num_estimators': 64, 'max_depth': 64, 'window_seconds': 8, 'num_subwindows': 7, 'subwindow_freq': 10, 'use_window_slope': True, 'use_subwindow_slope': False, 'use_smote': True, 'smote_k_neighbors': 10}
Job finished at: Fri Nov 21 10:40:43 EST 2025
