uv version: uv 0.9.5
Running on host: gpu04.cluster
Job started at: Wed Apr  1 09:47:31 EDT 2026
Running job ID: 745843
Loading Data...
Skipping probe: too short (len=443, chunk_size=675)
Skipping probe: too short (len=542, chunk_size=675)
Skipping probe: too short (len=606, chunk_size=675)
Skipping probe: too short (len=466, chunk_size=675)
[0.02795331 0.05235554 0.76304681 0.77445934 0.         0.        ]
[I 2026-04-01 09:55:26,709] Trial 0 finished with value: 0.269635834643611 and parameters: {'augment_factor': 4, 'window_seconds': 16, 'chunk_seconds': 6.75, 'num_freqs': 28, 'num_estimators': 64, 'max_depth': 16, 'num_subwindows': 2, 'subwindow_freq': 26, 'use_window_slope': True, 'use_subwindow_slope': True, 'use_smote': True, 'smote_k_neighbors': 6}. Best is trial 0 with value: 0.269635834643611.
Skipping probe: too short (len=708, chunk_size=1150)
Skipping probe: too short (len=870, chunk_size=1150)
Skipping probe: too short (len=1063, chunk_size=1150)
Skipping probe: too short (len=913, chunk_size=1150)
Skipping probe: too short (len=824, chunk_size=1150)
[0.         0.         0.67575908 0.49331936 0.         0.        ]
[I 2026-04-01 10:08:39,470] Trial 1 finished with value: 0.19484640699663566 and parameters: {'augment_factor': 3, 'window_seconds': 14, 'chunk_seconds': 11.5, 'num_freqs': 25, 'num_estimators': 512, 'max_depth': 128, 'num_subwindows': 18, 'subwindow_freq': 29, 'use_window_slope': True, 'use_subwindow_slope': True, 'use_smote': False}. Best is trial 0 with value: 0.269635834643611.
Skipping probe: too short (len=1405, chunk_size=2450)
Skipping probe: too short (len=2254, chunk_size=2450)
Skipping probe: too short (len=462, chunk_size=2450)
Skipping probe: too short (len=1652, chunk_size=2450)
Skipping probe: too short (len=1675, chunk_size=2450)
Skipping probe: too short (len=1304, chunk_size=2450)
Skipping probe: too short (len=1498, chunk_size=2450)
Skipping probe: too short (len=1212, chunk_size=2450)
Skipping probe: too short (len=1022, chunk_size=2450)
Skipping probe: too short (len=1672, chunk_size=2450)
Skipping probe: too short (len=2169, chunk_size=2450)
Skipping probe: too short (len=2274, chunk_size=2450)
Skipping probe: too short (len=1828, chunk_size=2450)
Skipping probe: too short (len=637, chunk_size=2450)
Skipping probe: too short (len=1088, chunk_size=2450)
Skipping probe: too short (len=1002, chunk_size=2450)
Skipping probe: too short (len=819, chunk_size=2450)
Skipping probe: too short (len=1174, chunk_size=2450)
Skipping probe: too short (len=715, chunk_size=2450)
Skipping probe: too short (len=1224, chunk_size=2450)
Skipping probe: too short (len=2387, chunk_size=2450)
Skipping probe: too short (len=1247, chunk_size=2450)
Skipping probe: too short (len=573, chunk_size=2450)
Skipping probe: too short (len=364, chunk_size=2450)
Skipping probe: too short (len=2170, chunk_size=2450)
Skipping probe: too short (len=1865, chunk_size=2450)
Skipping probe: too short (len=1011, chunk_size=2450)
Skipping probe: too short (len=761, chunk_size=2450)
Skipping probe: too short (len=620, chunk_size=2450)
Skipping probe: too short (len=1791, chunk_size=2450)
Skipping probe: too short (len=1319, chunk_size=2450)
Skipping probe: too short (len=726, chunk_size=2450)
Skipping probe: too short (len=1110, chunk_size=2450)
Skipping probe: too short (len=799, chunk_size=2450)
Skipping probe: too short (len=1521, chunk_size=2450)
Skipping probe: too short (len=1022, chunk_size=2450)
Skipping probe: too short (len=839, chunk_size=2450)
Skipping probe: too short (len=824, chunk_size=2450)
[0.         0.         0.64689525 0.3417333  0.         0.        ]
[I 2026-04-01 10:21:13,532] Trial 2 finished with value: 0.16477142655484897 and parameters: {'augment_factor': 6, 'window_seconds': 29, 'chunk_seconds': 24.5, 'num_freqs': 7, 'num_estimators': 64, 'max_depth': 256, 'num_subwindows': 21, 'subwindow_freq': 15, 'use_window_slope': True, 'use_subwindow_slope': True, 'use_smote': True, 'smote_k_neighbors': 15}. Best is trial 0 with value: 0.269635834643611.
Skipping probe: too short (len=660, chunk_size=975)
Skipping probe: too short (len=911, chunk_size=975)
Skipping probe: too short (len=743, chunk_size=975)
Skipping probe: too short (len=930, chunk_size=975)
Skipping probe: too short (len=923, chunk_size=975)
Skipping probe: too short (len=288, chunk_size=975)
Skipping probe: too short (len=672, chunk_size=975)
Skipping probe: too short (len=298, chunk_size=975)
Skipping probe: too short (len=604, chunk_size=975)
Skipping probe: too short (len=817, chunk_size=975)
Skipping probe: too short (len=736, chunk_size=975)
Skipping probe: too short (len=688, chunk_size=975)
Skipping probe: too short (len=611, chunk_size=975)
Skipping probe: too short (len=544, chunk_size=975)
Skipping probe: too short (len=735, chunk_size=975)
Skipping probe: too short (len=753, chunk_size=975)
Skipping probe: too short (len=578, chunk_size=975)
Skipping probe: too short (len=686, chunk_size=975)
Skipping probe: too short (len=458, chunk_size=975)
Skipping probe: too short (len=778, chunk_size=975)
Skipping probe: too short (len=610, chunk_size=975)
Skipping probe: too short (len=773, chunk_size=975)
Skipping probe: too short (len=769, chunk_size=975)
Skipping probe: too short (len=773, chunk_size=975)
Skipping probe: too short (len=953, chunk_size=975)
Skipping probe: too short (len=405, chunk_size=975)
Skipping probe: too short (len=679, chunk_size=975)
Skipping probe: too short (len=777, chunk_size=975)
Skipping probe: too short (len=887, chunk_size=975)
Skipping probe: too short (len=719, chunk_size=975)
Skipping probe: too short (len=702, chunk_size=975)
Skipping probe: too short (len=764, chunk_size=975)
Skipping probe: too short (len=876, chunk_size=975)
Skipping probe: too short (len=862, chunk_size=975)
Skipping probe: too short (len=647, chunk_size=975)
Skipping probe: too short (len=885, chunk_size=975)
Skipping probe: too short (len=883, chunk_size=975)
Skipping probe: too short (len=532, chunk_size=975)
Skipping probe: too short (len=633, chunk_size=975)
Skipping probe: too short (len=95, chunk_size=975)
Skipping probe: too short (len=851, chunk_size=975)
Skipping probe: too short (len=631, chunk_size=975)
Skipping probe: too short (len=891, chunk_size=975)
Skipping probe: too short (len=668, chunk_size=975)
Skipping probe: too short (len=726, chunk_size=975)
Skipping probe: too short (len=488, chunk_size=975)
Skipping probe: too short (len=852, chunk_size=975)
Skipping probe: too short (len=827, chunk_size=975)
Skipping probe: too short (len=766, chunk_size=975)
Skipping probe: too short (len=504, chunk_size=975)
Skipping probe: too short (len=469, chunk_size=975)
Skipping probe: too short (len=461, chunk_size=975)
Skipping probe: too short (len=502, chunk_size=975)
Skipping probe: too short (len=878, chunk_size=975)
Skipping probe: too short (len=683, chunk_size=975)
Skipping probe: too short (len=749, chunk_size=975)
Skipping probe: too short (len=842, chunk_size=975)
Skipping probe: too short (len=624, chunk_size=975)
Skipping probe: too short (len=875, chunk_size=975)
Skipping probe: too short (len=604, chunk_size=975)
Skipping probe: too short (len=604, chunk_size=975)
Skipping probe: too short (len=963, chunk_size=975)
Skipping probe: too short (len=813, chunk_size=975)
Skipping probe: too short (len=910, chunk_size=975)
Skipping probe: too short (len=795, chunk_size=975)
Skipping probe: too short (len=547, chunk_size=975)
Skipping probe: too short (len=660, chunk_size=975)
Skipping probe: too short (len=863, chunk_size=975)
Skipping probe: too short (len=470, chunk_size=975)
Skipping probe: too short (len=940, chunk_size=975)
Skipping probe: too short (len=683, chunk_size=975)
Skipping probe: too short (len=460, chunk_size=975)
Skipping probe: too short (len=551, chunk_size=975)
Skipping probe: too short (len=711, chunk_size=975)
Skipping probe: too short (len=906, chunk_size=975)
Skipping probe: too short (len=592, chunk_size=975)
Skipping probe: too short (len=765, chunk_size=975)
Skipping probe: too short (len=418, chunk_size=975)
Skipping probe: too short (len=721, chunk_size=975)
Skipping probe: too short (len=898, chunk_size=975)
Skipping probe: too short (len=432, chunk_size=975)
Skipping probe: too short (len=786, chunk_size=975)
Skipping probe: too short (len=956, chunk_size=975)
Skipping probe: too short (len=500, chunk_size=975)
Skipping probe: too short (len=482, chunk_size=975)
Skipping probe: too short (len=922, chunk_size=975)
Skipping probe: too short (len=840, chunk_size=975)
Skipping probe: too short (len=818, chunk_size=975)
Skipping probe: too short (len=824, chunk_size=975)
[0.04833086 0.08790032 0.63127936 0.40737024 0.         0.        ]
[I 2026-04-02 04:05:07,775] Trial 3 finished with value: 0.19581346475734998 and parameters: {'augment_factor': 64, 'window_seconds': 15, 'chunk_seconds': 9.75, 'num_freqs': 9, 'num_estimators': 512, 'max_depth': 64, 'num_subwindows': 22, 'subwindow_freq': 15, 'use_window_slope': True, 'use_subwindow_slope': True, 'use_smote': True, 'smote_k_neighbors': 12}. Best is trial 0 with value: 0.269635834643611.
Skipping probe: too short (len=157, chunk_size=190)
[0.04852251 0.03872341 0.53733459 0.41448459 0.04254819 0.        ]
[I 2026-04-02 22:21:02,598] Trial 4 finished with value: 0.18026888153611628 and parameters: {'augment_factor': 64, 'window_seconds': 3, 'chunk_seconds': 1.9000000000000001, 'num_freqs': 17, 'num_estimators': 64, 'max_depth': 8, 'num_subwindows': 19, 'subwindow_freq': 7, 'use_window_slope': False, 'use_subwindow_slope': True, 'use_smote': True, 'smote_k_neighbors': 30}. Best is trial 0 with value: 0.269635834643611.
Skipping probe: too short (len=614, chunk_size=720)
Skipping probe: too short (len=597, chunk_size=720)
Skipping probe: too short (len=229, chunk_size=720)
Skipping probe: too short (len=476, chunk_size=720)
Skipping probe: too short (len=696, chunk_size=720)
Skipping probe: too short (len=513, chunk_size=720)
Skipping probe: too short (len=662, chunk_size=720)
[0.03637984 0.01475963 0.64815531 0.31438115 0.         0.        ]
[I 2026-04-02 22:44:10,283] Trial 5 finished with value: 0.168945987486537 and parameters: {'augment_factor': 12, 'window_seconds': 9, 'chunk_seconds': 7.2, 'num_freqs': 16, 'num_estimators': 64, 'max_depth': 512, 'num_subwindows': 18, 'subwindow_freq': 3, 'use_window_slope': True, 'use_subwindow_slope': False, 'use_smote': False}. Best is trial 0 with value: 0.269635834643611.
Skipping probe: too short (len=447, chunk_size=990)
Skipping probe: too short (len=909, chunk_size=990)
Skipping probe: too short (len=620, chunk_size=990)
Skipping probe: too short (len=753, chunk_size=990)
Skipping probe: too short (len=431, chunk_size=990)
Skipping probe: too short (len=676, chunk_size=990)
Skipping probe: too short (len=690, chunk_size=990)
Skipping probe: too short (len=672, chunk_size=990)
Skipping probe: too short (len=824, chunk_size=990)
[0.         0.         0.70440721 0.59754042 0.         0.        ]
[I 2026-04-02 22:51:07,542] Trial 6 finished with value: 0.2169912712526668 and parameters: {'augment_factor': 6, 'window_seconds': 14, 'chunk_seconds': 9.9, 'num_freqs': 19, 'num_estimators': 128, 'max_depth': 64, 'num_subwindows': 8, 'subwindow_freq': 7, 'use_window_slope': True, 'use_subwindow_slope': False, 'use_smote': False}. Best is trial 0 with value: 0.269635834643611.
Skipping probe: too short (len=1182, chunk_size=2450)
Skipping probe: too short (len=1637, chunk_size=2450)
Skipping probe: too short (len=2034, chunk_size=2450)
Skipping probe: too short (len=1093, chunk_size=2450)
Skipping probe: too short (len=852, chunk_size=2450)
Skipping probe: too short (len=2111, chunk_size=2450)
Skipping probe: too short (len=1624, chunk_size=2450)
Skipping probe: too short (len=1587, chunk_size=2450)
Skipping probe: too short (len=1457, chunk_size=2450)
Skipping probe: too short (len=1977, chunk_size=2450)
Skipping probe: too short (len=2415, chunk_size=2450)
Skipping probe: too short (len=1199, chunk_size=2450)
Skipping probe: too short (len=773, chunk_size=2450)
Skipping probe: too short (len=1453, chunk_size=2450)
Skipping probe: too short (len=1211, chunk_size=2450)
Skipping probe: too short (len=626, chunk_size=2450)
Skipping probe: too short (len=1300, chunk_size=2450)
Skipping probe: too short (len=790, chunk_size=2450)
Skipping probe: too short (len=846, chunk_size=2450)
Skipping probe: too short (len=1147, chunk_size=2450)
Skipping probe: too short (len=846, chunk_size=2450)
Skipping probe: too short (len=1534, chunk_size=2450)
Skipping probe: too short (len=1000, chunk_size=2450)
Skipping probe: too short (len=2253, chunk_size=2450)
Skipping probe: too short (len=448, chunk_size=2450)
Skipping probe: too short (len=1322, chunk_size=2450)
Skipping probe: too short (len=1257, chunk_size=2450)
Skipping probe: too short (len=864, chunk_size=2450)
Skipping probe: too short (len=1670, chunk_size=2450)
Skipping probe: too short (len=1541, chunk_size=2450)
Skipping probe: too short (len=442, chunk_size=2450)
Skipping probe: too short (len=1111, chunk_size=2450)
Skipping probe: too short (len=1323, chunk_size=2450)
Skipping probe: too short (len=404, chunk_size=2450)
Skipping probe: too short (len=1304, chunk_size=2450)
Skipping probe: too short (len=1919, chunk_size=2450)
Skipping probe: too short (len=1158, chunk_size=2450)
Skipping probe: too short (len=1783, chunk_size=2450)
Skipping probe: too short (len=2008, chunk_size=2450)
Skipping probe: too short (len=913, chunk_size=2450)
Skipping probe: too short (len=2370, chunk_size=2450)
Skipping probe: too short (len=1514, chunk_size=2450)
Skipping probe: too short (len=1204, chunk_size=2450)
Skipping probe: too short (len=1675, chunk_size=2450)
Skipping probe: too short (len=1304, chunk_size=2450)
Skipping probe: too short (len=2295, chunk_size=2450)
Skipping probe: too short (len=1278, chunk_size=2450)
Skipping probe: too short (len=940, chunk_size=2450)
Skipping probe: too short (len=649, chunk_size=2450)
Skipping probe: too short (len=1181, chunk_size=2450)
Skipping probe: too short (len=1262, chunk_size=2450)
Skipping probe: too short (len=825, chunk_size=2450)
Skipping probe: too short (len=1145, chunk_size=2450)
Skipping probe: too short (len=2065, chunk_size=2450)
Skipping probe: too short (len=1473, chunk_size=2450)
Skipping probe: too short (len=2331, chunk_size=2450)
Skipping probe: too short (len=1242, chunk_size=2450)
Skipping probe: too short (len=2058, chunk_size=2450)
Skipping probe: too short (len=1342, chunk_size=2450)
Skipping probe: too short (len=1600, chunk_size=2450)
Skipping probe: too short (len=875, chunk_size=2450)
Skipping probe: too short (len=1279, chunk_size=2450)
Skipping probe: too short (len=2392, chunk_size=2450)
Skipping probe: too short (len=605, chunk_size=2450)
Skipping probe: too short (len=612, chunk_size=2450)
Skipping probe: too short (len=1523, chunk_size=2450)
Skipping probe: too short (len=2160, chunk_size=2450)
Skipping probe: too short (len=1298, chunk_size=2450)
Skipping probe: too short (len=969, chunk_size=2450)
Skipping probe: too short (len=1097, chunk_size=2450)
Skipping probe: too short (len=515, chunk_size=2450)
Skipping probe: too short (len=2247, chunk_size=2450)
Skipping probe: too short (len=1026, chunk_size=2450)
Skipping probe: too short (len=2213, chunk_size=2450)
Skipping probe: too short (len=956, chunk_size=2450)
Skipping probe: too short (len=1384, chunk_size=2450)
Skipping probe: too short (len=889, chunk_size=2450)
Skipping probe: too short (len=2327, chunk_size=2450)
Skipping probe: too short (len=2295, chunk_size=2450)
Skipping probe: too short (len=2281, chunk_size=2450)
Skipping probe: too short (len=1220, chunk_size=2450)
Skipping probe: too short (len=2031, chunk_size=2450)
Skipping probe: too short (len=2008, chunk_size=2450)
Skipping probe: too short (len=1545, chunk_size=2450)
Skipping probe: too short (len=1446, chunk_size=2450)
Skipping probe: too short (len=1469, chunk_size=2450)
Skipping probe: too short (len=750, chunk_size=2450)
Skipping probe: too short (len=1387, chunk_size=2450)
Skipping probe: too short (len=856, chunk_size=2450)
Skipping probe: too short (len=1935, chunk_size=2450)
Skipping probe: too short (len=1905, chunk_size=2450)
Skipping probe: too short (len=1880, chunk_size=2450)
Skipping probe: too short (len=327, chunk_size=2450)
Skipping probe: too short (len=2285, chunk_size=2450)
Skipping probe: too short (len=1879, chunk_size=2450)
Skipping probe: too short (len=1683, chunk_size=2450)
Skipping probe: too short (len=2096, chunk_size=2450)
Skipping probe: too short (len=1902, chunk_size=2450)
Skipping probe: too short (len=370, chunk_size=2450)
Skipping probe: too short (len=1622, chunk_size=2450)
Skipping probe: too short (len=1772, chunk_size=2450)
Skipping probe: too short (len=934, chunk_size=2450)
Skipping probe: too short (len=702, chunk_size=2450)
Skipping probe: too short (len=1342, chunk_size=2450)
Skipping probe: too short (len=890, chunk_size=2450)
Skipping probe: too short (len=2307, chunk_size=2450)
Skipping probe: too short (len=823, chunk_size=2450)
Skipping probe: too short (len=722, chunk_size=2450)
Skipping probe: too short (len=1699, chunk_size=2450)
Skipping probe: too short (len=1408, chunk_size=2450)
Skipping probe: too short (len=785, chunk_size=2450)
Skipping probe: too short (len=1248, chunk_size=2450)
Skipping probe: too short (len=1447, chunk_size=2450)
Skipping probe: too short (len=1686, chunk_size=2450)
Skipping probe: too short (len=2254, chunk_size=2450)
Skipping probe: too short (len=915, chunk_size=2450)
Skipping probe: too short (len=1122, chunk_size=2450)
Skipping probe: too short (len=1893, chunk_size=2450)
Skipping probe: too short (len=678, chunk_size=2450)
Skipping probe: too short (len=2337, chunk_size=2450)
Skipping probe: too short (len=1551, chunk_size=2450)
Skipping probe: too short (len=2160, chunk_size=2450)
Skipping probe: too short (len=835, chunk_size=2450)
Skipping probe: too short (len=1988, chunk_size=2450)
Skipping probe: too short (len=797, chunk_size=2450)
Skipping probe: too short (len=1187, chunk_size=2450)
Skipping probe: too short (len=1093, chunk_size=2450)
Skipping probe: too short (len=1420, chunk_size=2450)
Skipping probe: too short (len=362, chunk_size=2450)
Skipping probe: too short (len=1489, chunk_size=2450)
Skipping probe: too short (len=913, chunk_size=2450)
Skipping probe: too short (len=679, chunk_size=2450)
Skipping probe: too short (len=2177, chunk_size=2450)
Skipping probe: too short (len=1636, chunk_size=2450)
Skipping probe: too short (len=1578, chunk_size=2450)
Skipping probe: too short (len=1024, chunk_size=2450)
Skipping probe: too short (len=2334, chunk_size=2450)
Skipping probe: too short (len=1501, chunk_size=2450)
Skipping probe: too short (len=869, chunk_size=2450)
Skipping probe: too short (len=997, chunk_size=2450)
Skipping probe: too short (len=2147, chunk_size=2450)
Skipping probe: too short (len=896, chunk_size=2450)
Skipping probe: too short (len=2008, chunk_size=2450)
Skipping probe: too short (len=1954, chunk_size=2450)
Skipping probe: too short (len=1099, chunk_size=2450)
Skipping probe: too short (len=2181, chunk_size=2450)
Skipping probe: too short (len=676, chunk_size=2450)
Skipping probe: too short (len=1524, chunk_size=2450)
Skipping probe: too short (len=794, chunk_size=2450)
Skipping probe: too short (len=2064, chunk_size=2450)
Skipping probe: too short (len=2284, chunk_size=2450)
Skipping probe: too short (len=1540, chunk_size=2450)
Skipping probe: too short (len=658, chunk_size=2450)
Skipping probe: too short (len=1956, chunk_size=2450)
Skipping probe: too short (len=587, chunk_size=2450)
Skipping probe: too short (len=1863, chunk_size=2450)
Skipping probe: too short (len=1417, chunk_size=2450)
Skipping probe: too short (len=1859, chunk_size=2450)
Skipping probe: too short (len=988, chunk_size=2450)
Skipping probe: too short (len=846, chunk_size=2450)
Skipping probe: too short (len=811, chunk_size=2450)
Skipping probe: too short (len=884, chunk_size=2450)
Skipping probe: too short (len=960, chunk_size=2450)
Skipping probe: too short (len=2278, chunk_size=2450)
Skipping probe: too short (len=1976, chunk_size=2450)
Skipping probe: too short (len=979, chunk_size=2450)
Skipping probe: too short (len=1391, chunk_size=2450)
Skipping probe: too short (len=1358, chunk_size=2450)
Skipping probe: too short (len=2141, chunk_size=2450)
Skipping probe: too short (len=1244, chunk_size=2450)
Skipping probe: too short (len=761, chunk_size=2450)
Skipping probe: too short (len=1721, chunk_size=2450)
Skipping probe: too short (len=1614, chunk_size=2450)
Skipping probe: too short (len=2404, chunk_size=2450)
Skipping probe: too short (len=1372, chunk_size=2450)
Skipping probe: too short (len=2021, chunk_size=2450)
Skipping probe: too short (len=662, chunk_size=2450)
Skipping probe: too short (len=898, chunk_size=2450)
Skipping probe: too short (len=1153, chunk_size=2450)
Skipping probe: too short (len=936, chunk_size=2450)
Skipping probe: too short (len=1288, chunk_size=2450)
Skipping probe: too short (len=1034, chunk_size=2450)
Skipping probe: too short (len=665, chunk_size=2450)
Skipping probe: too short (len=1934, chunk_size=2450)
Skipping probe: too short (len=1133, chunk_size=2450)
Skipping probe: too short (len=1448, chunk_size=2450)
Skipping probe: too short (len=1067, chunk_size=2450)
Skipping probe: too short (len=1539, chunk_size=2450)
Skipping probe: too short (len=1491, chunk_size=2450)
Skipping probe: too short (len=2215, chunk_size=2450)
Skipping probe: too short (len=1749, chunk_size=2450)
Skipping probe: too short (len=998, chunk_size=2450)
Skipping probe: too short (len=1515, chunk_size=2450)
Skipping probe: too short (len=1463, chunk_size=2450)
Skipping probe: too short (len=1164, chunk_size=2450)
Skipping probe: too short (len=1270, chunk_size=2450)
Skipping probe: too short (len=1162, chunk_size=2450)
Skipping probe: too short (len=912, chunk_size=2450)
Skipping probe: too short (len=2180, chunk_size=2450)
Skipping probe: too short (len=647, chunk_size=2450)
Skipping probe: too short (len=1551, chunk_size=2450)
Skipping probe: too short (len=1379, chunk_size=2450)
Skipping probe: too short (len=2329, chunk_size=2450)
Skipping probe: too short (len=482, chunk_size=2450)
Skipping probe: too short (len=357, chunk_size=2450)
Skipping probe: too short (len=607, chunk_size=2450)
Skipping probe: too short (len=1272, chunk_size=2450)
Skipping probe: too short (len=722, chunk_size=2450)
Skipping probe: too short (len=2136, chunk_size=2450)
Skipping probe: too short (len=953, chunk_size=2450)
Skipping probe: too short (len=1386, chunk_size=2450)
Skipping probe: too short (len=1239, chunk_size=2450)
Skipping probe: too short (len=957, chunk_size=2450)
Skipping probe: too short (len=721, chunk_size=2450)
Skipping probe: too short (len=587, chunk_size=2450)
Skipping probe: too short (len=1775, chunk_size=2450)
Skipping probe: too short (len=1840, chunk_size=2450)
Skipping probe: too short (len=2339, chunk_size=2450)
Skipping probe: too short (len=905, chunk_size=2450)
Skipping probe: too short (len=2359, chunk_size=2450)
Skipping probe: too short (len=887, chunk_size=2450)
Skipping probe: too short (len=1668, chunk_size=2450)
Skipping probe: too short (len=2331, chunk_size=2450)
Skipping probe: too short (len=1432, chunk_size=2450)
Skipping probe: too short (len=1926, chunk_size=2450)
Skipping probe: too short (len=1046, chunk_size=2450)
Skipping probe: too short (len=1111, chunk_size=2450)
Skipping probe: too short (len=1139, chunk_size=2450)
Skipping probe: too short (len=2225, chunk_size=2450)
Skipping probe: too short (len=2078, chunk_size=2450)
Skipping probe: too short (len=1382, chunk_size=2450)
Skipping probe: too short (len=1309, chunk_size=2450)
Skipping probe: too short (len=1077, chunk_size=2450)
Skipping probe: too short (len=2175, chunk_size=2450)
Skipping probe: too short (len=1100, chunk_size=2450)
Skipping probe: too short (len=2426, chunk_size=2450)
Skipping probe: too short (len=672, chunk_size=2450)
Skipping probe: too short (len=1477, chunk_size=2450)
Skipping probe: too short (len=1170, chunk_size=2450)
Skipping probe: too short (len=802, chunk_size=2450)
Skipping probe: too short (len=2185, chunk_size=2450)
Skipping probe: too short (len=1616, chunk_size=2450)
Skipping probe: too short (len=2385, chunk_size=2450)
Skipping probe: too short (len=349, chunk_size=2450)
Skipping probe: too short (len=683, chunk_size=2450)
Skipping probe: too short (len=1859, chunk_size=2450)
Skipping probe: too short (len=1847, chunk_size=2450)
Skipping probe: too short (len=1511, chunk_size=2450)
Skipping probe: too short (len=1145, chunk_size=2450)
Skipping probe: too short (len=1888, chunk_size=2450)
Skipping probe: too short (len=757, chunk_size=2450)
Skipping probe: too short (len=1678, chunk_size=2450)
Skipping probe: too short (len=843, chunk_size=2450)
Skipping probe: too short (len=824, chunk_size=2450)
[0.         0.         0.63944978 0.36139336 0.         0.        ]
[I 2026-04-02 23:37:02,968] Trial 7 finished with value: 0.166807190816029 and parameters: {'augment_factor': 48, 'window_seconds': 35, 'chunk_seconds': 24.500000000000004, 'num_freqs': 18, 'num_estimators': 64, 'max_depth': 64, 'num_subwindows': 28, 'subwindow_freq': 9, 'use_window_slope': False, 'use_subwindow_slope': False, 'use_smote': False}. Best is trial 0 with value: 0.269635834643611.
Skipping probe: too short (len=347, chunk_size=400)
Skipping probe: too short (len=386, chunk_size=400)
Skipping probe: too short (len=267, chunk_size=400)
Skipping probe: too short (len=366, chunk_size=400)
Skipping probe: too short (len=348, chunk_size=400)
Skipping probe: too short (len=264, chunk_size=400)
Skipping probe: too short (len=237, chunk_size=400)
Skipping probe: too short (len=167, chunk_size=400)
[0.04756645 0.08937265 0.64767261 0.45592479 0.00847724 0.        ]
[I 2026-04-03 02:39:42,999] Trial 8 finished with value: 0.20816895576087446 and parameters: {'augment_factor': 48, 'window_seconds': 21, 'chunk_seconds': 4.0, 'num_freqs': 25, 'num_estimators': 16, 'max_depth': 16, 'num_subwindows': 17, 'subwindow_freq': 14, 'use_window_slope': True, 'use_subwindow_slope': False, 'use_smote': True, 'smote_k_neighbors': 24}. Best is trial 0 with value: 0.269635834643611.
Skipping probe: too short (len=852, chunk_size=1690)
Skipping probe: too short (len=1675, chunk_size=1690)
Skipping probe: too short (len=1304, chunk_size=1690)
Skipping probe: too short (len=1032, chunk_size=1690)
Skipping probe: too short (len=1577, chunk_size=1690)
Skipping probe: too short (len=1486, chunk_size=1690)
Skipping probe: too short (len=1389, chunk_size=1690)
Skipping probe: too short (len=994, chunk_size=1690)
Skipping probe: too short (len=884, chunk_size=1690)
Skipping probe: too short (len=1609, chunk_size=1690)
Skipping probe: too short (len=999, chunk_size=1690)
Skipping probe: too short (len=873, chunk_size=1690)
Skipping probe: too short (len=868, chunk_size=1690)
Skipping probe: too short (len=512, chunk_size=1690)
Skipping probe: too short (len=1632, chunk_size=1690)
Skipping probe: too short (len=546, chunk_size=1690)
Skipping probe: too short (len=1087, chunk_size=1690)
Skipping probe: too short (len=824, chunk_size=1690)
[0.04907621 0.00965299 0.64405987 0.41045696 0.01171224 0.        ]
[I 2026-04-03 02:42:35,346] Trial 9 finished with value: 0.18749304424525196 and parameters: {'augment_factor': 4, 'window_seconds': 23, 'chunk_seconds': 16.900000000000002, 'num_freqs': 5, 'num_estimators': 32, 'max_depth': 512, 'num_subwindows': 2, 'subwindow_freq': 2, 'use_window_slope': True, 'use_subwindow_slope': True, 'use_smote': True, 'smote_k_neighbors': 44}. Best is trial 0 with value: 0.269635834643611.
Skipping probe: too short (len=3000, chunk_size=3460)
Skipping probe: too short (len=1656, chunk_size=3460)
Skipping probe: too short (len=3212, chunk_size=3460)
Skipping probe: too short (len=1777, chunk_size=3460)
Skipping probe: too short (len=2210, chunk_size=3460)
Skipping probe: too short (len=2195, chunk_size=3460)
Skipping probe: too short (len=1573, chunk_size=3460)
Skipping probe: too short (len=1675, chunk_size=3460)
Skipping probe: too short (len=1304, chunk_size=3460)
Skipping probe: too short (len=1244, chunk_size=3460)
Skipping probe: too short (len=755, chunk_size=3460)
Skipping probe: too short (len=2126, chunk_size=3460)
Skipping probe: too short (len=2172, chunk_size=3460)
Skipping probe: too short (len=3011, chunk_size=3460)
Skipping probe: too short (len=1069, chunk_size=3460)
Skipping probe: too short (len=3189, chunk_size=3460)
Skipping probe: too short (len=1937, chunk_size=3460)
Skipping probe: too short (len=2132, chunk_size=3460)
Skipping probe: too short (len=2980, chunk_size=3460)
Skipping probe: too short (len=484, chunk_size=3460)
Skipping probe: too short (len=2935, chunk_size=3460)
Skipping probe: too short (len=1758, chunk_size=3460)
Skipping probe: too short (len=1303, chunk_size=3460)
Skipping probe: too short (len=1632, chunk_size=3460)
Skipping probe: too short (len=1492, chunk_size=3460)
Skipping probe: too short (len=1610, chunk_size=3460)
Skipping probe: too short (len=966, chunk_size=3460)
Skipping probe: too short (len=1141, chunk_size=3460)
Skipping probe: too short (len=2479, chunk_size=3460)
Skipping probe: too short (len=2047, chunk_size=3460)
Skipping probe: too short (len=2461, chunk_size=3460)
Skipping probe: too short (len=732, chunk_size=3460)
Skipping probe: too short (len=2615, chunk_size=3460)
Skipping probe: too short (len=3108, chunk_size=3460)
Skipping probe: too short (len=1971, chunk_size=3460)
Skipping probe: too short (len=742, chunk_size=3460)
Skipping probe: too short (len=625, chunk_size=3460)
Skipping probe: too short (len=824, chunk_size=3460)
[0.         0.         0.69359976 0.59764022 0.         0.        ]
[I 2026-04-03 02:48:04,142] Trial 10 finished with value: 0.21520666283244347 and parameters: {'augment_factor': 4, 'window_seconds': 38, 'chunk_seconds': 34.6, 'num_freqs': 30, 'num_estimators': 256, 'max_depth': 16, 'num_subwindows': 10, 'subwindow_freq': 27, 'use_window_slope': False, 'use_subwindow_slope': True, 'use_smote': True, 'smote_k_neighbors': 2}. Best is trial 0 with value: 0.269635834643611.
Skipping probe: too short (len=337, chunk_size=620)
Skipping probe: too short (len=570, chunk_size=620)
Skipping probe: too short (len=341, chunk_size=620)
[0.         0.         0.76644551 0.78945941 0.         0.        ]
[I 2026-04-03 02:55:45,170] Trial 11 finished with value: 0.25931748638417623 and parameters: {'augment_factor': 6, 'window_seconds': 17, 'chunk_seconds': 6.2, 'num_freqs': 23, 'num_estimators': 128, 'max_depth': 32, 'num_subwindows': 2, 'subwindow_freq': 23, 'use_window_slope': True, 'use_subwindow_slope': False, 'use_smote': False}. Best is trial 0 with value: 0.269635834643611.
Skipping probe: too short (len=458, chunk_size=590)
Skipping probe: too short (len=436, chunk_size=590)
Skipping probe: too short (len=555, chunk_size=590)
Skipping probe: too short (len=506, chunk_size=590)
Skipping probe: too short (len=577, chunk_size=590)
Skipping probe: too short (len=584, chunk_size=590)
Skipping probe: too short (len=468, chunk_size=590)
Skipping probe: too short (len=359, chunk_size=590)
[0.0177457  0.         0.71353457 0.6724587  0.         0.        ]
[I 2026-04-03 03:27:08,272] Trial 12 finished with value: 0.23395649409732236 and parameters: {'augment_factor': 32, 'window_seconds': 23, 'chunk_seconds': 5.9, 'num_freqs': 30, 'num_estimators': 8, 'max_depth': 32, 'num_subwindows': 1, 'subwindow_freq': 23, 'use_window_slope': True, 'use_subwindow_slope': False, 'use_smote': False}. Best is trial 0 with value: 0.269635834643611.
Skipping probe: too short (len=479, chunk_size=520)
[0.01520512 0.18650816 0.63234594 0.81053504 0.3241574  0.        ]
[I 2026-04-03 03:29:08,389] Trial 13 finished with value: 0.32812527765262284 and parameters: {'augment_factor': 1, 'window_seconds': 8, 'chunk_seconds': 5.2, 'num_freqs': 24, 'num_estimators': 128, 'max_depth': 4, 'num_subwindows': 7, 'subwindow_freq': 22, 'use_window_slope': True, 'use_subwindow_slope': False, 'use_smote': False}. Best is trial 13 with value: 0.32812527765262284.
[0.02854794 0.09907326 0.63194312 0.75078637 0.44349613 0.        ]
[I 2026-04-03 03:53:00,391] Trial 14 finished with value: 0.3256411371555133 and parameters: {'augment_factor': 1, 'window_seconds': 4, 'chunk_seconds': 0.4, 'num_freqs': 12, 'num_estimators': 128, 'max_depth': 4, 'num_subwindows': 8, 'subwindow_freq': 22, 'use_window_slope': False, 'use_subwindow_slope': False, 'use_smote': True, 'smote_k_neighbors': 4}. Best is trial 13 with value: 0.32812527765262284.
[0.02517042 0.07604736 0.61706355 0.77021366 0.00879696 0.        ]
[I 2026-04-03 05:08:49,084] Trial 15 finished with value: 0.24954865967072024 and parameters: {'augment_factor': 1, 'window_seconds': 3, 'chunk_seconds': 0.1, 'num_freqs': 11, 'num_estimators': 128, 'max_depth': 4, 'num_subwindows': 9, 'subwindow_freq': 20, 'use_window_slope': False, 'use_subwindow_slope': False, 'use_smote': False}. Best is trial 13 with value: 0.32812527765262284.
[0.025762   0.11258115 0.66799911 0.83493259 0.05903808 0.        ]
[I 2026-04-03 06:40:55,630] Trial 16 finished with value: 0.28338548828930527 and parameters: {'augment_factor': 1, 'window_seconds': 6, 'chunk_seconds': 0.1, 'num_freqs': 12, 'num_estimators': 128, 'max_depth': 4, 'num_subwindows': 11, 'subwindow_freq': 19, 'use_window_slope': False, 'use_subwindow_slope': False, 'use_smote': False}. Best is trial 13 with value: 0.32812527765262284.
[0.05680404 0.11623019 0.6940381  0.74684115 0.12730258 0.        ]
[I 2026-04-03 06:44:02,438] Trial 17 finished with value: 0.29020267763522883 and parameters: {'augment_factor': 1, 'window_seconds': 9, 'chunk_seconds': 3.0000000000000004, 'num_freqs': 1, 'num_estimators': 128, 'max_depth': 4, 'num_subwindows': 6, 'subwindow_freq': 19, 'use_window_slope': False, 'use_subwindow_slope': False, 'use_smote': True, 'smote_k_neighbors': 50}. Best is trial 13 with value: 0.32812527765262284.
[W 2026-04-03 06:57:01,400] Trial 18 failed with parameters: {'augment_factor': 16, 'window_seconds': 9, 'chunk_seconds': 2.3000000000000003, 'num_freqs': 22, 'num_estimators': 256, 'max_depth': 4, 'num_subwindows': 14, 'subwindow_freq': 23, 'use_window_slope': False, 'use_subwindow_slope': False, 'use_smote': True, 'smote_k_neighbors': 30} because of the following error: ValueError('Input X contains NaN.\nSMOTE does not accept missing values encoded as NaN natively. For supervised learning, you might want to consider sklearn.ensemble.HistGradientBoostingClassifier and Regressor which accept missing values encoded as NaNs natively. Alternatively, it is possible to preprocess the data, for instance by using an imputer transformer in a pipeline or drop samples with missing values. See https://scikit-learn.org/stable/modules/impute.html You can find a list of all estimators that handle NaN values at the following page: https://scikit-learn.org/stable/modules/impute.html#estimators-that-handle-nan-values').
Traceback (most recent call last):
  File "/home/eyoung4-swat/hmc-epg-project/machine-learning/.venv/lib/python3.13/site-packages/optuna/study/_optimize.py", line 201, in _run_trial
    value_or_values = func(trial)
  File "/home/eyoung4-swat/hmc-epg-project/machine-learning/mosquito/model_eval.py", line 335, in <lambda>
  File "/home/eyoung4-swat/hmc-epg-project/machine-learning/mosquito/model_eval.py", line 248, in optuna_objective
    model = model_import.Model(trial = trial, **kwargs)
    ^^^^^^^^^^^^^^^^^^^^^^^^^^^^^^^^^^^^^^^^
  File "/home/eyoung4-swat/hmc-epg-project/machine-learning/mosquito/rf_sunwindow_smote.py", line 226, in train
    X_train, Y_train = smote.fit_resample(X_train, Y_train)
                       ~~~~~~~~~~~~~~~~~~^^^^^^^^^^^^^^^^^^
  File "/home/eyoung4-swat/hmc-epg-project/machine-learning/.venv/lib/python3.13/site-packages/imblearn/base.py", line 202, in fit_resample
    return super().fit_resample(X, y, **params)
           ~~~~~~~~~~~~~~~~~~~~^^^^^^^^^^^^^^^^
  File "/home/eyoung4-swat/hmc-epg-project/machine-learning/.venv/lib/python3.13/site-packages/sklearn/base.py", line 1365, in wrapper
    return fit_method(estimator, *args, **kwargs)
  File "/home/eyoung4-swat/hmc-epg-project/machine-learning/.venv/lib/python3.13/site-packages/imblearn/base.py", line 99, in fit_resample
    X, y, binarize_y = self._check_X_y(X, y)
                       ~~~~~~~~~~~~~~~^^^^^^
  File "/home/eyoung4-swat/hmc-epg-project/machine-learning/.venv/lib/python3.13/site-packages/imblearn/base.py", line 157, in _check_X_y
    X, y = validate_data(self, X=X, y=y, reset=True, accept_sparse=accept_sparse)
           ~~~~~~~~~~~~~^^^^^^^^^^^^^^^^^^^^^^^^^^^^^^^^^^^^^^^^^^^^^^^^^^^^^^^^^
  File "/home/eyoung4-swat/hmc-epg-project/machine-learning/.venv/lib/python3.13/site-packages/sklearn/utils/validation.py", line 2971, in validate_data
    X, y = check_X_y(X, y, **check_params)
           ~~~~~~~~~^^^^^^^^^^^^^^^^^^^^^^
  File "/home/eyoung4-swat/hmc-epg-project/machine-learning/.venv/lib/python3.13/site-packages/sklearn/utils/validation.py", line 1368, in check_X_y
    X = check_array(
        X,
    ...<12 lines>...
        input_name="X",
    )
  File "/home/eyoung4-swat/hmc-epg-project/machine-learning/.venv/lib/python3.13/site-packages/sklearn/utils/validation.py", line 1105, in check_array
    _assert_all_finite(
    ~~~~~~~~~~~~~~~~~~^
        array,
        ^^^^^^
    ...<2 lines>...
        allow_nan=ensure_all_finite == "allow-nan",
        ^^^^^^^^^^^^^^^^^^^^^^^^^^^^^^^^^^^^^^^^^^^
    )
    ^
  File "/home/eyoung4-swat/hmc-epg-project/machine-learning/.venv/lib/python3.13/site-packages/sklearn/utils/validation.py", line 120, in _assert_all_finite
    _assert_all_finite_element_wise(
    ~~~~~~~~~~~~~~~~~~~~~~~~~~~~~~~^
        X,
        ^^
    ...<4 lines>...
        input_name=input_name,
        ^^^^^^^^^^^^^^^^^^^^^^
    )
    ^
  File "/home/eyoung4-swat/hmc-epg-project/machine-learning/.venv/lib/python3.13/site-packages/sklearn/utils/validation.py", line 169, in _assert_all_finite_element_wise
    raise ValueError(msg_err)
ValueError: Input X contains NaN.
SMOTE does not accept missing values encoded as NaN natively. For supervised learning, you might want to consider sklearn.ensemble.HistGradientBoostingClassifier and Regressor which accept missing values encoded as NaNs natively. Alternatively, it is possible to preprocess the data, for instance by using an imputer transformer in a pipeline or drop samples with missing values. See https://scikit-learn.org/stable/modules/impute.html You can find a list of all estimators that handle NaN values at the following page: https://scikit-learn.org/stable/modules/impute.html#estimators-that-handle-nan-values
[W 2026-04-03 06:57:01,545] Trial 18 failed with value None.
Job finished at: Fri Apr  3 06:57:21 EDT 2026
