uv version: uv 0.9.5
Running on host: gpu04.cluster
Job started at: Sat Dec 13 05:19:23 EST 2025
Running job ID: 523090
Loading Data...
[0.67885864 0.29196877 0.75666114 0.82238928 0.02723343 0.        ]
[I 2025-12-13 05:23:48,716] Trial 0 finished with value: 0.4295185424158681 and parameters: {'augment_factor': 8, 'chunk_seconds': 2, 'num_freqs': 9, 'num_estimators': 128, 'max_depth': 32, 'window_seconds': 10, 'num_subwindows': 3, 'subwindow_freq': 2, 'use_window_slope': True, 'use_subwindow_slope': True, 'use_smote': False}. Best is trial 0 with value: 0.4295185424158681.
[0.53247607 0.07490961 0.76435162 0.84656524 0.04246943 0.        ]
[I 2025-12-13 05:25:18,131] Trial 1 finished with value: 0.3767953284452394 and parameters: {'augment_factor': 4, 'chunk_seconds': 7, 'num_freqs': 4, 'num_estimators': 128, 'max_depth': 256, 'window_seconds': 2, 'num_subwindows': 2, 'subwindow_freq': 14, 'use_window_slope': True, 'use_subwindow_slope': True, 'use_smote': True, 'smote_k_neighbors': 1}. Best is trial 0 with value: 0.4295185424158681.
[0.51431911 0.52802248 0.76571137 0.86510589 0.05720655 0.        ]
[I 2025-12-13 05:38:28,200] Trial 2 finished with value: 0.45506089743231604 and parameters: {'augment_factor': 1, 'chunk_seconds': 2, 'num_freqs': 12, 'num_estimators': 64, 'max_depth': 8, 'window_seconds': 8, 'num_subwindows': 17, 'subwindow_freq': 1, 'use_window_slope': True, 'use_subwindow_slope': True, 'use_smote': False}. Best is trial 2 with value: 0.45506089743231604.
[0.249532   0.14049482 0.59401699 0.83895719 0.35895074 0.        ]
[I 2025-12-13 05:45:04,661] Trial 3 finished with value: 0.3636586227650956 and parameters: {'augment_factor': 1, 'chunk_seconds': 3, 'num_freqs': 2, 'num_estimators': 32, 'max_depth': 4, 'window_seconds': 4, 'num_subwindows': 13, 'subwindow_freq': 18, 'use_window_slope': False, 'use_subwindow_slope': True, 'use_smote': False}. Best is trial 2 with value: 0.45506089743231604.
[0.25151465 0.09087861 0.49623181 0.8208989  0.2862613  0.        ]
[I 2025-12-13 05:56:06,067] Trial 4 finished with value: 0.3242975465069354 and parameters: {'augment_factor': 4, 'chunk_seconds': 2, 'num_freqs': 1, 'num_estimators': 16, 'max_depth': 4, 'window_seconds': 4, 'num_subwindows': 14, 'subwindow_freq': 19, 'use_window_slope': True, 'use_subwindow_slope': True, 'use_smote': True, 'smote_k_neighbors': 1}. Best is trial 2 with value: 0.45506089743231604.
[0.48383499 0.21863569 0.71827426 0.83897619 0.05420064 0.        ]
[I 2025-12-13 06:00:44,702] Trial 5 finished with value: 0.38565362903458705 and parameters: {'augment_factor': 4, 'chunk_seconds': 6, 'num_freqs': 9, 'num_estimators': 128, 'max_depth': 8, 'window_seconds': 3, 'num_subwindows': 18, 'subwindow_freq': 6, 'use_window_slope': False, 'use_subwindow_slope': True, 'use_smote': False}. Best is trial 2 with value: 0.45506089743231604.
Skipping probe: too short (len=824, chunk_size=900)
Skipping probe: too short (len=824, chunk_size=900)
Skipping probe: too short (len=824, chunk_size=900)
Skipping probe: too short (len=824, chunk_size=900)
Skipping probe: too short (len=824, chunk_size=900)
[0.50912141 0.16805333 0.7580214  0.83395848 0.15377282 0.        ]
[I 2025-12-13 06:03:19,632] Trial 6 finished with value: 0.40382124148930654 and parameters: {'augment_factor': 2, 'chunk_seconds': 9, 'num_freqs': 6, 'num_estimators': 32, 'max_depth': 64, 'window_seconds': 7, 'num_subwindows': 13, 'subwindow_freq': 8, 'use_window_slope': False, 'use_subwindow_slope': True, 'use_smote': True, 'smote_k_neighbors': 10}. Best is trial 2 with value: 0.45506089743231604.
[0.44241964 0.20416985 0.70903711 0.86033682 0.05790872 0.        ]
[I 2025-12-13 06:11:19,732] Trial 7 finished with value: 0.37897868922381556 and parameters: {'augment_factor': 2, 'chunk_seconds': 1, 'num_freqs': 14, 'num_estimators': 256, 'max_depth': 8, 'window_seconds': 3, 'num_subwindows': 12, 'subwindow_freq': 16, 'use_window_slope': False, 'use_subwindow_slope': False, 'use_smote': False}. Best is trial 2 with value: 0.45506089743231604.
[0.42659189 0.25853318 0.7190409  0.85547348 0.055038   0.        ]
[I 2025-12-13 06:14:07,777] Trial 8 finished with value: 0.38577957680517444 and parameters: {'augment_factor': 1, 'chunk_seconds': 5, 'num_freqs': 19, 'num_estimators': 16, 'max_depth': 8, 'window_seconds': 7, 'num_subwindows': 7, 'subwindow_freq': 4, 'use_window_slope': True, 'use_subwindow_slope': True, 'use_smote': True, 'smote_k_neighbors': 6}. Best is trial 2 with value: 0.45506089743231604.
[0.56791579 0.38841754 0.77230049 0.84121106 0.01373428 0.        ]
[I 2025-12-13 06:36:54,900] Trial 9 finished with value: 0.4305965281260724 and parameters: {'augment_factor': 8, 'chunk_seconds': 1, 'num_freqs': 5, 'num_estimators': 16, 'max_depth': 128, 'window_seconds': 10, 'num_subwindows': 15, 'subwindow_freq': 14, 'use_window_slope': False, 'use_subwindow_slope': True, 'use_smote': False}. Best is trial 2 with value: 0.45506089743231604.
[0.55569832 0.42317931 0.78306986 0.86991024 0.04134309 0.        ]
[I 2025-12-13 06:40:10,175] Trial 10 finished with value: 0.44553346882155404 and parameters: {'augment_factor': 1, 'chunk_seconds': 4, 'num_freqs': 14, 'num_estimators': 64, 'max_depth': 16, 'window_seconds': 8, 'num_subwindows': 20, 'subwindow_freq': 1, 'use_window_slope': True, 'use_subwindow_slope': False, 'use_smote': False}. Best is trial 2 with value: 0.45506089743231604.
[0.65862371 0.3561357  0.78214066 0.86618666 0.03293536 0.        ]
[I 2025-12-13 06:42:49,920] Trial 11 finished with value: 0.44933701476302823 and parameters: {'augment_factor': 1, 'chunk_seconds': 5, 'num_freqs': 14, 'num_estimators': 64, 'max_depth': 16, 'window_seconds': 8, 'num_subwindows': 20, 'subwindow_freq': 1, 'use_window_slope': True, 'use_subwindow_slope': False, 'use_smote': False}. Best is trial 2 with value: 0.45506089743231604.
[0.57379891 0.02796831 0.79565762 0.88864854 0.04510594 0.        ]
[I 2025-12-13 06:44:34,944] Trial 12 finished with value: 0.38852988728994814 and parameters: {'augment_factor': 1, 'chunk_seconds': 8, 'num_freqs': 15, 'num_estimators': 64, 'max_depth': 16, 'window_seconds': 8, 'num_subwindows': 18, 'subwindow_freq': 10, 'use_window_slope': True, 'use_subwindow_slope': False, 'use_smote': False}. Best is trial 2 with value: 0.45506089743231604.
[0.44276404 0.32964357 0.76310548 0.84803089 0.04327992 0.        ]
[I 2025-12-13 06:47:46,625] Trial 13 finished with value: 0.4044706502723762 and parameters: {'augment_factor': 1, 'chunk_seconds': 4, 'num_freqs': 18, 'num_estimators': 8, 'max_depth': 16, 'window_seconds': 9, 'num_subwindows': 20, 'subwindow_freq': 4, 'use_window_slope': True, 'use_subwindow_slope': False, 'use_smote': False}. Best is trial 2 with value: 0.45506089743231604.
Skipping probe: too short (len=824, chunk_size=1000)
Skipping probe: too short (len=824, chunk_size=1000)
Skipping probe: too short (len=824, chunk_size=1000)
Skipping probe: too short (len=824, chunk_size=1000)
Skipping probe: too short (len=824, chunk_size=1000)
[0.44935095 0.20865756 0.76904273 0.83468298 0.02323345 0.        ]
[I 2025-12-13 06:48:44,487] Trial 14 finished with value: 0.3808279446829747 and parameters: {'augment_factor': 1, 'chunk_seconds': 10, 'num_freqs': 12, 'num_estimators': 64, 'max_depth': 64, 'window_seconds': 6, 'num_subwindows': 8, 'subwindow_freq': 1, 'use_window_slope': True, 'use_subwindow_slope': False, 'use_smote': False}. Best is trial 2 with value: 0.45506089743231604.
[0.50936506 0.33600489 0.79926008 0.88261259 0.0337361  0.        ]
[I 2025-12-13 06:50:50,161] Trial 15 finished with value: 0.4268297861429448 and parameters: {'augment_factor': 1, 'chunk_seconds': 6, 'num_freqs': 11, 'num_estimators': 64, 'max_depth': 256, 'window_seconds': 6, 'num_subwindows': 17, 'subwindow_freq': 6, 'use_window_slope': True, 'use_subwindow_slope': False, 'use_smote': False}. Best is trial 2 with value: 0.45506089743231604.
[0.63688438 0.26029103 0.79555704 0.8805965  0.02113091 0.        ]
[I 2025-12-13 06:53:04,254] Trial 16 finished with value: 0.43240997770519946 and parameters: {'augment_factor': 1, 'chunk_seconds': 4, 'num_freqs': 17, 'num_estimators': 64, 'max_depth': 128, 'window_seconds': 8, 'num_subwindows': 10, 'subwindow_freq': 4, 'use_window_slope': True, 'use_subwindow_slope': False, 'use_smote': False}. Best is trial 2 with value: 0.45506089743231604.
[0.4535875  0.28797219 0.77263785 0.83560137 0.01913198 0.        ]
[I 2025-12-13 06:55:25,722] Trial 17 finished with value: 0.3948218153599135 and parameters: {'augment_factor': 8, 'chunk_seconds': 5, 'num_freqs': 8, 'num_estimators': 8, 'max_depth': 32, 'window_seconds': 6, 'num_subwindows': 17, 'subwindow_freq': 10, 'use_window_slope': True, 'use_subwindow_slope': False, 'use_smote': False}. Best is trial 2 with value: 0.45506089743231604.
[0.48015593 0.3744144  0.70209666 0.86681869 0.05655972 0.        ]
[I 2025-12-13 07:06:22,572] Trial 18 finished with value: 0.4133408994155669 and parameters: {'augment_factor': 2, 'chunk_seconds': 3, 'num_freqs': 16, 'num_estimators': 256, 'max_depth': 8, 'window_seconds': 9, 'num_subwindows': 16, 'subwindow_freq': 7, 'use_window_slope': True, 'use_subwindow_slope': True, 'use_smote': True, 'smote_k_neighbors': 10}. Best is trial 2 with value: 0.45506089743231604.
[0.56050857 0.10691715 0.78311969 0.87230764 0.04269898 0.        ]
[I 2025-12-13 07:08:10,059] Trial 19 finished with value: 0.39425867082291927 and parameters: {'augment_factor': 1, 'chunk_seconds': 8, 'num_freqs': 20, 'num_estimators': 64, 'max_depth': 16, 'window_seconds': 7, 'num_subwindows': 20, 'subwindow_freq': 3, 'use_window_slope': True, 'use_subwindow_slope': False, 'use_smote': False}. Best is trial 2 with value: 0.45506089743231604.
[0.63989941 0.43093173 0.77377327 0.86419172 0.05825686 0.        ]
[I 2025-12-13 07:11:04,035] Trial 20 finished with value: 0.4611754990154647 and parameters: {'augment_factor': 1, 'chunk_seconds': 2, 'num_freqs': 12, 'num_estimators': 64, 'max_depth': 16, 'window_seconds': 5, 'num_subwindows': 5, 'subwindow_freq': 8, 'use_window_slope': True, 'use_subwindow_slope': False, 'use_smote': False}. Best is trial 20 with value: 0.4611754990154647.
[0.62713214 0.43678161 0.77084307 0.86556661 0.05890256 0.        ]
[I 2025-12-13 07:14:16,926] Trial 21 finished with value: 0.45987099905414314 and parameters: {'augment_factor': 1, 'chunk_seconds': 2, 'num_freqs': 12, 'num_estimators': 64, 'max_depth': 16, 'window_seconds': 5, 'num_subwindows': 6, 'subwindow_freq': 12, 'use_window_slope': True, 'use_subwindow_slope': False, 'use_smote': False}. Best is trial 20 with value: 0.4611754990154647.
[0.59527284 0.45855572 0.76857989 0.86515884 0.06328802 0.        ]
[I 2025-12-13 07:16:58,646] Trial 22 finished with value: 0.4584758841585617 and parameters: {'augment_factor': 1, 'chunk_seconds': 2, 'num_freqs': 12, 'num_estimators': 64, 'max_depth': 16, 'window_seconds': 5, 'num_subwindows': 4, 'subwindow_freq': 13, 'use_window_slope': True, 'use_subwindow_slope': False, 'use_smote': False}. Best is trial 20 with value: 0.4611754990154647.
[0.58008198 0.48316498 0.77187002 0.85320523 0.05041876 0.        ]
[I 2025-12-13 07:22:33,579] Trial 23 finished with value: 0.45645682839582985 and parameters: {'augment_factor': 1, 'chunk_seconds': 1, 'num_freqs': 12, 'num_estimators': 64, 'max_depth': 16, 'window_seconds': 5, 'num_subwindows': 5, 'subwindow_freq': 12, 'use_window_slope': True, 'use_subwindow_slope': False, 'use_smote': False}. Best is trial 20 with value: 0.4611754990154647.
[0.61525202 0.3034488  0.78018716 0.87111446 0.04937572 0.        ]
[I 2025-12-13 07:24:37,687] Trial 24 finished with value: 0.4365630269749055 and parameters: {'augment_factor': 1, 'chunk_seconds': 3, 'num_freqs': 10, 'num_estimators': 64, 'max_depth': 16, 'window_seconds': 5, 'num_subwindows': 5, 'subwindow_freq': 12, 'use_window_slope': True, 'use_subwindow_slope': False, 'use_smote': False}. Best is trial 20 with value: 0.4611754990154647.
[0.58484328 0.39474358 0.74457447 0.84337238 0.06662813 0.        ]
[I 2025-12-13 07:26:27,243] Trial 25 finished with value: 0.4390269740364568 and parameters: {'augment_factor': 1, 'chunk_seconds': 2, 'num_freqs': 7, 'num_estimators': 64, 'max_depth': 16, 'window_seconds': 5, 'num_subwindows': 1, 'subwindow_freq': 9, 'use_window_slope': True, 'use_subwindow_slope': False, 'use_smote': False}. Best is trial 20 with value: 0.4611754990154647.
[0.50430216 0.2803922  0.76524452 0.86604707 0.2307427  0.        ]
[I 2025-12-13 07:28:06,715] Trial 26 finished with value: 0.44112144023453753 and parameters: {'augment_factor': 8, 'chunk_seconds': 3, 'num_freqs': 13, 'num_estimators': 32, 'max_depth': 16, 'window_seconds': 4, 'num_subwindows': 4, 'subwindow_freq': 12, 'use_window_slope': False, 'use_subwindow_slope': False, 'use_smote': True, 'smote_k_neighbors': 5}. Best is trial 20 with value: 0.4611754990154647.
[0.62196951 0.36489039 0.74076709 0.83265048 0.04624326 0.        ]
[I 2025-12-13 07:34:19,774] Trial 27 finished with value: 0.43442012004334774 and parameters: {'augment_factor': 2, 'chunk_seconds': 1, 'num_freqs': 10, 'num_estimators': 8, 'max_depth': 16, 'window_seconds': 5, 'num_subwindows': 7, 'subwindow_freq': 15, 'use_window_slope': True, 'use_subwindow_slope': False, 'use_smote': False}. Best is trial 20 with value: 0.4611754990154647.
[0.52029189 0.27269337 0.78697622 0.85889764 0.01438332 0.        ]
[I 2025-12-13 07:38:54,631] Trial 28 finished with value: 0.4088737391371338 and parameters: {'augment_factor': 4, 'chunk_seconds': 2, 'num_freqs': 16, 'num_estimators': 256, 'max_depth': 16, 'window_seconds': 3, 'num_subwindows': 9, 'subwindow_freq': 11, 'use_window_slope': True, 'use_subwindow_slope': False, 'use_smote': False}. Best is trial 20 with value: 0.4611754990154647.
[0.64677408 0.42663541 0.79440731 0.86736528 0.02746718 0.        ]
[I 2025-12-13 07:41:58,001] Trial 29 finished with value: 0.4604415439278717 and parameters: {'augment_factor': 1, 'chunk_seconds': 2, 'num_freqs': 8, 'num_estimators': 128, 'max_depth': 32, 'window_seconds': 6, 'num_subwindows': 4, 'subwindow_freq': 13, 'use_window_slope': True, 'use_subwindow_slope': False, 'use_smote': False}. Best is trial 20 with value: 0.4611754990154647.
[0.55297528 0.03827385 0.79319501 0.87373008 0.026302   0.        ]
[I 2025-12-13 07:43:29,854] Trial 30 finished with value: 0.38074603494577586 and parameters: {'augment_factor': 8, 'chunk_seconds': 4, 'num_freqs': 8, 'num_estimators': 128, 'max_depth': 32, 'window_seconds': 4, 'num_subwindows': 3, 'subwindow_freq': 17, 'use_window_slope': True, 'use_subwindow_slope': False, 'use_smote': False}. Best is trial 20 with value: 0.4611754990154647.
[0.60563566 0.30958519 0.7955658  0.86730609 0.01362324 0.        ]
[I 2025-12-13 07:47:05,618] Trial 31 finished with value: 0.431952663556588 and parameters: {'augment_factor': 1, 'chunk_seconds': 2, 'num_freqs': 11, 'num_estimators': 128, 'max_depth': 32, 'window_seconds': 5, 'num_subwindows': 6, 'subwindow_freq': 15, 'use_window_slope': True, 'use_subwindow_slope': False, 'use_smote': False}. Best is trial 20 with value: 0.4611754990154647.
[0.59565889 0.29077353 0.80507498 0.87834035 0.03009921 0.        ]
[I 2025-12-13 07:49:02,073] Trial 32 finished with value: 0.43332449495074976 and parameters: {'augment_factor': 1, 'chunk_seconds': 3, 'num_freqs': 9, 'num_estimators': 128, 'max_depth': 32, 'window_seconds': 6, 'num_subwindows': 3, 'subwindow_freq': 13, 'use_window_slope': True, 'use_subwindow_slope': False, 'use_smote': False}. Best is trial 20 with value: 0.4611754990154647.
[0.61482967 0.27122964 0.78800867 0.85911571 0.01623001 0.        ]
[I 2025-12-13 07:51:06,979] Trial 33 finished with value: 0.4249022846091754 and parameters: {'augment_factor': 1, 'chunk_seconds': 2, 'num_freqs': 13, 'num_estimators': 128, 'max_depth': 256, 'window_seconds': 5, 'num_subwindows': 1, 'subwindow_freq': 13, 'use_window_slope': True, 'use_subwindow_slope': False, 'use_smote': False}. Best is trial 20 with value: 0.4611754990154647.
[0.69926637 0.48051592 0.77934919 0.85038436 0.02446681 0.        ]
[I 2025-12-13 07:56:20,616] Trial 34 finished with value: 0.47233043834118077 and parameters: {'augment_factor': 1, 'chunk_seconds': 1, 'num_freqs': 7, 'num_estimators': 64, 'max_depth': 32, 'window_seconds': 6, 'num_subwindows': 4, 'subwindow_freq': 9, 'use_window_slope': True, 'use_subwindow_slope': False, 'use_smote': False}. Best is trial 34 with value: 0.47233043834118077.
[0.51710124 0.47416426 0.74726703 0.84090409 0.24657454 0.        ]
[I 2025-12-13 08:03:10,753] Trial 35 finished with value: 0.47100185983616843 and parameters: {'augment_factor': 4, 'chunk_seconds': 1, 'num_freqs': 3, 'num_estimators': 128, 'max_depth': 32, 'window_seconds': 6, 'num_subwindows': 2, 'subwindow_freq': 9, 'use_window_slope': True, 'use_subwindow_slope': False, 'use_smote': True, 'smote_k_neighbors': 6}. Best is trial 34 with value: 0.47233043834118077.
[0.56854482 0.49414484 0.75801778 0.84513208 0.29938369 0.        ]
[I 2025-12-13 08:10:00,993] Trial 36 finished with value: 0.49420386860034854 and parameters: {'augment_factor': 4, 'chunk_seconds': 1, 'num_freqs': 4, 'num_estimators': 128, 'max_depth': 32, 'window_seconds': 7, 'num_subwindows': 2, 'subwindow_freq': 8, 'use_window_slope': True, 'use_subwindow_slope': False, 'use_smote': True, 'smote_k_neighbors': 6}. Best is trial 36 with value: 0.49420386860034854.
[0.54259748 0.46658866 0.75694736 0.84395904 0.28924854 0.        ]
[I 2025-12-13 08:14:57,218] Trial 37 finished with value: 0.4832235123371231 and parameters: {'augment_factor': 4, 'chunk_seconds': 1, 'num_freqs': 3, 'num_estimators': 128, 'max_depth': 32, 'window_seconds': 7, 'num_subwindows': 2, 'subwindow_freq': 8, 'use_window_slope': False, 'use_subwindow_slope': False, 'use_smote': True, 'smote_k_neighbors': 6}. Best is trial 36 with value: 0.49420386860034854.
[0.55988778 0.45991595 0.75635396 0.83255063 0.31665234 0.        ]
[I 2025-12-13 08:19:39,673] Trial 38 finished with value: 0.4875601091409891 and parameters: {'augment_factor': 4, 'chunk_seconds': 1, 'num_freqs': 3, 'num_estimators': 128, 'max_depth': 32, 'window_seconds': 7, 'num_subwindows': 2, 'subwindow_freq': 6, 'use_window_slope': False, 'use_subwindow_slope': False, 'use_smote': True, 'smote_k_neighbors': 6}. Best is trial 36 with value: 0.49420386860034854.
[0.5391937  0.49145996 0.7512303  0.82276333 0.37257635 0.        ]
[I 2025-12-13 08:26:50,469] Trial 39 finished with value: 0.49620394035729415 and parameters: {'augment_factor': 4, 'chunk_seconds': 1, 'num_freqs': 1, 'num_estimators': 128, 'max_depth': 32, 'window_seconds': 7, 'num_subwindows': 2, 'subwindow_freq': 6, 'use_window_slope': False, 'use_subwindow_slope': True, 'use_smote': True, 'smote_k_neighbors': 5}. Best is trial 39 with value: 0.49620394035729415.
[0.25108779 0.26831513 0.6294837  0.81951659 0.30867436 0.        ]
[I 2025-12-13 08:32:18,110] Trial 40 finished with value: 0.37951292784446666 and parameters: {'augment_factor': 4, 'chunk_seconds': 1, 'num_freqs': 1, 'num_estimators': 128, 'max_depth': 4, 'window_seconds': 7, 'num_subwindows': 2, 'subwindow_freq': 6, 'use_window_slope': False, 'use_subwindow_slope': True, 'use_smote': True, 'smote_k_neighbors': 5}. Best is trial 39 with value: 0.49620394035729415.
[0.55617281 0.51197433 0.75488421 0.83389203 0.36419944 0.        ]
[I 2025-12-13 08:40:08,687] Trial 41 finished with value: 0.5035204724642616 and parameters: {'augment_factor': 4, 'chunk_seconds': 1, 'num_freqs': 4, 'num_estimators': 128, 'max_depth': 32, 'window_seconds': 7, 'num_subwindows': 2, 'subwindow_freq': 7, 'use_window_slope': False, 'use_subwindow_slope': True, 'use_smote': True, 'smote_k_neighbors': 7}. Best is trial 41 with value: 0.5035204724642616.
[0.56801036 0.50213277 0.75060858 0.82171364 0.35687791 0.        ]
[I 2025-12-13 08:47:21,864] Trial 42 finished with value: 0.4998905427144878 and parameters: {'augment_factor': 4, 'chunk_seconds': 1, 'num_freqs': 4, 'num_estimators': 128, 'max_depth': 32, 'window_seconds': 7, 'num_subwindows': 2, 'subwindow_freq': 5, 'use_window_slope': False, 'use_subwindow_slope': True, 'use_smote': True, 'smote_k_neighbors': 7}. Best is trial 41 with value: 0.5035204724642616.
[0.52729894 0.37318516 0.70529751 0.786257   0.01482131 0.        ]
[I 2025-12-13 08:52:15,844] Trial 43 finished with value: 0.40114332017761184 and parameters: {'augment_factor': 4, 'chunk_seconds': 1, 'num_freqs': 4, 'num_estimators': 128, 'max_depth': 32, 'window_seconds': 7, 'num_subwindows': 1, 'subwindow_freq': 5, 'use_window_slope': False, 'use_subwindow_slope': True, 'use_smote': True, 'smote_k_neighbors': 8}. Best is trial 41 with value: 0.5035204724642616.
[0.50640119 0.47752193 0.7526838  0.84006378 0.24330424 0.        ]
[I 2025-12-13 09:02:12,599] Trial 44 finished with value: 0.46999582249908345 and parameters: {'augment_factor': 4, 'chunk_seconds': 1, 'num_freqs': 2, 'num_estimators': 128, 'max_depth': 32, 'window_seconds': 9, 'num_subwindows': 3, 'subwindow_freq': 7, 'use_window_slope': False, 'use_subwindow_slope': True, 'use_smote': True, 'smote_k_neighbors': 7}. Best is trial 41 with value: 0.5035204724642616.
[0.49022325 0.3281056  0.72297206 0.79918146 0.01146273 0.        ]
[I 2025-12-13 09:04:02,048] Trial 45 finished with value: 0.39199084951537905 and parameters: {'augment_factor': 4, 'chunk_seconds': 3, 'num_freqs': 5, 'num_estimators': 128, 'max_depth': 32, 'window_seconds': 7, 'num_subwindows': 1, 'subwindow_freq': 5, 'use_window_slope': False, 'use_subwindow_slope': True, 'use_smote': True, 'smote_k_neighbors': 4}. Best is trial 41 with value: 0.5035204724642616.
[0.57744798 0.52209014 0.75396731 0.83199271 0.40696955 0.        ]
[I 2025-12-13 09:11:21,364] Trial 46 finished with value: 0.5154112810409762 and parameters: {'augment_factor': 4, 'chunk_seconds': 1, 'num_freqs': 1, 'num_estimators': 128, 'max_depth': 32, 'window_seconds': 8, 'num_subwindows': 2, 'subwindow_freq': 7, 'use_window_slope': False, 'use_subwindow_slope': True, 'use_smote': True, 'smote_k_neighbors': 8}. Best is trial 46 with value: 0.5154112810409762.
[0.50497863 0.38987297 0.7509729  0.84829827 0.20875399 0.        ]
[I 2025-12-13 09:15:04,402] Trial 47 finished with value: 0.4504794602202294 and parameters: {'augment_factor': 4, 'chunk_seconds': 2, 'num_freqs': 1, 'num_estimators': 16, 'max_depth': 64, 'window_seconds': 8, 'num_subwindows': 3, 'subwindow_freq': 20, 'use_window_slope': False, 'use_subwindow_slope': True, 'use_smote': True, 'smote_k_neighbors': 8}. Best is trial 46 with value: 0.5154112810409762.
[0.27573074 0.19629159 0.60998737 0.84822588 0.05397552 0.        ]
[I 2025-12-13 09:17:59,910] Trial 48 finished with value: 0.33070185153158427 and parameters: {'augment_factor': 4, 'chunk_seconds': 7, 'num_freqs': 5, 'num_estimators': 32, 'max_depth': 4, 'window_seconds': 9, 'num_subwindows': 12, 'subwindow_freq': 3, 'use_window_slope': False, 'use_subwindow_slope': True, 'use_smote': True, 'smote_k_neighbors': 8}. Best is trial 46 with value: 0.5154112810409762.
[0.57700594 0.46107919 0.75401444 0.80992739 0.49278438 0.        ]
[I 2025-12-13 09:25:18,362] Trial 49 finished with value: 0.5158018910104468 and parameters: {'augment_factor': 4, 'chunk_seconds': 1, 'num_freqs': 2, 'num_estimators': 128, 'max_depth': 128, 'window_seconds': 10, 'num_subwindows': 2, 'subwindow_freq': 5, 'use_window_slope': False, 'use_subwindow_slope': True, 'use_smote': True, 'smote_k_neighbors': 7}. Best is trial 49 with value: 0.5158018910104468.
[0.60256417 0.46180191 0.76151565 0.83233665 0.34213943 0.        ]
[I 2025-12-13 09:28:27,044] Trial 50 finished with value: 0.5000596357633235 and parameters: {'augment_factor': 4, 'chunk_seconds': 3, 'num_freqs': 2, 'num_estimators': 128, 'max_depth': 128, 'window_seconds': 10, 'num_subwindows': 3, 'subwindow_freq': 3, 'use_window_slope': False, 'use_subwindow_slope': True, 'use_smote': True, 'smote_k_neighbors': 8}. Best is trial 49 with value: 0.5158018910104468.
[0.56051577 0.48218836 0.74605945 0.81237106 0.40794325 0.        ]
[I 2025-12-13 09:37:30,853] Trial 51 finished with value: 0.5015129822038155 and parameters: {'augment_factor': 4, 'chunk_seconds': 1, 'num_freqs': 2, 'num_estimators': 128, 'max_depth': 128, 'window_seconds': 10, 'num_subwindows': 3, 'subwindow_freq': 3, 'use_window_slope': False, 'use_subwindow_slope': True, 'use_smote': True, 'smote_k_neighbors': 8}. Best is trial 49 with value: 0.5158018910104468.
[0.48580103 0.3343344  0.63072672 0.66645493 0.01017178 0.        ]
[I 2025-12-13 09:42:20,304] Trial 52 finished with value: 0.35458147506192234 and parameters: {'augment_factor': 4, 'chunk_seconds': 1, 'num_freqs': 2, 'num_estimators': 128, 'max_depth': 128, 'window_seconds': 10, 'num_subwindows': 1, 'subwindow_freq': 2, 'use_window_slope': False, 'use_subwindow_slope': True, 'use_smote': True, 'smote_k_neighbors': 8}. Best is trial 49 with value: 0.5158018910104468.
[0.53056232 0.44529392 0.76098054 0.82077568 0.47457661 0.        ]
[I 2025-12-13 09:46:58,179] Trial 53 finished with value: 0.5053648445826406 and parameters: {'augment_factor': 4, 'chunk_seconds': 2, 'num_freqs': 2, 'num_estimators': 128, 'max_depth': 128, 'window_seconds': 10, 'num_subwindows': 3, 'subwindow_freq': 3, 'use_window_slope': False, 'use_subwindow_slope': True, 'use_smote': True, 'smote_k_neighbors': 9}. Best is trial 49 with value: 0.5158018910104468.
[0.58553746 0.48300817 0.76828433 0.84661256 0.28478765 0.        ]
[I 2025-12-13 09:51:37,707] Trial 54 finished with value: 0.49470502691979884 and parameters: {'augment_factor': 4, 'chunk_seconds': 3, 'num_freqs': 2, 'num_estimators': 128, 'max_depth': 128, 'window_seconds': 10, 'num_subwindows': 6, 'subwindow_freq': 2, 'use_window_slope': False, 'use_subwindow_slope': True, 'use_smote': True, 'smote_k_neighbors': 9}. Best is trial 49 with value: 0.5158018910104468.
[0.55679318 0.41700653 0.74166912 0.80723733 0.411874   0.        ]
[I 2025-12-13 09:55:10,743] Trial 55 finished with value: 0.48909669375869286 and parameters: {'augment_factor': 4, 'chunk_seconds': 2, 'num_freqs': 3, 'num_estimators': 16, 'max_depth': 128, 'window_seconds': 10, 'num_subwindows': 3, 'subwindow_freq': 3, 'use_window_slope': False, 'use_subwindow_slope': True, 'use_smote': True, 'smote_k_neighbors': 9}. Best is trial 49 with value: 0.5158018910104468.
[0.54121709 0.47598168 0.77075683 0.85214646 0.32333631 0.        ]
[I 2025-12-13 09:58:55,095] Trial 56 finished with value: 0.49390639436971645 and parameters: {'augment_factor': 4, 'chunk_seconds': 3, 'num_freqs': 2, 'num_estimators': 128, 'max_depth': 128, 'window_seconds': 9, 'num_subwindows': 4, 'subwindow_freq': 4, 'use_window_slope': False, 'use_subwindow_slope': True, 'use_smote': True, 'smote_k_neighbors': 9}. Best is trial 49 with value: 0.5158018910104468.
[0.54808075 0.50969494 0.77822358 0.84129027 0.49390216 0.        ]
[I 2025-12-13 10:06:39,109] Trial 57 finished with value: 0.528531948872997 and parameters: {'augment_factor': 4, 'chunk_seconds': 2, 'num_freqs': 1, 'num_estimators': 256, 'max_depth': 128, 'window_seconds': 10, 'num_subwindows': 5, 'subwindow_freq': 3, 'use_window_slope': False, 'use_subwindow_slope': True, 'use_smote': True, 'smote_k_neighbors': 7}. Best is trial 57 with value: 0.528531948872997.
[0.51027939 0.50897267 0.773792   0.84509759 0.42456219 0.        ]
[I 2025-12-13 10:14:24,643] Trial 58 finished with value: 0.5104506404050866 and parameters: {'augment_factor': 2, 'chunk_seconds': 2, 'num_freqs': 1, 'num_estimators': 256, 'max_depth': 128, 'window_seconds': 9, 'num_subwindows': 5, 'subwindow_freq': 4, 'use_window_slope': False, 'use_subwindow_slope': True, 'use_smote': True, 'smote_k_neighbors': 7}. Best is trial 57 with value: 0.528531948872997.
[0.53983234 0.52801989 0.78560628 0.85055566 0.47299758 0.        ]
[I 2025-12-13 10:25:56,497] Trial 59 finished with value: 0.529501960426355 and parameters: {'augment_factor': 2, 'chunk_seconds': 2, 'num_freqs': 1, 'num_estimators': 256, 'max_depth': 128, 'window_seconds': 9, 'num_subwindows': 8, 'subwindow_freq': 7, 'use_window_slope': False, 'use_subwindow_slope': True, 'use_smote': True, 'smote_k_neighbors': 7}. Best is trial 59 with value: 0.529501960426355.
[0.63067829 0.47966093 0.79691092 0.86652019 0.37248598 0.        ]
[I 2025-12-13 10:31:30,464] Trial 60 finished with value: 0.5243760518573833 and parameters: {'augment_factor': 2, 'chunk_seconds': 4, 'num_freqs': 1, 'num_estimators': 256, 'max_depth': 128, 'window_seconds': 9, 'num_subwindows': 8, 'subwindow_freq': 5, 'use_window_slope': False, 'use_subwindow_slope': True, 'use_smote': True, 'smote_k_neighbors': 7}. Best is trial 59 with value: 0.529501960426355.
[0.64606668 0.47707502 0.78715308 0.8651997  0.24978794 0.        ]
[I 2025-12-13 10:37:04,753] Trial 61 finished with value: 0.5042137363526084 and parameters: {'augment_factor': 2, 'chunk_seconds': 4, 'num_freqs': 1, 'num_estimators': 256, 'max_depth': 128, 'window_seconds': 9, 'num_subwindows': 8, 'subwindow_freq': 5, 'use_window_slope': False, 'use_subwindow_slope': True, 'use_smote': True, 'smote_k_neighbors': 7}. Best is trial 59 with value: 0.529501960426355.
[0.52173994 0.53358267 0.78280519 0.84876871 0.45234209 0.        ]
[I 2025-12-13 10:49:27,921] Trial 62 finished with value: 0.5232064331623216 and parameters: {'augment_factor': 2, 'chunk_seconds': 2, 'num_freqs': 1, 'num_estimators': 256, 'max_depth': 128, 'window_seconds': 9, 'num_subwindows': 10, 'subwindow_freq': 4, 'use_window_slope': False, 'use_subwindow_slope': True, 'use_smote': True, 'smote_k_neighbors': 7}. Best is trial 59 with value: 0.529501960426355.
[0.53738651 0.38985293 0.7975244  0.85959181 0.37423981 0.        ]
[I 2025-12-13 10:53:56,570] Trial 63 finished with value: 0.49309924349148293 and parameters: {'augment_factor': 2, 'chunk_seconds': 6, 'num_freqs': 1, 'num_estimators': 256, 'max_depth': 128, 'window_seconds': 9, 'num_subwindows': 11, 'subwindow_freq': 4, 'use_window_slope': False, 'use_subwindow_slope': True, 'use_smote': True, 'smote_k_neighbors': 7}. Best is trial 59 with value: 0.529501960426355.
[0.50598056 0.53731457 0.78547534 0.84897142 0.36214264 0.        ]
[I 2025-12-13 11:06:18,187] Trial 64 finished with value: 0.5066474222837264 and parameters: {'augment_factor': 2, 'chunk_seconds': 2, 'num_freqs': 1, 'num_estimators': 256, 'max_depth': 128, 'window_seconds': 8, 'num_subwindows': 10, 'subwindow_freq': 4, 'use_window_slope': False, 'use_subwindow_slope': True, 'use_smote': True, 'smote_k_neighbors': 7}. Best is trial 59 with value: 0.529501960426355.
[0.62799084 0.41166069 0.76270114 0.85634727 0.06963663 0.        ]
[I 2025-12-13 11:10:18,894] Trial 65 finished with value: 0.4547227621617036 and parameters: {'augment_factor': 2, 'chunk_seconds': 5, 'num_freqs': 3, 'num_estimators': 256, 'max_depth': 128, 'window_seconds': 9, 'num_subwindows': 8, 'subwindow_freq': 2, 'use_window_slope': False, 'use_subwindow_slope': True, 'use_smote': True, 'smote_k_neighbors': 7}. Best is trial 59 with value: 0.529501960426355.
[0.50712741 0.42956445 0.75979332 0.84417557 0.08822423 0.        ]
[I 2025-12-13 11:15:33,694] Trial 66 finished with value: 0.4381474973644795 and parameters: {'augment_factor': 2, 'chunk_seconds': 4, 'num_freqs': 1, 'num_estimators': 256, 'max_depth': 128, 'window_seconds': 9, 'num_subwindows': 9, 'subwindow_freq': 1, 'use_window_slope': False, 'use_subwindow_slope': True, 'use_smote': True, 'smote_k_neighbors': 7}. Best is trial 59 with value: 0.529501960426355.
[0.4391308  0.38890248 0.70045462 0.85506226 0.06566731 0.        ]
[I 2025-12-13 11:24:03,931] Trial 67 finished with value: 0.4082029113999539 and parameters: {'augment_factor': 2, 'chunk_seconds': 2, 'num_freqs': 1, 'num_estimators': 256, 'max_depth': 8, 'window_seconds': 8, 'num_subwindows': 7, 'subwindow_freq': 7, 'use_window_slope': False, 'use_subwindow_slope': True, 'use_smote': True, 'smote_k_neighbors': 1}. Best is trial 59 with value: 0.529501960426355.
[0.50186124 0.50305024 0.79318345 0.85640899 0.47547929 0.        ]
[I 2025-12-13 11:36:13,285] Trial 68 finished with value: 0.5216638677759072 and parameters: {'augment_factor': 2, 'chunk_seconds': 2, 'num_freqs': 3, 'num_estimators': 256, 'max_depth': 128, 'window_seconds': 9, 'num_subwindows': 9, 'subwindow_freq': 5, 'use_window_slope': False, 'use_subwindow_slope': True, 'use_smote': True, 'smote_k_neighbors': 6}. Best is trial 59 with value: 0.529501960426355.
[0.65570445 0.42496219 0.77608305 0.86463818 0.09485232 0.        ]
[I 2025-12-13 11:42:06,709] Trial 69 finished with value: 0.46937336482454173 and parameters: {'augment_factor': 2, 'chunk_seconds': 4, 'num_freqs': 3, 'num_estimators': 256, 'max_depth': 256, 'window_seconds': 10, 'num_subwindows': 9, 'subwindow_freq': 5, 'use_window_slope': False, 'use_subwindow_slope': True, 'use_smote': True, 'smote_k_neighbors': 6}. Best is trial 59 with value: 0.529501960426355.
Skipping probe: too short (len=824, chunk_size=1000)
Skipping probe: too short (len=824, chunk_size=1000)
Skipping probe: too short (len=824, chunk_size=1000)
Skipping probe: too short (len=824, chunk_size=1000)
Skipping probe: too short (len=824, chunk_size=1000)
[0.58620581 0.11882834 0.76705826 0.84492864 0.07333274 0.        ]
[I 2025-12-13 11:44:56,014] Trial 70 finished with value: 0.39839229731308157 and parameters: {'augment_factor': 2, 'chunk_seconds': 10, 'num_freqs': 6, 'num_estimators': 256, 'max_depth': 128, 'window_seconds': 8, 'num_subwindows': 11, 'subwindow_freq': 6, 'use_window_slope': False, 'use_subwindow_slope': True, 'use_smote': True, 'smote_k_neighbors': 6}. Best is trial 59 with value: 0.529501960426355.
[0.53408091 0.53341796 0.77929336 0.85054868 0.45330383 0.        ]
[I 2025-12-13 11:55:01,765] Trial 71 finished with value: 0.5251074553691731 and parameters: {'augment_factor': 2, 'chunk_seconds': 2, 'num_freqs': 2, 'num_estimators': 256, 'max_depth': 128, 'window_seconds': 9, 'num_subwindows': 7, 'subwindow_freq': 4, 'use_window_slope': False, 'use_subwindow_slope': True, 'use_smote': True, 'smote_k_neighbors': 7}. Best is trial 59 with value: 0.529501960426355.
[0.52990232 0.53713009 0.77869741 0.85297436 0.26452055 0.        ]
[I 2025-12-13 12:06:22,534] Trial 72 finished with value: 0.4938707889079141 and parameters: {'augment_factor': 2, 'chunk_seconds': 2, 'num_freqs': 2, 'num_estimators': 256, 'max_depth': 128, 'window_seconds': 9, 'num_subwindows': 8, 'subwindow_freq': 5, 'use_window_slope': False, 'use_subwindow_slope': True, 'use_smote': True, 'smote_k_neighbors': 8}. Best is trial 59 with value: 0.529501960426355.
[0.63026587 0.48225494 0.79629578 0.87043157 0.33360697 0.        ]
[I 2025-12-13 12:15:27,248] Trial 73 finished with value: 0.5188091860104643 and parameters: {'augment_factor': 2, 'chunk_seconds': 3, 'num_freqs': 3, 'num_estimators': 256, 'max_depth': 128, 'window_seconds': 10, 'num_subwindows': 10, 'subwindow_freq': 7, 'use_window_slope': False, 'use_subwindow_slope': True, 'use_smote': True, 'smote_k_neighbors': 6}. Best is trial 59 with value: 0.529501960426355.
[0.6713371  0.47596126 0.79027913 0.86070977 0.38607943 0.        ]
[I 2025-12-13 12:22:18,562] Trial 74 finished with value: 0.5307277818185733 and parameters: {'augment_factor': 2, 'chunk_seconds': 3, 'num_freqs': 3, 'num_estimators': 256, 'max_depth': 128, 'window_seconds': 10, 'num_subwindows': 7, 'subwindow_freq': 6, 'use_window_slope': False, 'use_subwindow_slope': True, 'use_smote': True, 'smote_k_neighbors': 6}. Best is trial 74 with value: 0.5307277818185733.
[0.67890334 0.49857151 0.79283193 0.87334747 0.23736183 0.        ]
[I 2025-12-13 12:31:01,060] Trial 75 finished with value: 0.5135026799241067 and parameters: {'augment_factor': 2, 'chunk_seconds': 3, 'num_freqs': 5, 'num_estimators': 256, 'max_depth': 128, 'window_seconds': 10, 'num_subwindows': 10, 'subwindow_freq': 6, 'use_window_slope': False, 'use_subwindow_slope': True, 'use_smote': True, 'smote_k_neighbors': 5}. Best is trial 74 with value: 0.5307277818185733.
[0.59385978 0.48927671 0.78883446 0.85933081 0.34926353 0.        ]
[I 2025-12-13 12:38:14,279] Trial 76 finished with value: 0.5134275487554423 and parameters: {'augment_factor': 2, 'chunk_seconds': 3, 'num_freqs': 4, 'num_estimators': 256, 'max_depth': 128, 'window_seconds': 9, 'num_subwindows': 7, 'subwindow_freq': 8, 'use_window_slope': False, 'use_subwindow_slope': True, 'use_smote': True, 'smote_k_neighbors': 6}. Best is trial 74 with value: 0.5307277818185733.
[0.59111076 0.47814073 0.79372696 0.86094052 0.37258657 0.        ]
[I 2025-12-13 12:46:31,258] Trial 77 finished with value: 0.5160842569510685 and parameters: {'augment_factor': 2, 'chunk_seconds': 3, 'num_freqs': 3, 'num_estimators': 256, 'max_depth': 64, 'window_seconds': 10, 'num_subwindows': 9, 'subwindow_freq': 6, 'use_window_slope': False, 'use_subwindow_slope': True, 'use_smote': True, 'smote_k_neighbors': 6}. Best is trial 74 with value: 0.5307277818185733.
[0.63624525 0.41069525 0.77377461 0.86538727 0.08152272 0.        ]
[I 2025-12-13 12:55:13,085] Trial 78 finished with value: 0.4612708503854184 and parameters: {'augment_factor': 2, 'chunk_seconds': 4, 'num_freqs': 6, 'num_estimators': 256, 'max_depth': 128, 'window_seconds': 10, 'num_subwindows': 13, 'subwindow_freq': 10, 'use_window_slope': False, 'use_subwindow_slope': True, 'use_smote': True, 'smote_k_neighbors': 6}. Best is trial 74 with value: 0.5307277818185733.
[0.59470014 0.46946544 0.7838767  0.8582657  0.27895016 0.        ]
[I 2025-12-13 13:02:21,913] Trial 79 finished with value: 0.49754302411497203 and parameters: {'augment_factor': 2, 'chunk_seconds': 3, 'num_freqs': 3, 'num_estimators': 256, 'max_depth': 128, 'window_seconds': 9, 'num_subwindows': 7, 'subwindow_freq': 7, 'use_window_slope': False, 'use_subwindow_slope': True, 'use_smote': True, 'smote_k_neighbors': 5}. Best is trial 74 with value: 0.5307277818185733.
[0.44107593 0.41766662 0.73953193 0.81837903 0.21214966 0.        ]
[I 2025-12-13 13:07:49,668] Trial 80 finished with value: 0.4381338607997122 and parameters: {'augment_factor': 2, 'chunk_seconds': 2, 'num_freqs': 4, 'num_estimators': 8, 'max_depth': 128, 'window_seconds': 9, 'num_subwindows': 6, 'subwindow_freq': 4, 'use_window_slope': False, 'use_subwindow_slope': True, 'use_smote': True, 'smote_k_neighbors': 6}. Best is trial 74 with value: 0.5307277818185733.
[0.59568185 0.47738765 0.79577074 0.86081073 0.40953815 0.        ]
[I 2025-12-13 13:16:10,208] Trial 81 finished with value: 0.5231981860339298 and parameters: {'augment_factor': 2, 'chunk_seconds': 3, 'num_freqs': 3, 'num_estimators': 256, 'max_depth': 64, 'window_seconds': 10, 'num_subwindows': 9, 'subwindow_freq': 6, 'use_window_slope': False, 'use_subwindow_slope': True, 'use_smote': True, 'smote_k_neighbors': 6}. Best is trial 74 with value: 0.5307277818185733.
[0.64489796 0.45699959 0.77916877 0.86395121 0.15483027 0.        ]
[I 2025-12-13 13:21:43,473] Trial 82 finished with value: 0.483307967554492 and parameters: {'augment_factor': 2, 'chunk_seconds': 4, 'num_freqs': 3, 'num_estimators': 256, 'max_depth': 64, 'window_seconds': 10, 'num_subwindows': 8, 'subwindow_freq': 5, 'use_window_slope': False, 'use_subwindow_slope': True, 'use_smote': True, 'smote_k_neighbors': 4}. Best is trial 74 with value: 0.5307277818185733.
[0.65456748 0.48281667 0.78757287 0.86859825 0.11662782 0.        ]
[I 2025-12-13 13:30:54,723] Trial 83 finished with value: 0.4850305158563119 and parameters: {'augment_factor': 2, 'chunk_seconds': 3, 'num_freqs': 5, 'num_estimators': 256, 'max_depth': 64, 'window_seconds': 10, 'num_subwindows': 10, 'subwindow_freq': 8, 'use_window_slope': False, 'use_subwindow_slope': True, 'use_smote': True, 'smote_k_neighbors': 6}. Best is trial 74 with value: 0.5307277818185733.
[0.57355415 0.358776   0.79652119 0.86810289 0.31254699 0.        ]
[I 2025-12-13 13:36:11,915] Trial 84 finished with value: 0.48491687093434654 and parameters: {'augment_factor': 8, 'chunk_seconds': 5, 'num_freqs': 2, 'num_estimators': 256, 'max_depth': 64, 'window_seconds': 10, 'num_subwindows': 11, 'subwindow_freq': 4, 'use_window_slope': False, 'use_subwindow_slope': True, 'use_smote': True, 'smote_k_neighbors': 5}. Best is trial 74 with value: 0.5307277818185733.
[0.43945182 0.36991163 0.72437345 0.8627036  0.28323939 0.        ]
[I 2025-12-13 13:46:20,061] Trial 85 finished with value: 0.4466133147016052 and parameters: {'augment_factor': 2, 'chunk_seconds': 2, 'num_freqs': 4, 'num_estimators': 256, 'max_depth': 8, 'window_seconds': 9, 'num_subwindows': 9, 'subwindow_freq': 6, 'use_window_slope': False, 'use_subwindow_slope': True, 'use_smote': True, 'smote_k_neighbors': 7}. Best is trial 74 with value: 0.5307277818185733.
[0.23054554 0.19458708 0.61291256 0.85012489 0.13051465 0.        ]
[I 2025-12-13 13:51:45,799] Trial 86 finished with value: 0.3364474536080568 and parameters: {'augment_factor': 2, 'chunk_seconds': 3, 'num_freqs': 3, 'num_estimators': 256, 'max_depth': 4, 'window_seconds': 8, 'num_subwindows': 8, 'subwindow_freq': 7, 'use_window_slope': False, 'use_subwindow_slope': True, 'use_smote': True, 'smote_k_neighbors': 6}. Best is trial 74 with value: 0.5307277818185733.
[0.57045189 0.50783465 0.78290899 0.85276953 0.43257095 0.        ]
[I 2025-12-13 14:02:11,266] Trial 87 finished with value: 0.5244226684271128 and parameters: {'augment_factor': 2, 'chunk_seconds': 2, 'num_freqs': 1, 'num_estimators': 256, 'max_depth': 128, 'window_seconds': 9, 'num_subwindows': 6, 'subwindow_freq': 9, 'use_window_slope': False, 'use_subwindow_slope': True, 'use_smote': True, 'smote_k_neighbors': 7}. Best is trial 74 with value: 0.5307277818185733.
[0.55391686 0.48828489 0.77518734 0.84538296 0.38193951 0.        ]
[I 2025-12-13 14:08:11,123] Trial 88 finished with value: 0.5074519280151734 and parameters: {'augment_factor': 2, 'chunk_seconds': 2, 'num_freqs': 1, 'num_estimators': 32, 'max_depth': 128, 'window_seconds': 9, 'num_subwindows': 6, 'subwindow_freq': 9, 'use_window_slope': False, 'use_subwindow_slope': True, 'use_smote': True, 'smote_k_neighbors': 7}. Best is trial 74 with value: 0.5307277818185733.
[0.59432834 0.51781157 0.78091113 0.86013475 0.34643712 0.        ]
[I 2025-12-13 14:17:36,664] Trial 89 finished with value: 0.5166038183678173 and parameters: {'augment_factor': 2, 'chunk_seconds': 2, 'num_freqs': 2, 'num_estimators': 256, 'max_depth': 256, 'window_seconds': 9, 'num_subwindows': 5, 'subwindow_freq': 11, 'use_window_slope': False, 'use_subwindow_slope': True, 'use_smote': True, 'smote_k_neighbors': 7}. Best is trial 74 with value: 0.5307277818185733.
Skipping probe: too short (len=824, chunk_size=900)
Skipping probe: too short (len=824, chunk_size=900)
Skipping probe: too short (len=824, chunk_size=900)
Skipping probe: too short (len=824, chunk_size=900)
Skipping probe: too short (len=824, chunk_size=900)
[0.55535324 0.18419194 0.75929284 0.83452902 0.15986912 0.        ]
[I 2025-12-13 14:19:47,038] Trial 90 finished with value: 0.41553935969920613 and parameters: {'augment_factor': 2, 'chunk_seconds': 9, 'num_freqs': 1, 'num_estimators': 256, 'max_depth': 128, 'window_seconds': 8, 'num_subwindows': 7, 'subwindow_freq': 3, 'use_window_slope': False, 'use_subwindow_slope': True, 'use_smote': True, 'smote_k_neighbors': 7}. Best is trial 74 with value: 0.5307277818185733.
[0.46084497 0.29901481 0.7475982  0.83020769 0.19887624 0.        ]
[I 2025-12-13 14:27:48,556] Trial 91 finished with value: 0.42275698539196754 and parameters: {'augment_factor': 2, 'chunk_seconds': 3, 'num_freqs': 2, 'num_estimators': 256, 'max_depth': 128, 'window_seconds': 2, 'num_subwindows': 9, 'subwindow_freq': 7, 'use_window_slope': False, 'use_subwindow_slope': True, 'use_smote': True, 'smote_k_neighbors': 6}. Best is trial 74 with value: 0.5307277818185733.
[0.56839325 0.47586346 0.78644287 0.85200904 0.46796772 0.        ]
[I 2025-12-13 14:42:01,651] Trial 92 finished with value: 0.5251127222187607 and parameters: {'augment_factor': 2, 'chunk_seconds': 2, 'num_freqs': 2, 'num_estimators': 256, 'max_depth': 128, 'window_seconds': 10, 'num_subwindows': 10, 'subwindow_freq': 9, 'use_window_slope': False, 'use_subwindow_slope': True, 'use_smote': True, 'smote_k_neighbors': 7}. Best is trial 74 with value: 0.5307277818185733.
[0.58463819 0.47688761 0.78458824 0.85354994 0.37198144 0.        ]
[I 2025-12-13 14:58:01,452] Trial 93 finished with value: 0.5119409038034659 and parameters: {'augment_factor': 2, 'chunk_seconds': 2, 'num_freqs': 2, 'num_estimators': 256, 'max_depth': 128, 'window_seconds': 10, 'num_subwindows': 12, 'subwindow_freq': 8, 'use_window_slope': False, 'use_subwindow_slope': True, 'use_smote': True, 'smote_k_neighbors': 8}. Best is trial 74 with value: 0.5307277818185733.
[0.55006419 0.53285178 0.78607772 0.85379445 0.4305157  0.        ]
[I 2025-12-13 15:10:17,215] Trial 94 finished with value: 0.5255506411918267 and parameters: {'augment_factor': 8, 'chunk_seconds': 2, 'num_freqs': 1, 'num_estimators': 256, 'max_depth': 128, 'window_seconds': 9, 'num_subwindows': 8, 'subwindow_freq': 9, 'use_window_slope': False, 'use_subwindow_slope': True, 'use_smote': True, 'smote_k_neighbors': 7}. Best is trial 74 with value: 0.5307277818185733.
[0.51699354 0.3811839  0.73919266 0.81820531 0.2539298  0.        ]
[I 2025-12-13 15:17:12,234] Trial 95 finished with value: 0.4515842031783072 and parameters: {'augment_factor': 8, 'chunk_seconds': 2, 'num_freqs': 1, 'num_estimators': 8, 'max_depth': 128, 'window_seconds': 10, 'num_subwindows': 8, 'subwindow_freq': 10, 'use_window_slope': False, 'use_subwindow_slope': True, 'use_smote': True, 'smote_k_neighbors': 7}. Best is trial 74 with value: 0.5307277818185733.
[0.55878424 0.51165743 0.78172689 0.85248952 0.39130777 0.        ]
[I 2025-12-13 15:27:44,085] Trial 96 finished with value: 0.5159943078451726 and parameters: {'augment_factor': 8, 'chunk_seconds': 2, 'num_freqs': 1, 'num_estimators': 256, 'max_depth': 64, 'window_seconds': 9, 'num_subwindows': 6, 'subwindow_freq': 9, 'use_window_slope': False, 'use_subwindow_slope': True, 'use_smote': True, 'smote_k_neighbors': 7}. Best is trial 74 with value: 0.5307277818185733.
[0.6000881  0.48626859 0.77752503 0.86106257 0.2458869  0.        ]
[I 2025-12-13 15:39:44,673] Trial 97 finished with value: 0.49513853101081223 and parameters: {'augment_factor': 8, 'chunk_seconds': 2, 'num_freqs': 1, 'num_estimators': 256, 'max_depth': 128, 'window_seconds': 10, 'num_subwindows': 7, 'subwindow_freq': 11, 'use_window_slope': False, 'use_subwindow_slope': True, 'use_smote': True, 'smote_k_neighbors': 8}. Best is trial 74 with value: 0.5307277818185733.
[0.47771711 0.44565332 0.75989103 0.84689803 0.12400594 0.        ]
[I 2025-12-13 15:44:33,079] Trial 98 finished with value: 0.4423609061400453 and parameters: {'augment_factor': 8, 'chunk_seconds': 3, 'num_freqs': 2, 'num_estimators': 16, 'max_depth': 128, 'window_seconds': 9, 'num_subwindows': 8, 'subwindow_freq': 10, 'use_window_slope': False, 'use_subwindow_slope': True, 'use_smote': True, 'smote_k_neighbors': 7}. Best is trial 74 with value: 0.5307277818185733.
[0.23854261 0.20698943 0.59709964 0.83782995 0.19731735 0.        ]
[I 2025-12-13 15:51:08,877] Trial 99 finished with value: 0.3462964986013241 and parameters: {'augment_factor': 2, 'chunk_seconds': 2, 'num_freqs': 2, 'num_estimators': 256, 'max_depth': 4, 'window_seconds': 8, 'num_subwindows': 6, 'subwindow_freq': 8, 'use_window_slope': False, 'use_subwindow_slope': True, 'use_smote': True, 'smote_k_neighbors': 7}. Best is trial 74 with value: 0.5307277818185733.
{'augment_factor': 2, 'chunk_seconds': 3, 'num_freqs': 3, 'num_estimators': 256, 'max_depth': 128, 'window_seconds': 10, 'num_subwindows': 7, 'subwindow_freq': 6, 'use_window_slope': False, 'use_subwindow_slope': True, 'use_smote': True, 'smote_k_neighbors': 6}
Job finished at: Sat Dec 13 15:51:10 EST 2025
