uv version: uv 0.9.5
Running on host: gpu04.cluster
Job started at: Sun Nov 16 11:47:51 EST 2025
Running job ID: 508368
Loading Data...
[W 2025-11-16 11:48:00,003] Trial 0 failed with parameters: {'augment_factor': 4} because of the following error: ModuleNotFoundError("No module named 'imblearn'").
Traceback (most recent call last):
  File "/home/eyoung4-swat/hmc-epg-project/machine-learning/.venv/lib/python3.13/site-packages/optuna/study/_optimize.py", line 201, in _run_trial
    value_or_values = func(trial)
  File "/home/eyoung4-swat/hmc-epg-project/machine-learning/mosquito/model_eval.py", line 333, in <lambda>
    study.optimize(lambda x : optuna_objective(data, args, x, **kwargs), n_trials = 100, show_progress_bar=True, )
                              ~~~~~~~~~~~~~~~~^^^^^^^^^^^^^^^^^^^^^^^^^
  File "/home/eyoung4-swat/hmc-epg-project/machine-learning/mosquito/model_eval.py", line 243, in optuna_objective
    model_import = dynamic_importer(args.model_path)
  File "/home/eyoung4-swat/hmc-epg-project/machine-learning/mosquito/model_eval.py", line 131, in dynamic_importer
    spec.loader.exec_module(model)
    ~~~~~~~~~~~~~~~~~~~~~~~^^^^^^^
  File "<frozen importlib._bootstrap_external>", line 1027, in exec_module
  File "<frozen importlib._bootstrap>", line 488, in _call_with_frames_removed
  File "/home/eyoung4-swat/hmc-epg-project/machine-learning/mosquito/rf_sunwindow_smote.py", line 12, in <module>
    from imblearn.over_sampling import SMOTE
ModuleNotFoundError: No module named 'imblearn'
[W 2025-11-16 11:48:00,053] Trial 0 failed with value None.
Job finished at: Sun Nov 16 11:48:00 EST 2025
