uv version: uv 0.9.5
Running on host: gpu04.cluster
Job started at: Fri Nov  7 10:08:42 EST 2025
Running job ID: 501050
Loading Data...
[0.3571275  0.06383691 0.80148402 0.86612895 0.         0.        ]
[I 2025-11-07 10:11:15,827] Trial 0 finished with value: 0.3480962292881853 and parameters: {'augment_factor': 4, 'chunk_seconds': 1.998200956891532, 'num_freqs': 10, 'num_estimators': 55, 'learning_rate': 0.01113467445405925, 'max_depth': 6, 'min_samples_split': 15, 'min_samples_leaf': 5, 'subsample': 0.8208894110429311, 'window_seconds': 2}. Best is trial 0 with value: 0.3480962292881853.
[W 2025-11-07 10:18:38,987] Trial 1 failed with parameters: {'augment_factor': 2, 'chunk_seconds': 1.7149438991794195, 'num_freqs': 14, 'num_estimators': 291, 'learning_rate': 0.04021980906395736, 'max_depth': 6, 'min_samples_split': 11, 'min_samples_leaf': 3, 'subsample': 0.9706996162004478, 'window_seconds': 3} because of the following error: NameError("name 'defaultdict' is not defined").
Traceback (most recent call last):
  File "/home/eyoung4-swat/hmc-epg-project/machine-learning/.venv/lib/python3.13/site-packages/optuna/study/_optimize.py", line 201, in _run_trial
    value_or_values = func(trial)
  File "/home/eyoung4-swat/hmc-epg-project/machine-learning/mosquito/model_eval.py", line 333, in <lambda>
    study.optimize(lambda x : optuna_objective(data, args, x, **kwargs), n_trials = 100, show_progress_bar=True, )
                              ~~~~~~~~~~~~~~~~^^^^^^^^^^^^^^^^^^^^^^^^^
  File "/home/eyoung4-swat/hmc-epg-project/machine-learning/mosquito/model_eval.py", line 246, in optuna_objective
    model.train(train_data, test_data, fold)
    ~~~~~~~~~~~^^^^^^^^^^^^^^^^^^^^^^^^^^^^^
  File "/home/eyoung4-swat/hmc-epg-project/machine-learning/mosquito/boosting.py", line 137, in train
    transformed_probes = self.transform_data(probes)
  File "/home/eyoung4-swat/hmc-epg-project/machine-learning/mosquito/boosting.py", line 72, in transform_data
    columns = defaultdict(list)
              ^^^^^^^^^^^
NameError: name 'defaultdict' is not defined
[W 2025-11-07 10:18:38,992] Trial 1 failed with value None.
Job finished at: Fri Nov  7 10:18:39 EST 2025
