uv version: uv 0.9.5
Running on host: gpu04.cluster
Job started at: Thu Oct 30 22:39:31 EDT 2025
Running job ID: 499339
Loading Data...
[0.531839   0.26723142 0.65850287 0.70920318 0.00757116 0.        ]
[I 2025-10-30 22:42:06,327] Trial 0 finished with value: 0.36239127128926957 and parameters: {'augment_factor': 1, 'chunk_seconds': 1, 'num_freqs': 1, 'num_estimators': 128, 'max_depth': 128, 'window_seconds': 2}. Best is trial 0 with value: 0.36239127128926957.
[0.51701662 0.22133681 0.65256513 0.69968632 0.00867295 0.        ]
[I 2025-10-30 22:43:18,214] Trial 1 finished with value: 0.3498796388549794 and parameters: {'augment_factor': 8, 'chunk_seconds': 2, 'num_freqs': 1, 'num_estimators': 32, 'max_depth': 16, 'window_seconds': 2}. Best is trial 0 with value: 0.36239127128926957.
[0.6063537  0.23036841 0.76953692 0.83579417 0.01842767 0.        ]
[I 2025-10-30 22:44:13,346] Trial 2 finished with value: 0.4100801458401934 and parameters: {'augment_factor': 1, 'chunk_seconds': 3, 'num_freqs': 7, 'num_estimators': 16, 'max_depth': 32, 'window_seconds': 3}. Best is trial 2 with value: 0.4100801458401934.
[0.61579714 0.37397507 0.74525434 0.80213078 0.01172978 0.        ]
[I 2025-10-30 22:45:28,540] Trial 3 finished with value: 0.42481451916748086 and parameters: {'augment_factor': 1, 'chunk_seconds': 2, 'num_freqs': 6, 'num_estimators': 16, 'max_depth': 32, 'window_seconds': 5}. Best is trial 3 with value: 0.42481451916748086.
[0.47419413 0.19116193 0.70731926 0.852223   0.06200405 0.        ]
[I 2025-10-30 22:46:25,752] Trial 4 finished with value: 0.381150395958565 and parameters: {'augment_factor': 2, 'chunk_seconds': 3, 'num_freqs': 8, 'num_estimators': 64, 'max_depth': 8, 'window_seconds': 4}. Best is trial 3 with value: 0.42481451916748086.
[0.59471628 0.29646927 0.75609251 0.82355701 0.00790777 0.        ]
[I 2025-10-30 22:47:40,614] Trial 5 finished with value: 0.4131238072721663 and parameters: {'augment_factor': 8, 'chunk_seconds': 2, 'num_freqs': 6, 'num_estimators': 32, 'max_depth': 32, 'window_seconds': 3}. Best is trial 3 with value: 0.42481451916748086.
[0.37165876 0.15384338 0.65826212 0.83717551 0.0676966  0.        ]
[I 2025-10-30 22:49:45,768] Trial 6 finished with value: 0.3481060620682897 and parameters: {'augment_factor': 1, 'chunk_seconds': 1, 'num_freqs': 8, 'num_estimators': 8, 'max_depth': 8, 'window_seconds': 3}. Best is trial 3 with value: 0.42481451916748086.
[0.58292686 0.26240156 0.71970852 0.78378918 0.00711559 0.        ]
[I 2025-10-30 22:50:56,952] Trial 7 finished with value: 0.39265695218711744 and parameters: {'augment_factor': 4, 'chunk_seconds': 2, 'num_freqs': 3, 'num_estimators': 16, 'max_depth': 128, 'window_seconds': 2}. Best is trial 3 with value: 0.42481451916748086.
[0.63557048 0.36247596 0.75133819 0.82013156 0.00603345 0.        ]
[I 2025-10-30 22:53:20,034] Trial 8 finished with value: 0.429258274454103 and parameters: {'augment_factor': 8, 'chunk_seconds': 1, 'num_freqs': 7, 'num_estimators': 64, 'max_depth': 32, 'window_seconds': 5}. Best is trial 8 with value: 0.429258274454103.
[0.47424753 0.13654247 0.68368937 0.84063752 0.06583735 0.        ]
[I 2025-10-30 22:54:37,523] Trial 9 finished with value: 0.3668257039174585 and parameters: {'augment_factor': 1, 'chunk_seconds': 2, 'num_freqs': 6, 'num_estimators': 128, 'max_depth': 8, 'window_seconds': 2}. Best is trial 8 with value: 0.429258274454103.
[0.61825576 0.37736165 0.7662255  0.83528798 0.00675859 0.        ]
[I 2025-10-30 22:57:03,507] Trial 10 finished with value: 0.4339815797149478 and parameters: {'augment_factor': 8, 'chunk_seconds': 1, 'num_freqs': 10, 'num_estimators': 64, 'max_depth': 64, 'window_seconds': 5}. Best is trial 10 with value: 0.4339815797149478.
[0.63864388 0.36036433 0.76709032 0.83870845 0.007373   0.        ]
[I 2025-10-30 22:59:29,181] Trial 11 finished with value: 0.43536333050132825 and parameters: {'augment_factor': 8, 'chunk_seconds': 1, 'num_freqs': 10, 'num_estimators': 64, 'max_depth': 64, 'window_seconds': 5}. Best is trial 11 with value: 0.43536333050132825.
[0.63928299 0.38342039 0.76484085 0.83295118 0.00617768 0.        ]
[I 2025-10-30 23:01:55,205] Trial 12 finished with value: 0.43777884844138587 and parameters: {'augment_factor': 8, 'chunk_seconds': 1, 'num_freqs': 10, 'num_estimators': 64, 'max_depth': 64, 'window_seconds': 5}. Best is trial 12 with value: 0.43777884844138587.
[0.6241263  0.36799555 0.76537158 0.83403247 0.00860581 0.        ]
[I 2025-10-30 23:04:18,753] Trial 13 finished with value: 0.4333552835489331 and parameters: {'augment_factor': 8, 'chunk_seconds': 1, 'num_freqs': 10, 'num_estimators': 64, 'max_depth': 64, 'window_seconds': 4}. Best is trial 12 with value: 0.43777884844138587.
[0.62516749 0.36379299 0.75964809 0.82887928 0.00727213 0.        ]
[I 2025-10-30 23:06:42,378] Trial 14 finished with value: 0.43079333060077746 and parameters: {'augment_factor': 2, 'chunk_seconds': 1, 'num_freqs': 9, 'num_estimators': 64, 'max_depth': 64, 'window_seconds': 4}. Best is trial 12 with value: 0.43777884844138587.
[0.56916447 0.33284211 0.70901373 0.76120908 0.00671229 0.        ]
[I 2025-10-30 23:08:51,021] Trial 15 finished with value: 0.3964902795862622 and parameters: {'augment_factor': 4, 'chunk_seconds': 1, 'num_freqs': 4, 'num_estimators': 8, 'max_depth': 64, 'window_seconds': 5}. Best is trial 12 with value: 0.43777884844138587.
[0.62298724 0.38218179 0.76543426 0.83730097 0.00667814 0.        ]
[I 2025-10-30 23:11:14,151] Trial 16 finished with value: 0.4357637323791757 and parameters: {'augment_factor': 8, 'chunk_seconds': 1, 'num_freqs': 10, 'num_estimators': 64, 'max_depth': 64, 'window_seconds': 4}. Best is trial 12 with value: 0.43777884844138587.
[0.55206294 0.28877129 0.74934038 0.85406285 0.07038496 0.        ]
[I 2025-10-30 23:12:13,640] Trial 17 finished with value: 0.4191037354034642 and parameters: {'augment_factor': 8, 'chunk_seconds': 3, 'num_freqs': 9, 'num_estimators': 64, 'max_depth': 16, 'window_seconds': 4}. Best is trial 12 with value: 0.43777884844138587.
[0.621241   0.3627631  0.76054996 0.83081909 0.00599432 0.        ]
[I 2025-10-30 23:14:36,785] Trial 18 finished with value: 0.4302279099179878 and parameters: {'augment_factor': 8, 'chunk_seconds': 1, 'num_freqs': 9, 'num_estimators': 64, 'max_depth': 64, 'window_seconds': 4}. Best is trial 12 with value: 0.43777884844138587.
[0.60600684 0.32531165 0.70711626 0.76106294 0.00510278 0.        ]
[I 2025-10-30 23:15:53,281] Trial 19 finished with value: 0.40076674469163254 and parameters: {'augment_factor': 4, 'chunk_seconds': 2, 'num_freqs': 3, 'num_estimators': 32, 'max_depth': 64, 'window_seconds': 5}. Best is trial 12 with value: 0.43777884844138587.
[0.62037229 0.27959749 0.77391084 0.84592517 0.00685535 0.        ]
[I 2025-10-30 23:17:19,062] Trial 20 finished with value: 0.42111019042292 and parameters: {'augment_factor': 8, 'chunk_seconds': 2, 'num_freqs': 8, 'num_estimators': 128, 'max_depth': 64, 'window_seconds': 4}. Best is trial 12 with value: 0.43777884844138587.
[0.62027676 0.37498314 0.76554415 0.83630709 0.00672113 0.        ]
[I 2025-10-30 23:19:44,748] Trial 21 finished with value: 0.43397204434194125 and parameters: {'augment_factor': 8, 'chunk_seconds': 1, 'num_freqs': 10, 'num_estimators': 64, 'max_depth': 64, 'window_seconds': 5}. Best is trial 12 with value: 0.43777884844138587.
[0.63694117 0.36342231 0.76836189 0.83910514 0.00798995 0.        ]
[I 2025-10-30 23:22:10,475] Trial 22 finished with value: 0.4359700754204266 and parameters: {'augment_factor': 8, 'chunk_seconds': 1, 'num_freqs': 10, 'num_estimators': 64, 'max_depth': 64, 'window_seconds': 5}. Best is trial 12 with value: 0.43777884844138587.
[0.64234208 0.38619978 0.76211559 0.83036116 0.00736324 0.        ]
[I 2025-10-30 23:24:36,652] Trial 23 finished with value: 0.43806364208296616 and parameters: {'augment_factor': 2, 'chunk_seconds': 1, 'num_freqs': 9, 'num_estimators': 64, 'max_depth': 64, 'window_seconds': 5}. Best is trial 23 with value: 0.43806364208296616.
[0.62459715 0.40625967 0.7317187  0.83530808 0.06721437 0.        ]
[I 2025-10-30 23:26:59,974] Trial 24 finished with value: 0.44418299387014276 and parameters: {'augment_factor': 2, 'chunk_seconds': 1, 'num_freqs': 9, 'num_estimators': 64, 'max_depth': 16, 'window_seconds': 5}. Best is trial 24 with value: 0.44418299387014276.
[0.54922891 0.33804605 0.72428523 0.82620979 0.06236248 0.        ]
[I 2025-10-30 23:29:09,391] Trial 25 finished with value: 0.41668874266047307 and parameters: {'augment_factor': 2, 'chunk_seconds': 1, 'num_freqs': 9, 'num_estimators': 8, 'max_depth': 16, 'window_seconds': 5}. Best is trial 24 with value: 0.44418299387014276.
[0.62796898 0.39326573 0.73034965 0.83148738 0.06522908 0.        ]
[I 2025-10-30 23:31:29,477] Trial 26 finished with value: 0.44138347113672816 and parameters: {'augment_factor': 2, 'chunk_seconds': 1, 'num_freqs': 7, 'num_estimators': 64, 'max_depth': 16, 'window_seconds': 5}. Best is trial 24 with value: 0.44418299387014276.
[0.59960653 0.38095623 0.73102264 0.82896153 0.06048548 0.        ]
[I 2025-10-30 23:33:49,066] Trial 27 finished with value: 0.43350540074191374 and parameters: {'augment_factor': 2, 'chunk_seconds': 1, 'num_freqs': 7, 'num_estimators': 64, 'max_depth': 16, 'window_seconds': 5}. Best is trial 24 with value: 0.44418299387014276.
[0.62051459 0.34600124 0.73655513 0.81774543 0.0588436  0.        ]
[I 2025-10-30 23:35:07,404] Trial 28 finished with value: 0.42994333190324735 and parameters: {'augment_factor': 2, 'chunk_seconds': 2, 'num_freqs': 5, 'num_estimators': 64, 'max_depth': 16, 'window_seconds': 4}. Best is trial 24 with value: 0.44418299387014276.
[0.63390052 0.36149138 0.7628793  0.83186807 0.00683238 0.        ]
[I 2025-10-30 23:37:43,468] Trial 29 finished with value: 0.43282860845962823 and parameters: {'augment_factor': 2, 'chunk_seconds': 1, 'num_freqs': 8, 'num_estimators': 128, 'max_depth': 128, 'window_seconds': 5}. Best is trial 24 with value: 0.44418299387014276.
[0.57799258 0.29150691 0.75111817 0.836585   0.05515619 0.        ]
[I 2025-10-30 23:39:49,322] Trial 30 finished with value: 0.4187264760774309 and parameters: {'augment_factor': 2, 'chunk_seconds': 1, 'num_freqs': 7, 'num_estimators': 16, 'max_depth': 16, 'window_seconds': 3}. Best is trial 24 with value: 0.44418299387014276.
[0.62225646 0.41727146 0.73283602 0.8392438  0.06813278 0.        ]
[I 2025-10-30 23:42:12,808] Trial 31 finished with value: 0.44662342046438286 and parameters: {'augment_factor': 2, 'chunk_seconds': 1, 'num_freqs': 9, 'num_estimators': 64, 'max_depth': 16, 'window_seconds': 5}. Best is trial 31 with value: 0.44662342046438286.
[0.63490728 0.40655018 0.73823535 0.84144183 0.06681926 0.        ]
[I 2025-10-30 23:44:36,330] Trial 32 finished with value: 0.4479923178994441 and parameters: {'augment_factor': 2, 'chunk_seconds': 1, 'num_freqs': 9, 'num_estimators': 64, 'max_depth': 16, 'window_seconds': 5}. Best is trial 32 with value: 0.4479923178994441.
[0.61412549 0.38930212 0.7310774  0.83290484 0.06932045 0.        ]
[I 2025-10-30 23:46:50,012] Trial 33 finished with value: 0.43945504890249487 and parameters: {'augment_factor': 2, 'chunk_seconds': 1, 'num_freqs': 8, 'num_estimators': 32, 'max_depth': 16, 'window_seconds': 5}. Best is trial 32 with value: 0.4479923178994441.
[0.61180785 0.34770493 0.74983181 0.85004582 0.06594256 0.        ]
[I 2025-10-30 23:48:11,133] Trial 34 finished with value: 0.4375554934420199 and parameters: {'augment_factor': 2, 'chunk_seconds': 2, 'num_freqs': 9, 'num_estimators': 64, 'max_depth': 16, 'window_seconds': 5}. Best is trial 32 with value: 0.4479923178994441.
[0.62009007 0.40485468 0.72145309 0.7984984  0.05096538 0.        ]
[I 2025-10-30 23:50:31,265] Trial 35 finished with value: 0.4326436020375562 and parameters: {'augment_factor': 2, 'chunk_seconds': 1, 'num_freqs': 5, 'num_estimators': 64, 'max_depth': 16, 'window_seconds': 5}. Best is trial 32 with value: 0.4479923178994441.
[0.42233375 0.35878975 0.63713249 0.67013108 0.00791833 0.        ]
[I 2025-10-30 23:52:40,385] Trial 36 finished with value: 0.3493842327785622 and parameters: {'augment_factor': 2, 'chunk_seconds': 1, 'num_freqs': 1, 'num_estimators': 16, 'max_depth': 16, 'window_seconds': 5}. Best is trial 32 with value: 0.4479923178994441.
[0.57686481 0.26127441 0.72516868 0.81073067 0.05848045 0.        ]
[I 2025-10-30 23:53:35,261] Trial 37 finished with value: 0.40541983703833523 and parameters: {'augment_factor': 2, 'chunk_seconds': 3, 'num_freqs': 7, 'num_estimators': 8, 'max_depth': 16, 'window_seconds': 4}. Best is trial 32 with value: 0.4479923178994441.
[0.61742172 0.36462983 0.74351388 0.83929171 0.06666612 0.        ]
[I 2025-10-30 23:54:51,315] Trial 38 finished with value: 0.43858720975991045 and parameters: {'augment_factor': 2, 'chunk_seconds': 2, 'num_freqs': 8, 'num_estimators': 32, 'max_depth': 16, 'window_seconds': 5}. Best is trial 32 with value: 0.4479923178994441.
[0.59604649 0.32973711 0.75076065 0.83783326 0.05865388 0.        ]
[I 2025-10-30 23:57:06,574] Trial 39 finished with value: 0.42883856529476877 and parameters: {'augment_factor': 1, 'chunk_seconds': 1, 'num_freqs': 7, 'num_estimators': 64, 'max_depth': 16, 'window_seconds': 3}. Best is trial 32 with value: 0.4479923178994441.
[0.65142037 0.38083681 0.7453429  0.8111351  0.00668031 0.        ]
[I 2025-10-30 23:59:42,807] Trial 40 finished with value: 0.43256924996827667 and parameters: {'augment_factor': 2, 'chunk_seconds': 1, 'num_freqs': 6, 'num_estimators': 128, 'max_depth': 128, 'window_seconds': 5}. Best is trial 32 with value: 0.4479923178994441.
[0.60933674 0.38347267 0.73862133 0.83886171 0.06394207 0.        ]
[I 2025-10-31 00:01:56,321] Trial 41 finished with value: 0.4390390864062757 and parameters: {'augment_factor': 2, 'chunk_seconds': 1, 'num_freqs': 8, 'num_estimators': 32, 'max_depth': 16, 'window_seconds': 5}. Best is trial 32 with value: 0.4479923178994441.
[0.61737445 0.37236819 0.73303648 0.83323199 0.06632686 0.        ]
[I 2025-10-31 00:04:09,694] Trial 42 finished with value: 0.43705632775100406 and parameters: {'augment_factor': 2, 'chunk_seconds': 1, 'num_freqs': 8, 'num_estimators': 32, 'max_depth': 16, 'window_seconds': 5}. Best is trial 32 with value: 0.4479923178994441.
[0.64395585 0.33530735 0.75614121 0.8252036  0.00675355 0.        ]
[I 2025-10-31 00:06:24,272] Trial 43 finished with value: 0.4278935911336079 and parameters: {'augment_factor': 2, 'chunk_seconds': 1, 'num_freqs': 8, 'num_estimators': 32, 'max_depth': 32, 'window_seconds': 5}. Best is trial 32 with value: 0.4479923178994441.
[0.47734248 0.20406176 0.70271017 0.84747225 0.06316707 0.        ]
[I 2025-10-31 00:08:36,473] Trial 44 finished with value: 0.3824589573879022 and parameters: {'augment_factor': 2, 'chunk_seconds': 1, 'num_freqs': 9, 'num_estimators': 32, 'max_depth': 8, 'window_seconds': 5}. Best is trial 32 with value: 0.4479923178994441.
[0.60454685 0.24295412 0.73918863 0.81915207 0.05185497 0.        ]
[I 2025-10-31 00:10:38,753] Trial 45 finished with value: 0.40961610864286174 and parameters: {'augment_factor': 4, 'chunk_seconds': 1, 'num_freqs': 6, 'num_estimators': 16, 'max_depth': 16, 'window_seconds': 2}. Best is trial 32 with value: 0.4479923178994441.
[0.61179971 0.34720203 0.75054121 0.85106177 0.06770997 0.        ]
[I 2025-10-31 00:11:59,773] Trial 46 finished with value: 0.43805244925839154 and parameters: {'augment_factor': 1, 'chunk_seconds': 2, 'num_freqs': 9, 'num_estimators': 64, 'max_depth': 16, 'window_seconds': 5}. Best is trial 32 with value: 0.4479923178994441.
[0.59972414 0.34965258 0.72755878 0.82826335 0.06666113 0.        ]
[I 2025-10-31 00:14:11,109] Trial 47 finished with value: 0.42864333063731835 and parameters: {'augment_factor': 2, 'chunk_seconds': 1, 'num_freqs': 7, 'num_estimators': 32, 'max_depth': 16, 'window_seconds': 4}. Best is trial 32 with value: 0.4479923178994441.
[0.6026316  0.36749201 0.75811971 0.82716264 0.00682104 0.        ]
[I 2025-10-31 00:16:33,307] Trial 48 finished with value: 0.42703783266748746 and parameters: {'augment_factor': 2, 'chunk_seconds': 1, 'num_freqs': 8, 'num_estimators': 64, 'max_depth': 32, 'window_seconds': 5}. Best is trial 32 with value: 0.4479923178994441.
[0.49194378 0.21678879 0.71290402 0.84898302 0.1494073  0.        ]
[I 2025-10-31 00:18:50,550] Trial 49 finished with value: 0.40333781866993607 and parameters: {'augment_factor': 2, 'chunk_seconds': 1, 'num_freqs': 9, 'num_estimators': 64, 'max_depth': 8, 'window_seconds': 5}. Best is trial 32 with value: 0.4479923178994441.
[0.55730762 0.31751284 0.73691275 0.83307209 0.06212795 0.        ]
[I 2025-10-31 00:20:03,542] Trial 50 finished with value: 0.41782220849823376 and parameters: {'augment_factor': 2, 'chunk_seconds': 2, 'num_freqs': 10, 'num_estimators': 8, 'max_depth': 16, 'window_seconds': 4}. Best is trial 32 with value: 0.4479923178994441.
[0.59584945 0.37195679 0.73729287 0.83626706 0.06605967 0.        ]
[I 2025-10-31 00:22:16,899] Trial 51 finished with value: 0.434570974040737 and parameters: {'augment_factor': 2, 'chunk_seconds': 1, 'num_freqs': 8, 'num_estimators': 32, 'max_depth': 16, 'window_seconds': 5}. Best is trial 32 with value: 0.4479923178994441.
[0.61840559 0.38576376 0.73236875 0.82961531 0.06322966 0.        ]
[I 2025-10-31 00:24:30,471] Trial 52 finished with value: 0.4382305139943424 and parameters: {'augment_factor': 2, 'chunk_seconds': 1, 'num_freqs': 8, 'num_estimators': 32, 'max_depth': 16, 'window_seconds': 5}. Best is trial 32 with value: 0.4479923178994441.
[0.63927091 0.3919964  0.73860119 0.84258477 0.06647812 0.        ]
[I 2025-10-31 00:26:45,473] Trial 53 finished with value: 0.4464885663503522 and parameters: {'augment_factor': 2, 'chunk_seconds': 1, 'num_freqs': 9, 'num_estimators': 32, 'max_depth': 16, 'window_seconds': 5}. Best is trial 32 with value: 0.4479923178994441.
[0.60664835 0.38169338 0.72919241 0.83611357 0.06734842 0.        ]
[I 2025-10-31 00:29:00,894] Trial 54 finished with value: 0.43683268813285586 and parameters: {'augment_factor': 4, 'chunk_seconds': 1, 'num_freqs': 9, 'num_estimators': 32, 'max_depth': 16, 'window_seconds': 5}. Best is trial 32 with value: 0.4479923178994441.
[0.62263739 0.37059895 0.76339438 0.83501483 0.00545942 0.        ]
[I 2025-10-31 00:31:26,805] Trial 55 finished with value: 0.432850828056002 and parameters: {'augment_factor': 1, 'chunk_seconds': 1, 'num_freqs': 10, 'num_estimators': 64, 'max_depth': 128, 'window_seconds': 5}. Best is trial 32 with value: 0.4479923178994441.
[0.63230606 0.40061734 0.73550765 0.8403473  0.06632901 0.        ]
[I 2025-10-31 00:33:50,553] Trial 56 finished with value: 0.445851227947259 and parameters: {'augment_factor': 2, 'chunk_seconds': 1, 'num_freqs': 9, 'num_estimators': 64, 'max_depth': 16, 'window_seconds': 5}. Best is trial 32 with value: 0.4479923178994441.
[0.63154867 0.39492359 0.73550809 0.83721955 0.06906565 0.        ]
[I 2025-10-31 00:36:13,964] Trial 57 finished with value: 0.444710925283089 and parameters: {'augment_factor': 2, 'chunk_seconds': 1, 'num_freqs': 9, 'num_estimators': 64, 'max_depth': 16, 'window_seconds': 5}. Best is trial 32 with value: 0.4479923178994441.
[0.62225225 0.37513888 0.76040702 0.83166913 0.00844223 0.        ]
[I 2025-10-31 00:38:37,887] Trial 58 finished with value: 0.43298491779661497 and parameters: {'augment_factor': 2, 'chunk_seconds': 1, 'num_freqs': 9, 'num_estimators': 64, 'max_depth': 32, 'window_seconds': 4}. Best is trial 32 with value: 0.4479923178994441.
[0.47432032 0.22201905 0.7204983  0.84847664 0.32191719 0.        ]
[I 2025-10-31 00:40:55,285] Trial 59 finished with value: 0.43120525088911177 and parameters: {'augment_factor': 2, 'chunk_seconds': 1, 'num_freqs': 10, 'num_estimators': 64, 'max_depth': 8, 'window_seconds': 5}. Best is trial 32 with value: 0.4479923178994441.
[0.54578207 0.27186007 0.74889301 0.83054549 0.05318617 0.        ]
[I 2025-10-31 00:43:09,962] Trial 60 finished with value: 0.40837780020923775 and parameters: {'augment_factor': 4, 'chunk_seconds': 1, 'num_freqs': 9, 'num_estimators': 64, 'max_depth': 16, 'window_seconds': 2}. Best is trial 32 with value: 0.4479923178994441.
[0.60298579 0.39215201 0.7363986  0.84160914 0.06654877 0.        ]
[I 2025-10-31 00:45:33,551] Trial 61 finished with value: 0.4399490501748185 and parameters: {'augment_factor': 2, 'chunk_seconds': 1, 'num_freqs': 9, 'num_estimators': 64, 'max_depth': 16, 'window_seconds': 5}. Best is trial 32 with value: 0.4479923178994441.
[0.62928963 0.40787744 0.74022128 0.84476647 0.06640718 0.        ]
[I 2025-10-31 00:47:56,947] Trial 62 finished with value: 0.44809366634336395 and parameters: {'augment_factor': 2, 'chunk_seconds': 1, 'num_freqs': 10, 'num_estimators': 64, 'max_depth': 16, 'window_seconds': 5}. Best is trial 62 with value: 0.44809366634336395.
[0.63650867 0.41267452 0.74647837 0.84952318 0.0674085  0.        ]
[I 2025-10-31 00:50:20,469] Trial 63 finished with value: 0.45209887304981494 and parameters: {'augment_factor': 2, 'chunk_seconds': 1, 'num_freqs': 10, 'num_estimators': 64, 'max_depth': 16, 'window_seconds': 5}. Best is trial 63 with value: 0.45209887304981494.
[0.62753108 0.39926316 0.73964207 0.84569873 0.06721061 0.        ]
[I 2025-10-31 00:52:43,509] Trial 64 finished with value: 0.44655760828697894 and parameters: {'augment_factor': 2, 'chunk_seconds': 1, 'num_freqs': 10, 'num_estimators': 64, 'max_depth': 16, 'window_seconds': 5}. Best is trial 63 with value: 0.45209887304981494.
[0.60997381 0.39906797 0.74045142 0.8490795  0.06651661 0.        ]
[I 2025-10-31 00:55:06,814] Trial 65 finished with value: 0.4441815514474953 and parameters: {'augment_factor': 2, 'chunk_seconds': 1, 'num_freqs': 10, 'num_estimators': 64, 'max_depth': 16, 'window_seconds': 5}. Best is trial 63 with value: 0.45209887304981494.
[0.61840503 0.40073388 0.73866946 0.84483508 0.06618929 0.        ]
[I 2025-10-31 00:57:45,828] Trial 66 finished with value: 0.4448054570596289 and parameters: {'augment_factor': 2, 'chunk_seconds': 1, 'num_freqs': 10, 'num_estimators': 128, 'max_depth': 16, 'window_seconds': 5}. Best is trial 63 with value: 0.45209887304981494.
[0.58973367 0.27244562 0.76000781 0.85772511 0.06858292 0.        ]
[I 2025-10-31 00:58:46,137] Trial 67 finished with value: 0.42474918621391683 and parameters: {'augment_factor': 1, 'chunk_seconds': 3, 'num_freqs': 10, 'num_estimators': 64, 'max_depth': 16, 'window_seconds': 5}. Best is trial 63 with value: 0.45209887304981494.
[0.63119713 0.36156434 0.76787748 0.84088566 0.00612042 0.        ]
[I 2025-10-31 01:01:12,324] Trial 68 finished with value: 0.43460750485124283 and parameters: {'augment_factor': 2, 'chunk_seconds': 1, 'num_freqs': 10, 'num_estimators': 64, 'max_depth': 128, 'window_seconds': 5}. Best is trial 63 with value: 0.45209887304981494.
[0.61711531 0.37896402 0.74183065 0.84379962 0.06846233 0.        ]
[I 2025-10-31 01:03:33,501] Trial 69 finished with value: 0.4416953197061051 and parameters: {'augment_factor': 2, 'chunk_seconds': 1, 'num_freqs': 10, 'num_estimators': 64, 'max_depth': 16, 'window_seconds': 4}. Best is trial 63 with value: 0.45209887304981494.
[0.61056648 0.38053862 0.73141983 0.84193789 0.06896975 0.        ]
[I 2025-10-31 01:05:45,097] Trial 70 finished with value: 0.43890542903246027 and parameters: {'augment_factor': 2, 'chunk_seconds': 1, 'num_freqs': 10, 'num_estimators': 16, 'max_depth': 16, 'window_seconds': 5}. Best is trial 63 with value: 0.45209887304981494.
[0.62311342 0.41020416 0.74126308 0.84561298 0.06800805 0.        ]
[I 2025-10-31 01:08:24,635] Trial 71 finished with value: 0.44803361423063887 and parameters: {'augment_factor': 2, 'chunk_seconds': 1, 'num_freqs': 10, 'num_estimators': 128, 'max_depth': 16, 'window_seconds': 5}. Best is trial 63 with value: 0.45209887304981494.
[0.627864   0.41472534 0.74054253 0.84500276 0.06720975 0.        ]
[I 2025-10-31 01:11:04,101] Trial 72 finished with value: 0.4492240649769756 and parameters: {'augment_factor': 2, 'chunk_seconds': 1, 'num_freqs': 10, 'num_estimators': 128, 'max_depth': 16, 'window_seconds': 5}. Best is trial 63 with value: 0.45209887304981494.
[0.62492913 0.39813921 0.74090539 0.84649549 0.06702129 0.        ]
[I 2025-10-31 01:13:43,634] Trial 73 finished with value: 0.4462484169852648 and parameters: {'augment_factor': 2, 'chunk_seconds': 1, 'num_freqs': 10, 'num_estimators': 128, 'max_depth': 16, 'window_seconds': 5}. Best is trial 63 with value: 0.45209887304981494.
[0.62939507 0.40015735 0.7404983  0.84694595 0.06649299 0.        ]
[I 2025-10-31 01:16:22,965] Trial 74 finished with value: 0.4472482754515496 and parameters: {'augment_factor': 2, 'chunk_seconds': 1, 'num_freqs': 10, 'num_estimators': 128, 'max_depth': 16, 'window_seconds': 5}. Best is trial 63 with value: 0.45209887304981494.
[0.62098595 0.39802372 0.7397988  0.84460545 0.06723158 0.        ]
[I 2025-10-31 01:19:02,473] Trial 75 finished with value: 0.4451075854853481 and parameters: {'augment_factor': 2, 'chunk_seconds': 1, 'num_freqs': 10, 'num_estimators': 128, 'max_depth': 16, 'window_seconds': 5}. Best is trial 63 with value: 0.45209887304981494.
[0.63246515 0.40453079 0.74120714 0.8477907  0.0665639  0.        ]
[I 2025-10-31 01:21:41,359] Trial 76 finished with value: 0.4487596130630948 and parameters: {'augment_factor': 2, 'chunk_seconds': 1, 'num_freqs': 10, 'num_estimators': 128, 'max_depth': 16, 'window_seconds': 5}. Best is trial 63 with value: 0.45209887304981494.
[0.62420004 0.41178817 0.74591293 0.85263835 0.06782238 0.        ]
[I 2025-10-31 01:24:20,608] Trial 77 finished with value: 0.4503936437325653 and parameters: {'augment_factor': 2, 'chunk_seconds': 1, 'num_freqs': 10, 'num_estimators': 128, 'max_depth': 16, 'window_seconds': 5}. Best is trial 63 with value: 0.45209887304981494.
[0.6557132  0.37463683 0.76966865 0.8403576  0.00734813 0.        ]
[I 2025-10-31 01:27:05,759] Trial 78 finished with value: 0.4412874011587888 and parameters: {'augment_factor': 2, 'chunk_seconds': 1, 'num_freqs': 10, 'num_estimators': 128, 'max_depth': 32, 'window_seconds': 5}. Best is trial 63 with value: 0.45209887304981494.
[0.62879584 0.37553627 0.74314565 0.84783519 0.06723035 0.        ]
[I 2025-10-31 01:29:41,969] Trial 79 finished with value: 0.4437572175168336 and parameters: {'augment_factor': 4, 'chunk_seconds': 1, 'num_freqs': 10, 'num_estimators': 128, 'max_depth': 16, 'window_seconds': 4}. Best is trial 63 with value: 0.45209887304981494.
[0.45901839 0.21931692 0.7141636  0.85376268 0.07499113 0.        ]
[I 2025-10-31 01:32:09,322] Trial 80 finished with value: 0.3868754533541592 and parameters: {'augment_factor': 8, 'chunk_seconds': 1, 'num_freqs': 10, 'num_estimators': 128, 'max_depth': 8, 'window_seconds': 5}. Best is trial 63 with value: 0.45209887304981494.
[0.62644478 0.4119425  0.74183536 0.84780797 0.06743007 0.        ]
[I 2025-10-31 01:34:48,809] Trial 81 finished with value: 0.4492434473185713 and parameters: {'augment_factor': 2, 'chunk_seconds': 1, 'num_freqs': 10, 'num_estimators': 128, 'max_depth': 16, 'window_seconds': 5}. Best is trial 63 with value: 0.45209887304981494.
[0.6310504  0.42066642 0.74198754 0.84757414 0.06730704 0.        ]
[I 2025-10-31 01:37:28,174] Trial 82 finished with value: 0.45143092521598827 and parameters: {'augment_factor': 2, 'chunk_seconds': 1, 'num_freqs': 10, 'num_estimators': 128, 'max_depth': 16, 'window_seconds': 5}. Best is trial 63 with value: 0.45209887304981494.
[0.64497092 0.39899889 0.73987875 0.84570928 0.06788942 0.        ]
[I 2025-10-31 01:40:07,437] Trial 83 finished with value: 0.4495745431965994 and parameters: {'augment_factor': 2, 'chunk_seconds': 1, 'num_freqs': 10, 'num_estimators': 128, 'max_depth': 16, 'window_seconds': 5}. Best is trial 63 with value: 0.45209887304981494.
[0.60088218 0.37637908 0.69780023 0.75849572 0.01064715 0.        ]
[I 2025-10-31 01:42:42,824] Trial 84 finished with value: 0.4073673961286357 and parameters: {'augment_factor': 2, 'chunk_seconds': 1, 'num_freqs': 3, 'num_estimators': 128, 'max_depth': 16, 'window_seconds': 5}. Best is trial 63 with value: 0.45209887304981494.
[0.63895609 0.41769931 0.74169838 0.84659055 0.06615871 0.        ]
[I 2025-10-31 01:45:22,117] Trial 85 finished with value: 0.4518505052453794 and parameters: {'augment_factor': 2, 'chunk_seconds': 1, 'num_freqs': 10, 'num_estimators': 128, 'max_depth': 16, 'window_seconds': 5}. Best is trial 63 with value: 0.45209887304981494.
[0.53940073 0.38043854 0.63055889 0.66844611 0.00733609 0.        ]
[I 2025-10-31 01:47:50,880] Trial 86 finished with value: 0.371030060197204 and parameters: {'augment_factor': 2, 'chunk_seconds': 1, 'num_freqs': 1, 'num_estimators': 128, 'max_depth': 16, 'window_seconds': 5}. Best is trial 63 with value: 0.45209887304981494.
[0.63417862 0.41145388 0.74269047 0.84819369 0.06806704 0.        ]
[I 2025-10-31 01:50:30,013] Trial 87 finished with value: 0.4507639486679747 and parameters: {'augment_factor': 2, 'chunk_seconds': 1, 'num_freqs': 10, 'num_estimators': 128, 'max_depth': 16, 'window_seconds': 5}. Best is trial 63 with value: 0.45209887304981494.
[0.62266659 0.33889996 0.75802155 0.84901944 0.05812468 0.        ]
[I 2025-10-31 01:53:04,299] Trial 88 finished with value: 0.4377887022917594 and parameters: {'augment_factor': 2, 'chunk_seconds': 1, 'num_freqs': 10, 'num_estimators': 128, 'max_depth': 16, 'window_seconds': 3}. Best is trial 63 with value: 0.45209887304981494.
[0.62450635 0.39058381 0.76735391 0.83850538 0.00609049 0.        ]
[I 2025-10-31 01:55:49,361] Trial 89 finished with value: 0.4378399907655328 and parameters: {'augment_factor': 1, 'chunk_seconds': 1, 'num_freqs': 10, 'num_estimators': 128, 'max_depth': 128, 'window_seconds': 5}. Best is trial 63 with value: 0.45209887304981494.
[0.62764317 0.41277681 0.73840506 0.84205025 0.06703136 0.        ]
[I 2025-10-31 01:58:28,797] Trial 90 finished with value: 0.447984440147356 and parameters: {'augment_factor': 2, 'chunk_seconds': 1, 'num_freqs': 9, 'num_estimators': 128, 'max_depth': 16, 'window_seconds': 5}. Best is trial 63 with value: 0.45209887304981494.
[0.62690168 0.3964361  0.73827203 0.84497874 0.06637983 0.        ]
[I 2025-10-31 02:01:08,417] Trial 91 finished with value: 0.445494730558059 and parameters: {'augment_factor': 2, 'chunk_seconds': 1, 'num_freqs': 10, 'num_estimators': 128, 'max_depth': 16, 'window_seconds': 5}. Best is trial 63 with value: 0.45209887304981494.
[0.63277277 0.39993417 0.74277628 0.84928103 0.06677406 0.        ]
[I 2025-10-31 02:03:47,835] Trial 92 finished with value: 0.4485897170739063 and parameters: {'augment_factor': 2, 'chunk_seconds': 1, 'num_freqs': 10, 'num_estimators': 128, 'max_depth': 16, 'window_seconds': 5}. Best is trial 63 with value: 0.45209887304981494.
[0.61060807 0.40991901 0.74090827 0.84949803 0.06688975 0.        ]
[I 2025-10-31 02:06:27,217] Trial 93 finished with value: 0.4463038546496394 and parameters: {'augment_factor': 2, 'chunk_seconds': 1, 'num_freqs': 10, 'num_estimators': 128, 'max_depth': 16, 'window_seconds': 5}. Best is trial 63 with value: 0.45209887304981494.
[0.63705287 0.39095201 0.74172141 0.84772037 0.06740078 0.        ]
[I 2025-10-31 02:09:06,178] Trial 94 finished with value: 0.44747457386368367 and parameters: {'augment_factor': 2, 'chunk_seconds': 1, 'num_freqs': 10, 'num_estimators': 128, 'max_depth': 16, 'window_seconds': 5}. Best is trial 63 with value: 0.45209887304981494.
[0.63158305 0.4029312  0.73517854 0.83856379 0.06789052 0.        ]
[I 2025-10-31 02:11:45,829] Trial 95 finished with value: 0.44602451571567703 and parameters: {'augment_factor': 2, 'chunk_seconds': 1, 'num_freqs': 9, 'num_estimators': 128, 'max_depth': 16, 'window_seconds': 5}. Best is trial 63 with value: 0.45209887304981494.
[0.63325328 0.41526335 0.74199431 0.84741588 0.06611762 0.        ]
[I 2025-10-31 02:14:25,241] Trial 96 finished with value: 0.450674075523764 and parameters: {'augment_factor': 2, 'chunk_seconds': 1, 'num_freqs': 10, 'num_estimators': 128, 'max_depth': 16, 'window_seconds': 5}. Best is trial 63 with value: 0.45209887304981494.
[0.62664534 0.40334447 0.73550987 0.84301386 0.06850598 0.        ]
[I 2025-10-31 02:17:04,965] Trial 97 finished with value: 0.44616992090296703 and parameters: {'augment_factor': 8, 'chunk_seconds': 1, 'num_freqs': 9, 'num_estimators': 128, 'max_depth': 16, 'window_seconds': 5}. Best is trial 63 with value: 0.45209887304981494.
[0.6336849  0.37411517 0.76815549 0.84099845 0.00672682 0.        ]
[I 2025-10-31 02:19:50,112] Trial 98 finished with value: 0.4372801377284315 and parameters: {'augment_factor': 2, 'chunk_seconds': 1, 'num_freqs': 10, 'num_estimators': 128, 'max_depth': 64, 'window_seconds': 5}. Best is trial 63 with value: 0.45209887304981494.
[0.62871054 0.37464345 0.75333601 0.85133872 0.06876205 0.        ]
[I 2025-10-31 02:21:19,168] Trial 99 finished with value: 0.4461317957692122 and parameters: {'augment_factor': 2, 'chunk_seconds': 2, 'num_freqs': 9, 'num_estimators': 128, 'max_depth': 16, 'window_seconds': 5}. Best is trial 63 with value: 0.45209887304981494.
{'augment_factor': 2, 'chunk_seconds': 1, 'num_freqs': 10, 'num_estimators': 64, 'max_depth': 16, 'window_seconds': 5}
Job finished at: Fri Oct 31 02:21:34 EDT 2025
