uv version: uv 0.10.4
Running on host: gpu01.cluster
Job started at: Sun Mar 22 22:28:44 EDT 2026
Running job ID: 742048
UNET evaluation
[I 2026-03-22 22:28:52,393] A new study created in memory with name: no-name-e4049674-1ad7-4861-be12-587d4dfba91f
Loading Data...
args.train.folds = 4 <class 'int'>
num cv folds = 5
Evaluating Fold 4
Running nested Optuna for outer fold 4 (inner 5-fold on outer-train)...
  0%|          | 0/50 [00:00<?, ?it/s]                                        0%|          | 0/50 [00:04<?, ?it/s]                                        0%|          | 0/50 [00:04<?, ?it/s]  0%|          | 0/50 [00:04<?, ?it/s]
[W 2026-03-22 22:28:56,794] Trial 0 failed with parameters: {} because of the following error: InstantiationException('Error in call to target \'models.unet.UNet1D\':\nAttributeError("\'bool\' object has no attribute \'suggest_int\'")\nfull_key: model.model').
Traceback (most recent call last):
  File "/home/bzhang2-swat/hmc-epg-project/machine-learning/.venv/lib/python3.13/site-packages/hydra/_internal/instantiate/_instantiate2.py", line 92, in _call_target
    return _target_(*args, **kwargs)
  File "/home/bzhang2-swat/hmc-epg-project/machine-learning/mosquito/models/unet.py", line 357, in __init__
    self.num_layers  = trial.suggest_int("num_layers", 6, 8, step=1)
                       ^^^^^^^^^^^^^^^^^
AttributeError: 'bool' object has no attribute 'suggest_int'

The above exception was the direct cause of the following exception:

Traceback (most recent call last):
  File "/home/bzhang2-swat/hmc-epg-project/machine-learning/.venv/lib/python3.13/site-packages/optuna/study/_optimize.py", line 206, in _run_trial
    value_or_values = func(trial)
  File "/home/bzhang2-swat/hmc-epg-project/machine-learning/mosquito/model_eval.py", line 597, in <lambda>
    lambda t: optuna_objective(
              ~~~~~~~~~~~~~~~~^
        data,
        ^^^^^
    ...<5 lines>...
        **kwargs
        ^^^^^^^^
    ),
    ^
  File "/home/bzhang2-swat/hmc-epg-project/machine-learning/mosquito/model_eval.py", line 495, in optuna_objective
    ret = build_model(args)
  File "/home/bzhang2-swat/hmc-epg-project/machine-learning/mosquito/utilities/model_factory.py", line 8, in build_model
    model = instantiate(cfg)
  File "/home/bzhang2-swat/hmc-epg-project/machine-learning/.venv/lib/python3.13/site-packages/hydra/_internal/instantiate/_instantiate2.py", line 226, in instantiate
    return instantiate_node(
        config, *args, recursive=_recursive_, convert=_convert_, partial=_partial_
    )
  File "/home/bzhang2-swat/hmc-epg-project/machine-learning/.venv/lib/python3.13/site-packages/hydra/_internal/instantiate/_instantiate2.py", line 366, in instantiate_node
    cfg[key] = instantiate_node(
               ~~~~~~~~~~~~~~~~^
        value, convert=convert, recursive=recursive
        ^^^^^^^^^^^^^^^^^^^^^^^^^^^^^^^^^^^^^^^^^^^
    )
    ^
  File "/home/bzhang2-swat/hmc-epg-project/machine-learning/.venv/lib/python3.13/site-packages/hydra/_internal/instantiate/_instantiate2.py", line 342, in instantiate_node
    value = instantiate_node(
        value, convert=convert, recursive=recursive
    )
  File "/home/bzhang2-swat/hmc-epg-project/machine-learning/.venv/lib/python3.13/site-packages/hydra/_internal/instantiate/_instantiate2.py", line 347, in instantiate_node
    return _call_target(_target_, partial, args, kwargs, full_key)
  File "/home/bzhang2-swat/hmc-epg-project/machine-learning/.venv/lib/python3.13/site-packages/hydra/_internal/instantiate/_instantiate2.py", line 97, in _call_target
    raise InstantiationException(msg) from e
hydra.errors.InstantiationException: Error in call to target 'models.unet.UNet1D':
AttributeError("'bool' object has no attribute 'suggest_int'")
full_key: model.model
[W 2026-03-22 22:28:56,831] Trial 0 failed with value None.
Error executing job with overrides: ['model=unet', 'model.model.trial=true']
Error in call to target 'models.unet.UNet1D':
AttributeError("'bool' object has no attribute 'suggest_int'")
full_key: model.model

Set the environment variable HYDRA_FULL_ERROR=1 for a complete stack trace.
UNET_crf evaluation
/home/bzhang2-swat/hmc-epg-project/machine-learning/mosquito/models/unet_crf.py:234: UserWarning: The given NumPy array is not writable, and PyTorch does not support non-writable tensors. This means writing to this tensor will result in undefined behavior. You may want to copy the array to protect its data or make it writable before converting it to a tensor. This type of warning will be suppressed for the rest of this program. (Triggered internally at /pytorch/torch/csrc/utils/tensor_numpy.cpp:206.)
  weights_tensor[mask] = 0.0
Loading Data...
args.train.folds = 4 <class 'int'>
num cv folds = 5
Evaluating Fold 4
73 Training Probes with Augment
Training Model...
Index(['index', 'Unnamed: 0', 'resistance', 'voltage', 'current', 'time',
       'pre_rect', 'post_rect', 'labels', 'file'],
      dtype='str')
Fold 5 Training:   0%|          | 0/128 [00:00<?, ?it/s]Fold 5 Training:   0%|          | 0/128 [00:03<?, ?it/s]
Error executing job with overrides: []
Traceback (most recent call last):
  File "/home/bzhang2-swat/hmc-epg-project/machine-learning/mosquito/model_eval.py", line 653, in main
    model.train(final_train_data, test_data, options = args.train)
    ~~~~~~~~~~~^^^^^^^^^^^^^^^^^^^^^^^^^^^^^^^^^^^^^^^^^^^^^^^^^^^
  File "/home/bzhang2-swat/hmc-epg-project/machine-learning/mosquito/models/unet_crf.py", line 85, in train
    crf = self.model(x.permute(0,2,1))
  File "/home/bzhang2-swat/hmc-epg-project/machine-learning/.venv/lib/python3.13/site-packages/torch/nn/modules/module.py", line 1775, in _wrapped_call_impl
    return self._call_impl(*args, **kwargs)
           ~~~~~~~~~~~~~~~^^^^^^^^^^^^^^^^^
  File "/home/bzhang2-swat/hmc-epg-project/machine-learning/.venv/lib/python3.13/site-packages/torch/nn/modules/module.py", line 1786, in _call_impl
    return forward_call(*args, **kwargs)
  File "/home/bzhang2-swat/hmc-epg-project/machine-learning/mosquito/models/unet_crf.py", line 600, in forward
    x, skip = self.encoders[i](x, return_skip=True)
              ~~~~~~~~~~~~~~~~^^^^^^^^^^^^^^^^^^^^^
  File "/home/bzhang2-swat/hmc-epg-project/machine-learning/.venv/lib/python3.13/site-packages/torch/nn/modules/module.py", line 1775, in _wrapped_call_impl
    return self._call_impl(*args, **kwargs)
           ~~~~~~~~~~~~~~~^^^^^^^^^^^^^^^^^
  File "/home/bzhang2-swat/hmc-epg-project/machine-learning/.venv/lib/python3.13/site-packages/torch/nn/modules/module.py", line 1786, in _call_impl
    return forward_call(*args, **kwargs)
  File "/home/bzhang2-swat/hmc-epg-project/machine-learning/mosquito/models/unet_crf.py", line 735, in forward
    output = self.output(padded)
  File "/home/bzhang2-swat/hmc-epg-project/machine-learning/.venv/lib/python3.13/site-packages/torch/nn/modules/module.py", line 1775, in _wrapped_call_impl
    return self._call_impl(*args, **kwargs)
           ~~~~~~~~~~~~~~~^^^^^^^^^^^^^^^^^
  File "/home/bzhang2-swat/hmc-epg-project/machine-learning/.venv/lib/python3.13/site-packages/torch/nn/modules/module.py", line 1786, in _call_impl
    return forward_call(*args, **kwargs)
  File "/home/bzhang2-swat/hmc-epg-project/machine-learning/.venv/lib/python3.13/site-packages/torch/nn/modules/container.py", line 250, in forward
    input = module(input)
  File "/home/bzhang2-swat/hmc-epg-project/machine-learning/.venv/lib/python3.13/site-packages/torch/nn/modules/module.py", line 1775, in _wrapped_call_impl
    return self._call_impl(*args, **kwargs)
           ~~~~~~~~~~~~~~~^^^^^^^^^^^^^^^^^
  File "/home/bzhang2-swat/hmc-epg-project/machine-learning/.venv/lib/python3.13/site-packages/torch/nn/modules/module.py", line 1786, in _call_impl
    return forward_call(*args, **kwargs)
  File "/home/bzhang2-swat/hmc-epg-project/machine-learning/.venv/lib/python3.13/site-packages/torch/nn/modules/normalization.py", line 325, in forward
    return F.group_norm(input, self.num_groups, self.weight, self.bias, self.eps)
           ~~~~~~~~~~~~^^^^^^^^^^^^^^^^^^^^^^^^^^^^^^^^^^^^^^^^^^^^^^^^^^^^^^^^^^
  File "/home/bzhang2-swat/hmc-epg-project/machine-learning/.venv/lib/python3.13/site-packages/torch/nn/functional.py", line 2952, in group_norm
    _verify_batch_size(
    ~~~~~~~~~~~~~~~~~~^
        [input.size(0) * input.size(1) // num_groups, num_groups]
        ^^^^^^^^^^^^^^^^^^^^^^^^^^^^^^^^^^^^^^^^^^^^^^^^^^^^^^^^^
        + list(input.size()[2:])
        ^^^^^^^^^^^^^^^^^^^^^^^^
    )
    ^
  File "/home/bzhang2-swat/hmc-epg-project/machine-learning/.venv/lib/python3.13/site-packages/torch/nn/functional.py", line 2777, in _verify_batch_size
    raise ValueError(
        f"Expected more than 1 value per channel when training, got input size {size}"
    )
ValueError: Expected more than 1 value per channel when training, got input size [1, 64, 1]

Set the environment variable HYDRA_FULL_ERROR=1 for a complete stack trace.
Job finished at: Sun Mar 22 22:29:19 EDT 2026
