uv version: uv 0.9.5
Running on host: gpu04.cluster
Job started at: Fri Oct 31 02:21:34 EDT 2025
Running job ID: 499341
Loading Data...
[0.50356646 0.33313556 0.79173146 0.857727   0.         0.        ]
[I 2025-10-31 02:26:04,174] Trial 0 finished with value: 0.41436007795781277 and parameters: {'augment_factor': 1, 'chunk_seconds': 1, 'num_freqs': 7, 'num_estimators': 50, 'learning_rate': 0.028466986022559378, 'max_depth': 6, 'min_samples_split': 14, 'min_samples_leaf': 8, 'subsample': 0.8352581349689916, 'window_seconds': 4}. Best is trial 0 with value: 0.41436007795781277.
[0.48059849 0.26369756 0.79673894 0.87342081 0.         0.        ]
[I 2025-10-31 02:31:16,373] Trial 1 finished with value: 0.40240930036952766 and parameters: {'augment_factor': 8, 'chunk_seconds': 1, 'num_freqs': 10, 'num_estimators': 50, 'learning_rate': 0.019741695161843573, 'max_depth': 7, 'min_samples_split': 14, 'min_samples_leaf': 9, 'subsample': 0.8851276240533092, 'window_seconds': 5}. Best is trial 0 with value: 0.41436007795781277.
[0.43661984 0.13032518 0.78901069 0.85027483 0.         0.        ]
[I 2025-10-31 02:32:42,277] Trial 2 finished with value: 0.3677050896393153 and parameters: {'augment_factor': 8, 'chunk_seconds': 3, 'num_freqs': 4, 'num_estimators': 50, 'learning_rate': 0.02082472447866721, 'max_depth': 5, 'min_samples_split': 16, 'min_samples_leaf': 8, 'subsample': 0.921471421426979, 'window_seconds': 2}. Best is trial 0 with value: 0.41436007795781277.
[0.45842702 0.23709355 0.79081459 0.85391158 0.         0.        ]
[I 2025-10-31 02:36:36,189] Trial 3 finished with value: 0.3900411243268098 and parameters: {'augment_factor': 4, 'chunk_seconds': 1, 'num_freqs': 5, 'num_estimators': 50, 'learning_rate': 0.032367872406396304, 'max_depth': 5, 'min_samples_split': 12, 'min_samples_leaf': 9, 'subsample': 0.9859882595846305, 'window_seconds': 2}. Best is trial 0 with value: 0.41436007795781277.
[0.49309433 0.15493376 0.79669011 0.8594389  0.         0.        ]
[I 2025-10-31 02:41:47,712] Trial 4 finished with value: 0.3840261832506102 and parameters: {'augment_factor': 4, 'chunk_seconds': 1, 'num_freqs': 10, 'num_estimators': 50, 'learning_rate': 0.014942369345346509, 'max_depth': 7, 'min_samples_split': 10, 'min_samples_leaf': 10, 'subsample': 0.9813864813614629, 'window_seconds': 2}. Best is trial 0 with value: 0.41436007795781277.
[0.4522459  0.19896492 0.7399373  0.78887572 0.         0.        ]
[I 2025-10-31 02:43:07,223] Trial 5 finished with value: 0.3633373071695827 and parameters: {'augment_factor': 8, 'chunk_seconds': 3, 'num_freqs': 2, 'num_estimators': 50, 'learning_rate': 0.06900784774877006, 'max_depth': 5, 'min_samples_split': 19, 'min_samples_leaf': 1, 'subsample': 0.7924215567051398, 'window_seconds': 3}. Best is trial 0 with value: 0.41436007795781277.
[0.44512695 0.24601229 0.79172084 0.85924333 0.00238893 0.        ]
[I 2025-10-31 02:47:09,336] Trial 6 finished with value: 0.3907487225908544 and parameters: {'augment_factor': 1, 'chunk_seconds': 1, 'num_freqs': 9, 'num_estimators': 50, 'learning_rate': 0.036626230845152964, 'max_depth': 6, 'min_samples_split': 20, 'min_samples_leaf': 9, 'subsample': 0.7568081739549419, 'window_seconds': 2}. Best is trial 0 with value: 0.41436007795781277.
[0.45109584 0.30424132 0.78861101 0.85521105 0.00748104 0.        ]
[I 2025-10-31 02:49:48,600] Trial 7 finished with value: 0.4011067108685464 and parameters: {'augment_factor': 4, 'chunk_seconds': 3, 'num_freqs': 8, 'num_estimators': 200, 'learning_rate': 0.024641019923940827, 'max_depth': 3, 'min_samples_split': 16, 'min_samples_leaf': 10, 'subsample': 0.9699920708273826, 'window_seconds': 5}. Best is trial 0 with value: 0.41436007795781277.
[0.39261991 0.19522326 0.66969372 0.70580165 0.00976809 0.        ]
[I 2025-10-31 02:53:08,155] Trial 8 finished with value: 0.32885110502378556 and parameters: {'augment_factor': 1, 'chunk_seconds': 2, 'num_freqs': 1, 'num_estimators': 200, 'learning_rate': 0.20901343072543171, 'max_depth': 4, 'min_samples_split': 7, 'min_samples_leaf': 8, 'subsample': 0.8103091508230941, 'window_seconds': 4}. Best is trial 0 with value: 0.41436007795781277.
[0.48699907 0.381994   0.72233853 0.76939791 0.00313628 0.        ]
[I 2025-10-31 03:00:27,287] Trial 9 finished with value: 0.3939776317248383 and parameters: {'augment_factor': 1, 'chunk_seconds': 1, 'num_freqs': 2, 'num_estimators': 300, 'learning_rate': 0.0366421522393671, 'max_depth': 3, 'min_samples_split': 4, 'min_samples_leaf': 6, 'subsample': 0.8072734009722161, 'window_seconds': 5}. Best is trial 0 with value: 0.41436007795781277.
[0.4431772  0.26484124 0.77580857 0.84635912 0.01225637 0.        ]
[I 2025-10-31 03:03:47,950] Trial 10 finished with value: 0.39040708527083495 and parameters: {'augment_factor': 2, 'chunk_seconds': 2, 'num_freqs': 7, 'num_estimators': 100, 'learning_rate': 0.10425732455570091, 'max_depth': 8, 'min_samples_split': 2, 'min_samples_leaf': 3, 'subsample': 0.6206265801320537, 'window_seconds': 4}. Best is trial 0 with value: 0.41436007795781277.
[0.52561441 0.22627139 0.78896378 0.8529823  0.         0.        ]
[I 2025-10-31 03:07:38,000] Trial 11 finished with value: 0.39897197949723945 and parameters: {'augment_factor': 8, 'chunk_seconds': 2, 'num_freqs': 7, 'num_estimators': 100, 'learning_rate': 0.012381515785465019, 'max_depth': 7, 'min_samples_split': 13, 'min_samples_leaf': 6, 'subsample': 0.8786142413408683, 'window_seconds': 5}. Best is trial 0 with value: 0.41436007795781277.
[0.49944413 0.38038855 0.77587742 0.85397849 0.0087566  0.        ]
[I 2025-10-31 03:27:33,640] Trial 12 finished with value: 0.41974086571084673 and parameters: {'augment_factor': 2, 'chunk_seconds': 1, 'num_freqs': 10, 'num_estimators': 300, 'learning_rate': 0.05845741389287997, 'max_depth': 7, 'min_samples_split': 15, 'min_samples_leaf': 7, 'subsample': 0.8718398777794951, 'window_seconds': 4}. Best is trial 12 with value: 0.41974086571084673.
[0.53515891 0.34163235 0.76076483 0.83593275 0.01346583 0.        ]
[I 2025-10-31 03:43:54,679] Trial 13 finished with value: 0.4144924462566954 and parameters: {'augment_factor': 2, 'chunk_seconds': 1, 'num_freqs': 6, 'num_estimators': 300, 'learning_rate': 0.07779650768665587, 'max_depth': 8, 'min_samples_split': 10, 'min_samples_leaf': 4, 'subsample': 0.7091575556282792, 'window_seconds': 4}. Best is trial 12 with value: 0.41974086571084673.
[0.44160958 0.26476171 0.7406911  0.81161744 0.01134712 0.        ]
[I 2025-10-31 03:51:28,558] Trial 14 finished with value: 0.3783378232073864 and parameters: {'augment_factor': 2, 'chunk_seconds': 2, 'num_freqs': 4, 'num_estimators': 300, 'learning_rate': 0.10531510129613998, 'max_depth': 8, 'min_samples_split': 9, 'min_samples_leaf': 4, 'subsample': 0.7143812357250153, 'window_seconds': 3}. Best is trial 12 with value: 0.41974086571084673.
[0.46775622 0.32100523 0.76408539 0.83292367 0.01250873 0.        ]
[I 2025-10-31 03:59:29,928] Trial 15 finished with value: 0.39971320666876126 and parameters: {'augment_factor': 2, 'chunk_seconds': 2, 'num_freqs': 6, 'num_estimators': 300, 'learning_rate': 0.07220416004090846, 'max_depth': 8, 'min_samples_split': 7, 'min_samples_leaf': 4, 'subsample': 0.6901900670722607, 'window_seconds': 4}. Best is trial 12 with value: 0.41974086571084673.
[0.35604925 0.14267188 0.77364607 0.83291343 0.08406052 0.        ]
[I 2025-10-31 04:13:27,937] Trial 16 finished with value: 0.3648901922783851 and parameters: {'augment_factor': 2, 'chunk_seconds': 1, 'num_freqs': 9, 'num_estimators': 300, 'learning_rate': 0.2664868750598762, 'max_depth': 7, 'min_samples_split': 16, 'min_samples_leaf': 5, 'subsample': 0.6041935934697357, 'window_seconds': 3}. Best is trial 12 with value: 0.41974086571084673.
[0.41421424 0.25545988 0.75424774 0.81630821 0.01836667 0.        ]
[I 2025-10-31 04:28:59,041] Trial 17 finished with value: 0.3764327917368197 and parameters: {'augment_factor': 2, 'chunk_seconds': 1, 'num_freqs': 5, 'num_estimators': 300, 'learning_rate': 0.1372136646833487, 'max_depth': 8, 'min_samples_split': 8, 'min_samples_leaf': 2, 'subsample': 0.6950185656471912, 'window_seconds': 4}. Best is trial 12 with value: 0.41974086571084673.
[0.47526864 0.32110915 0.73573587 0.8013689  0.01576764 0.        ]
[I 2025-10-31 04:40:41,226] Trial 18 finished with value: 0.39154169904467523 and parameters: {'augment_factor': 2, 'chunk_seconds': 1, 'num_freqs': 3, 'num_estimators': 300, 'learning_rate': 0.043471789653252595, 'max_depth': 6, 'min_samples_split': 11, 'min_samples_leaf': 7, 'subsample': 0.7317876552328544, 'window_seconds': 3}. Best is trial 12 with value: 0.41974086571084673.
[0.46839172 0.28581667 0.77921364 0.84812323 0.01372055 0.        ]
[I 2025-10-31 04:49:52,415] Trial 19 finished with value: 0.3992109674522755 and parameters: {'augment_factor': 2, 'chunk_seconds': 2, 'num_freqs': 8, 'num_estimators': 300, 'learning_rate': 0.058117776173279526, 'max_depth': 7, 'min_samples_split': 18, 'min_samples_leaf': 5, 'subsample': 0.8605848154441441, 'window_seconds': 4}. Best is trial 12 with value: 0.41974086571084673.
[0.44698679 0.28087907 0.76047758 0.82852697 0.01231162 0.        ]
[I 2025-10-31 05:00:12,446] Trial 20 finished with value: 0.3881970045364878 and parameters: {'augment_factor': 2, 'chunk_seconds': 2, 'num_freqs': 6, 'num_estimators': 300, 'learning_rate': 0.09412247701598818, 'max_depth': 8, 'min_samples_split': 5, 'min_samples_leaf': 3, 'subsample': 0.9333399469223422, 'window_seconds': 3}. Best is trial 12 with value: 0.41974086571084673.
[0.49762947 0.37329964 0.78089977 0.85431639 0.00956307 0.        ]
[I 2025-10-31 05:06:42,648] Trial 21 finished with value: 0.41928472361424407 and parameters: {'augment_factor': 1, 'chunk_seconds': 1, 'num_freqs': 7, 'num_estimators': 100, 'learning_rate': 0.05155548805464271, 'max_depth': 6, 'min_samples_split': 14, 'min_samples_leaf': 7, 'subsample': 0.8520177161520565, 'window_seconds': 4}. Best is trial 12 with value: 0.41974086571084673.
[0.46624185 0.36727865 0.78675872 0.85759055 0.01147603 0.        ]
[I 2025-10-31 05:12:54,754] Trial 22 finished with value: 0.41489096525515007 and parameters: {'augment_factor': 1, 'chunk_seconds': 1, 'num_freqs': 8, 'num_estimators': 100, 'learning_rate': 0.04949813275279084, 'max_depth': 6, 'min_samples_split': 14, 'min_samples_leaf': 7, 'subsample': 0.7612649381085544, 'window_seconds': 4}. Best is trial 12 with value: 0.41974086571084673.
[0.47198276 0.35216832 0.78830515 0.86256171 0.00959325 0.        ]
[I 2025-10-31 05:19:19,565] Trial 23 finished with value: 0.41410186390882403 and parameters: {'augment_factor': 1, 'chunk_seconds': 1, 'num_freqs': 9, 'num_estimators': 100, 'learning_rate': 0.04658167228374907, 'max_depth': 6, 'min_samples_split': 17, 'min_samples_leaf': 7, 'subsample': 0.7704259930737797, 'window_seconds': 4}. Best is trial 12 with value: 0.41974086571084673.
[0.44597016 0.39111003 0.77864695 0.84978038 0.01435009 0.        ]
[I 2025-10-31 05:26:01,320] Trial 24 finished with value: 0.4133096014708589 and parameters: {'augment_factor': 1, 'chunk_seconds': 1, 'num_freqs': 8, 'num_estimators': 100, 'learning_rate': 0.051925649701460394, 'max_depth': 6, 'min_samples_split': 14, 'min_samples_leaf': 7, 'subsample': 0.8417793732629865, 'window_seconds': 5}. Best is trial 12 with value: 0.41974086571084673.
[0.48714133 0.32135919 0.79050202 0.86996008 0.00654263 0.        ]
[I 2025-10-31 05:31:40,582] Trial 25 finished with value: 0.41258420940943386 and parameters: {'augment_factor': 1, 'chunk_seconds': 1, 'num_freqs': 10, 'num_estimators': 100, 'learning_rate': 0.131298320134429, 'max_depth': 4, 'min_samples_split': 15, 'min_samples_leaf': 6, 'subsample': 0.9168669508764462, 'window_seconds': 4}. Best is trial 12 with value: 0.41974086571084673.
[0.49397737 0.35706362 0.79026294 0.86325268 0.01088088 0.        ]
[I 2025-10-31 05:37:34,989] Trial 26 finished with value: 0.41923958047395943 and parameters: {'augment_factor': 1, 'chunk_seconds': 1, 'num_freqs': 9, 'num_estimators': 100, 'learning_rate': 0.059698895769127513, 'max_depth': 5, 'min_samples_split': 12, 'min_samples_leaf': 7, 'subsample': 0.8311452251637615, 'window_seconds': 3}. Best is trial 12 with value: 0.41974086571084673.
[0.48007476 0.23911137 0.79366825 0.86255139 0.00557737 0.        ]
[I 2025-10-31 05:40:24,872] Trial 27 finished with value: 0.396830523155193 and parameters: {'augment_factor': 1, 'chunk_seconds': 2, 'num_freqs': 9, 'num_estimators': 100, 'learning_rate': 0.06389873094670583, 'max_depth': 4, 'min_samples_split': 12, 'min_samples_leaf': 8, 'subsample': 0.9010488573595781, 'window_seconds': 3}. Best is trial 12 with value: 0.41974086571084673.
[0.39401445 0.31522737 0.77583151 0.84565352 0.01885758 0.        ]
[I 2025-10-31 05:47:01,149] Trial 28 finished with value: 0.39159740376812846 and parameters: {'augment_factor': 1, 'chunk_seconds': 1, 'num_freqs': 10, 'num_estimators': 100, 'learning_rate': 0.17912799721912875, 'max_depth': 5, 'min_samples_split': 12, 'min_samples_leaf': 6, 'subsample': 0.9488762089285947, 'window_seconds': 3}. Best is trial 12 with value: 0.41974086571084673.
[0.46328099 0.3430581  0.7836268  0.85552425 0.00916966 0.        ]
[I 2025-10-31 05:56:17,961] Trial 29 finished with value: 0.4091099653882935 and parameters: {'augment_factor': 1, 'chunk_seconds': 1, 'num_freqs': 7, 'num_estimators': 200, 'learning_rate': 0.02944427470373909, 'max_depth': 5, 'min_samples_split': 18, 'min_samples_leaf': 8, 'subsample': 0.8396264107043415, 'window_seconds': 3}. Best is trial 12 with value: 0.41974086571084673.
[0.51143207 0.37048319 0.78280756 0.86174213 0.01703498 0.        ]
[I 2025-10-31 06:03:15,178] Trial 30 finished with value: 0.42391665623224256 and parameters: {'augment_factor': 4, 'chunk_seconds': 1, 'num_freqs': 9, 'num_estimators': 100, 'learning_rate': 0.08001459346569746, 'max_depth': 6, 'min_samples_split': 13, 'min_samples_leaf': 5, 'subsample': 0.8649443122529635, 'window_seconds': 4}. Best is trial 30 with value: 0.42391665623224256.
[0.4834044  0.36625053 0.78105825 0.85938049 0.0134454  0.        ]
[I 2025-10-31 06:10:08,130] Trial 31 finished with value: 0.41725651045604045 and parameters: {'augment_factor': 4, 'chunk_seconds': 1, 'num_freqs': 9, 'num_estimators': 100, 'learning_rate': 0.08860080346302121, 'max_depth': 6, 'min_samples_split': 13, 'min_samples_leaf': 5, 'subsample': 0.8548820066461263, 'window_seconds': 4}. Best is trial 30 with value: 0.42391665623224256.
[0.49067869 0.35148443 0.78669977 0.86278311 0.01299389 0.        ]
[I 2025-10-31 06:18:12,200] Trial 32 finished with value: 0.417439980921481 and parameters: {'augment_factor': 4, 'chunk_seconds': 1, 'num_freqs': 10, 'num_estimators': 100, 'learning_rate': 0.040550679780163586, 'max_depth': 7, 'min_samples_split': 15, 'min_samples_leaf': 7, 'subsample': 0.8787420636495491, 'window_seconds': 4}. Best is trial 30 with value: 0.42391665623224256.
[0.45198645 0.37132171 0.77807258 0.8511646  0.01382133 0.        ]
[I 2025-10-31 06:24:46,868] Trial 33 finished with value: 0.4110611130637328 and parameters: {'augment_factor': 4, 'chunk_seconds': 1, 'num_freqs': 8, 'num_estimators': 100, 'learning_rate': 0.05772847233171629, 'max_depth': 6, 'min_samples_split': 14, 'min_samples_leaf': 6, 'subsample': 0.8178975392514526, 'window_seconds': 5}. Best is trial 30 with value: 0.42391665623224256.
[0.46914323 0.33822271 0.78272228 0.85321673 0.01007714 0.        ]
[I 2025-10-31 06:31:02,631] Trial 34 finished with value: 0.40889701414345847 and parameters: {'augment_factor': 4, 'chunk_seconds': 1, 'num_freqs': 9, 'num_estimators': 100, 'learning_rate': 0.12914337075750484, 'max_depth': 5, 'min_samples_split': 11, 'min_samples_leaf': 8, 'subsample': 0.891609967156645, 'window_seconds': 4}. Best is trial 30 with value: 0.42391665623224256.
[0.48579144 0.31101149 0.78836422 0.85728803 0.00987594 0.        ]
[I 2025-10-31 06:38:38,258] Trial 35 finished with value: 0.4087218544012601 and parameters: {'augment_factor': 8, 'chunk_seconds': 1, 'num_freqs': 10, 'num_estimators': 100, 'learning_rate': 0.024134069647289317, 'max_depth': 7, 'min_samples_split': 13, 'min_samples_leaf': 9, 'subsample': 0.8241931304933309, 'window_seconds': 3}. Best is trial 30 with value: 0.42391665623224256.
[0.4783998  0.28399326 0.76547841 0.84325543 0.0160711  0.        ]
[I 2025-10-31 06:48:11,769] Trial 36 finished with value: 0.3978663339593778 and parameters: {'augment_factor': 1, 'chunk_seconds': 1, 'num_freqs': 8, 'num_estimators': 200, 'learning_rate': 0.08041092254410777, 'max_depth': 5, 'min_samples_split': 15, 'min_samples_leaf': 5, 'subsample': 0.8623735099982092, 'window_seconds': 2}. Best is trial 30 with value: 0.42391665623224256.
[0.42830662 0.2671896  0.813819   0.87491117 0.00201945 0.        ]
[I 2025-10-31 06:50:08,449] Trial 37 finished with value: 0.39770763927410774 and parameters: {'augment_factor': 4, 'chunk_seconds': 3, 'num_freqs': 10, 'num_estimators': 100, 'learning_rate': 0.01865864490597384, 'max_depth': 4, 'min_samples_split': 10, 'min_samples_leaf': 7, 'subsample': 0.793811416498533, 'window_seconds': 5}. Best is trial 30 with value: 0.42391665623224256.
[0.48676563 0.32693728 0.77938027 0.85215916 0.01246349 0.        ]
[I 2025-10-31 06:54:59,071] Trial 38 finished with value: 0.40961763860079436 and parameters: {'augment_factor': 8, 'chunk_seconds': 1, 'num_freqs': 7, 'num_estimators': 50, 'learning_rate': 0.06424076711990998, 'max_depth': 7, 'min_samples_split': 17, 'min_samples_leaf': 9, 'subsample': 0.9153483398976744, 'window_seconds': 4}. Best is trial 30 with value: 0.42391665623224256.
[0.46014788 0.23422494 0.79019537 0.86108211 0.00816597 0.        ]
[I 2025-10-31 06:58:40,731] Trial 39 finished with value: 0.3923027109359849 and parameters: {'augment_factor': 4, 'chunk_seconds': 2, 'num_freqs': 9, 'num_estimators': 100, 'learning_rate': 0.03051609150691332, 'max_depth': 6, 'min_samples_split': 12, 'min_samples_leaf': 8, 'subsample': 0.9532090481001705, 'window_seconds': 2}. Best is trial 30 with value: 0.42391665623224256.
[0.46164718 0.33210116 0.79377957 0.86317154 0.01073676 0.        ]
[I 2025-10-31 07:02:35,386] Trial 40 finished with value: 0.41023936907974495 and parameters: {'augment_factor': 1, 'chunk_seconds': 1, 'num_freqs': 9, 'num_estimators': 50, 'learning_rate': 0.10890116194984087, 'max_depth': 5, 'min_samples_split': 13, 'min_samples_leaf': 6, 'subsample': 0.7806802841872308, 'window_seconds': 4}. Best is trial 30 with value: 0.42391665623224256.
[0.48572663 0.36160581 0.78531569 0.86308227 0.01178291 0.        ]
[I 2025-10-31 07:10:40,745] Trial 41 finished with value: 0.4179188851519731 and parameters: {'augment_factor': 4, 'chunk_seconds': 1, 'num_freqs': 10, 'num_estimators': 100, 'learning_rate': 0.040831711929520384, 'max_depth': 7, 'min_samples_split': 15, 'min_samples_leaf': 7, 'subsample': 0.8806554741031731, 'window_seconds': 4}. Best is trial 30 with value: 0.42391665623224256.
[0.48496025 0.35582063 0.78788493 0.86610122 0.01192639 0.        ]
[I 2025-10-31 07:18:39,007] Trial 42 finished with value: 0.4177822372824089 and parameters: {'augment_factor': 4, 'chunk_seconds': 1, 'num_freqs': 10, 'num_estimators': 100, 'learning_rate': 0.03734442767037737, 'max_depth': 7, 'min_samples_split': 15, 'min_samples_leaf': 7, 'subsample': 0.8654762016413036, 'window_seconds': 4}. Best is trial 30 with value: 0.42391665623224256.
[0.45113246 0.35606434 0.78476855 0.86157199 0.0134918  0.        ]
[I 2025-10-31 07:26:26,534] Trial 43 finished with value: 0.4111715242028487 and parameters: {'augment_factor': 4, 'chunk_seconds': 1, 'num_freqs': 10, 'num_estimators': 100, 'learning_rate': 0.05479928876961759, 'max_depth': 7, 'min_samples_split': 16, 'min_samples_leaf': 9, 'subsample': 0.8340095600606277, 'window_seconds': 4}. Best is trial 30 with value: 0.42391665623224256.
[0.46817481 0.38081814 0.78830201 0.86371667 0.01091499 0.        ]
[I 2025-10-31 07:33:35,142] Trial 44 finished with value: 0.41865443667127655 and parameters: {'augment_factor': 4, 'chunk_seconds': 1, 'num_freqs': 9, 'num_estimators': 100, 'learning_rate': 0.04287853697049986, 'max_depth': 6, 'min_samples_split': 17, 'min_samples_leaf': 6, 'subsample': 0.9007130938698207, 'window_seconds': 4}. Best is trial 30 with value: 0.42391665623224256.
[0.4677839  0.3682073  0.76543787 0.84142254 0.0153254  0.        ]
[I 2025-10-31 07:45:10,636] Trial 45 finished with value: 0.4096961672441839 and parameters: {'augment_factor': 4, 'chunk_seconds': 1, 'num_freqs': 7, 'num_estimators': 200, 'learning_rate': 0.07691345916853551, 'max_depth': 6, 'min_samples_split': 20, 'min_samples_leaf': 5, 'subsample': 0.898272635446869, 'window_seconds': 5}. Best is trial 30 with value: 0.42391665623224256.
[0.46315876 0.31820614 0.78278941 0.85713438 0.01282003 0.        ]
[I 2025-10-31 07:52:32,323] Trial 46 finished with value: 0.4056847883931139 and parameters: {'augment_factor': 8, 'chunk_seconds': 1, 'num_freqs': 8, 'num_estimators': 100, 'learning_rate': 0.03312077454116408, 'max_depth': 6, 'min_samples_split': 17, 'min_samples_leaf': 6, 'subsample': 0.9928919719770055, 'window_seconds': 3}. Best is trial 30 with value: 0.42391665623224256.
[0.49870538 0.36908498 0.79455984 0.86471108 0.00163354 0.        ]
[I 2025-10-31 07:56:48,015] Trial 47 finished with value: 0.42144913613273477 and parameters: {'augment_factor': 1, 'chunk_seconds': 1, 'num_freqs': 9, 'num_estimators': 50, 'learning_rate': 0.06869770103505075, 'max_depth': 5, 'min_samples_split': 19, 'min_samples_leaf': 4, 'subsample': 0.9300972835233627, 'window_seconds': 4}. Best is trial 30 with value: 0.42391665623224256.
[0.52061028 0.33960362 0.77787462 0.84191599 0.00291208 0.        ]
[I 2025-10-31 08:00:43,681] Trial 48 finished with value: 0.4138194325422153 and parameters: {'augment_factor': 1, 'chunk_seconds': 1, 'num_freqs': 5, 'num_estimators': 50, 'learning_rate': 0.08951851681454556, 'max_depth': 5, 'min_samples_split': 19, 'min_samples_leaf': 3, 'subsample': 0.9312996756633506, 'window_seconds': 4}. Best is trial 30 with value: 0.42391665623224256.
[0.46396609 0.26336598 0.79597215 0.86319294 0.00131965 0.        ]
[I 2025-10-31 08:02:39,028] Trial 49 finished with value: 0.3979694683889075 and parameters: {'augment_factor': 1, 'chunk_seconds': 2, 'num_freqs': 8, 'num_estimators': 50, 'learning_rate': 0.06640339433493936, 'max_depth': 4, 'min_samples_split': 19, 'min_samples_leaf': 4, 'subsample': 0.8478419341255162, 'window_seconds': 3}. Best is trial 30 with value: 0.42391665623224256.
[0.46840738 0.34508699 0.79591801 0.86157521 0.00526124 0.        ]
[I 2025-10-31 08:06:36,385] Trial 50 finished with value: 0.4127081388913724 and parameters: {'augment_factor': 1, 'chunk_seconds': 1, 'num_freqs': 9, 'num_estimators': 50, 'learning_rate': 0.07120863140625078, 'max_depth': 5, 'min_samples_split': 9, 'min_samples_leaf': 10, 'subsample': 0.8040177571586714, 'window_seconds': 4}. Best is trial 30 with value: 0.42391665623224256.
[0.49435482 0.32719448 0.80231449 0.86833331 0.         0.        ]
[I 2025-10-31 08:10:57,699] Trial 51 finished with value: 0.41536618548808063 and parameters: {'augment_factor': 1, 'chunk_seconds': 1, 'num_freqs': 9, 'num_estimators': 50, 'learning_rate': 0.048125476918542416, 'max_depth': 5, 'min_samples_split': 18, 'min_samples_leaf': 4, 'subsample': 0.9730067323820079, 'window_seconds': 4}. Best is trial 30 with value: 0.42391665623224256.
[0.51457388 0.35724061 0.77869459 0.85722865 0.01127459 0.        ]
[I 2025-10-31 08:28:21,706] Trial 52 finished with value: 0.41983538666845527 and parameters: {'augment_factor': 2, 'chunk_seconds': 1, 'num_freqs': 9, 'num_estimators': 300, 'learning_rate': 0.05781158474498334, 'max_depth': 6, 'min_samples_split': 16, 'min_samples_leaf': 5, 'subsample': 0.9076503116518169, 'window_seconds': 4}. Best is trial 30 with value: 0.42391665623224256.
[0.51077436 0.36324499 0.77710193 0.85299378 0.01305043 0.        ]
[I 2025-10-31 08:42:16,580] Trial 53 finished with value: 0.4195275814978509 and parameters: {'augment_factor': 2, 'chunk_seconds': 1, 'num_freqs': 8, 'num_estimators': 300, 'learning_rate': 0.05877303315262147, 'max_depth': 5, 'min_samples_split': 14, 'min_samples_leaf': 3, 'subsample': 0.8728803741492835, 'window_seconds': 4}. Best is trial 30 with value: 0.42391665623224256.
[0.49064488 0.30376141 0.76565785 0.84490958 0.00933347 0.        ]
[I 2025-10-31 08:58:31,424] Trial 54 finished with value: 0.40238453030171367 and parameters: {'augment_factor': 2, 'chunk_seconds': 1, 'num_freqs': 8, 'num_estimators': 300, 'learning_rate': 0.11506499580152203, 'max_depth': 6, 'min_samples_split': 16, 'min_samples_leaf': 2, 'subsample': 0.8715682447440258, 'window_seconds': 4}. Best is trial 30 with value: 0.42391665623224256.
[0.51586189 0.32563075 0.76775896 0.84445614 0.01320719 0.        ]
[I 2025-10-31 09:15:14,078] Trial 55 finished with value: 0.41115248867575543 and parameters: {'augment_factor': 2, 'chunk_seconds': 1, 'num_freqs': 7, 'num_estimators': 300, 'learning_rate': 0.08241695659002987, 'max_depth': 6, 'min_samples_split': 14, 'min_samples_leaf': 2, 'subsample': 0.9373447601730602, 'window_seconds': 4}. Best is trial 30 with value: 0.42391665623224256.
[0.50717245 0.33510144 0.77011312 0.83617256 0.00974782 0.        ]
[I 2025-10-31 09:18:31,033] Trial 56 finished with value: 0.4097178990070273 and parameters: {'augment_factor': 2, 'chunk_seconds': 3, 'num_freqs': 6, 'num_estimators': 300, 'learning_rate': 0.051653748927093845, 'max_depth': 3, 'min_samples_split': 13, 'min_samples_leaf': 3, 'subsample': 0.9536883966105494, 'window_seconds': 5}. Best is trial 30 with value: 0.42391665623224256.
[0.49381221 0.36563984 0.773331   0.84809648 0.01309579 0.        ]
[I 2025-10-31 09:32:32,074] Trial 57 finished with value: 0.4156625518470168 and parameters: {'augment_factor': 2, 'chunk_seconds': 1, 'num_freqs': 7, 'num_estimators': 300, 'learning_rate': 0.07236317934658189, 'max_depth': 5, 'min_samples_split': 16, 'min_samples_leaf': 4, 'subsample': 0.912557779910788, 'window_seconds': 4}. Best is trial 30 with value: 0.42391665623224256.
[0.47247977 0.30255885 0.77853356 0.848652   0.01627664 0.        ]
[I 2025-10-31 09:40:51,013] Trial 58 finished with value: 0.40308346893385183 and parameters: {'augment_factor': 2, 'chunk_seconds': 2, 'num_freqs': 8, 'num_estimators': 300, 'learning_rate': 0.06167063014179609, 'max_depth': 6, 'min_samples_split': 14, 'min_samples_leaf': 5, 'subsample': 0.8927909620464262, 'window_seconds': 4}. Best is trial 30 with value: 0.42391665623224256.
[0.45423355 0.32310469 0.78250295 0.85362697 0.01071084 0.        ]
[I 2025-10-31 09:55:58,077] Trial 59 finished with value: 0.40402983366102196 and parameters: {'augment_factor': 2, 'chunk_seconds': 1, 'num_freqs': 9, 'num_estimators': 300, 'learning_rate': 0.09721544017249552, 'max_depth': 5, 'min_samples_split': 18, 'min_samples_leaf': 1, 'subsample': 0.9249552672447263, 'window_seconds': 4}. Best is trial 30 with value: 0.42391665623224256.
[0.52094001 0.36686007 0.77938552 0.85648164 0.01310538 0.        ]
[I 2025-10-31 10:11:54,139] Trial 60 finished with value: 0.4227954370555098 and parameters: {'augment_factor': 2, 'chunk_seconds': 1, 'num_freqs': 8, 'num_estimators': 300, 'learning_rate': 0.03696248094289932, 'max_depth': 6, 'min_samples_split': 19, 'min_samples_leaf': 3, 'subsample': 0.8530123869002031, 'window_seconds': 4}. Best is trial 30 with value: 0.42391665623224256.
[0.52395949 0.35527771 0.78031407 0.85631724 0.01006719 0.        ]
[I 2025-10-31 10:27:52,897] Trial 61 finished with value: 0.4209892825824045 and parameters: {'augment_factor': 2, 'chunk_seconds': 1, 'num_freqs': 8, 'num_estimators': 300, 'learning_rate': 0.04580197206132096, 'max_depth': 6, 'min_samples_split': 19, 'min_samples_leaf': 3, 'subsample': 0.8550213036241723, 'window_seconds': 4}. Best is trial 30 with value: 0.42391665623224256.
[0.49097317 0.36634376 0.78036254 0.85848131 0.01608467 0.        ]
[I 2025-10-31 10:44:12,911] Trial 62 finished with value: 0.4187075734651604 and parameters: {'augment_factor': 2, 'chunk_seconds': 1, 'num_freqs': 8, 'num_estimators': 300, 'learning_rate': 0.02433463125823086, 'max_depth': 6, 'min_samples_split': 20, 'min_samples_leaf': 3, 'subsample': 0.8785956685113594, 'window_seconds': 4}. Best is trial 30 with value: 0.42391665623224256.
[0.51091579 0.36343259 0.78084929 0.86030904 0.01128424 0.        ]
[I 2025-10-31 11:01:36,476] Trial 63 finished with value: 0.4211318244956832 and parameters: {'augment_factor': 2, 'chunk_seconds': 1, 'num_freqs': 9, 'num_estimators': 300, 'learning_rate': 0.03575375321062404, 'max_depth': 6, 'min_samples_split': 19, 'min_samples_leaf': 4, 'subsample': 0.9067653270758315, 'window_seconds': 4}. Best is trial 30 with value: 0.42391665623224256.
[0.41710909 0.3590719  0.67082446 0.7198939  0.00626419 0.        ]
[I 2025-10-31 11:14:37,222] Trial 64 finished with value: 0.3621939246318588 and parameters: {'augment_factor': 2, 'chunk_seconds': 1, 'num_freqs': 1, 'num_estimators': 300, 'learning_rate': 0.03383999287373567, 'max_depth': 6, 'min_samples_split': 19, 'min_samples_leaf': 4, 'subsample': 0.903938140677214, 'window_seconds': 4}. Best is trial 30 with value: 0.42391665623224256.
[0.50368165 0.34465782 0.74567395 0.81786276 0.01040738 0.        ]
[I 2025-10-31 11:27:08,356] Trial 65 finished with value: 0.40371392775254306 and parameters: {'augment_factor': 2, 'chunk_seconds': 1, 'num_freqs': 4, 'num_estimators': 300, 'learning_rate': 0.04551331503699706, 'max_depth': 7, 'min_samples_split': 19, 'min_samples_leaf': 4, 'subsample': 0.6462907480222321, 'window_seconds': 4}. Best is trial 30 with value: 0.42391665623224256.
[0.50927628 0.36092266 0.78195544 0.86322919 0.01183767 0.        ]
[I 2025-10-31 11:45:45,312] Trial 66 finished with value: 0.42120353873990685 and parameters: {'augment_factor': 2, 'chunk_seconds': 1, 'num_freqs': 10, 'num_estimators': 300, 'learning_rate': 0.037567367600061095, 'max_depth': 6, 'min_samples_split': 20, 'min_samples_leaf': 2, 'subsample': 0.9408433581904267, 'window_seconds': 4}. Best is trial 30 with value: 0.42391665623224256.
[0.48185479 0.3435423  0.77803393 0.85761616 0.01595793 0.        ]
[I 2025-10-31 12:04:08,123] Trial 67 finished with value: 0.41283418409851863 and parameters: {'augment_factor': 2, 'chunk_seconds': 1, 'num_freqs': 9, 'num_estimators': 300, 'learning_rate': 0.03621025356109828, 'max_depth': 6, 'min_samples_split': 20, 'min_samples_leaf': 2, 'subsample': 0.9677512029974273, 'window_seconds': 4}. Best is trial 30 with value: 0.42391665623224256.
[0.47037258 0.36698727 0.78798775 0.8668848  0.01307807 0.        ]
[I 2025-10-31 12:22:41,100] Trial 68 finished with value: 0.4175517458950897 and parameters: {'augment_factor': 2, 'chunk_seconds': 1, 'num_freqs': 10, 'num_estimators': 300, 'learning_rate': 0.02897575267011847, 'max_depth': 6, 'min_samples_split': 18, 'min_samples_leaf': 1, 'subsample': 0.9422480969088102, 'window_seconds': 4}. Best is trial 30 with value: 0.42391665623224256.
[0.46159205 0.3973812  0.78541231 0.85804896 0.01452269 0.        ]
[I 2025-10-31 12:40:27,279] Trial 69 finished with value: 0.4194928674464447 and parameters: {'augment_factor': 2, 'chunk_seconds': 1, 'num_freqs': 9, 'num_estimators': 300, 'learning_rate': 0.016956096135237447, 'max_depth': 6, 'min_samples_split': 19, 'min_samples_leaf': 3, 'subsample': 0.9218631883676114, 'window_seconds': 5}. Best is trial 30 with value: 0.42391665623224256.
[0.47652452 0.3386643  0.79086475 0.86368552 0.00804933 0.        ]
[I 2025-10-31 12:58:43,888] Trial 70 finished with value: 0.41296473675140954 and parameters: {'augment_factor': 2, 'chunk_seconds': 1, 'num_freqs': 9, 'num_estimators': 300, 'learning_rate': 0.01094629624056093, 'max_depth': 6, 'min_samples_split': 20, 'min_samples_leaf': 2, 'subsample': 0.961018573438582, 'window_seconds': 4}. Best is trial 30 with value: 0.42391665623224256.
[0.51402356 0.36887652 0.78179474 0.86003996 0.01180854 0.        ]
[I 2025-10-31 13:18:56,148] Trial 71 finished with value: 0.4227572195165848 and parameters: {'augment_factor': 2, 'chunk_seconds': 1, 'num_freqs': 10, 'num_estimators': 300, 'learning_rate': 0.03963125708728771, 'max_depth': 7, 'min_samples_split': 18, 'min_samples_leaf': 3, 'subsample': 0.887507637129204, 'window_seconds': 4}. Best is trial 30 with value: 0.42391665623224256.
[0.50432546 0.38239813 0.78458683 0.8653123  0.01311007 0.        ]
[I 2025-10-31 13:36:34,306] Trial 72 finished with value: 0.42495546307660975 and parameters: {'augment_factor': 2, 'chunk_seconds': 1, 'num_freqs': 10, 'num_estimators': 300, 'learning_rate': 0.026015964657091793, 'max_depth': 6, 'min_samples_split': 19, 'min_samples_leaf': 3, 'subsample': 0.8873202756313358, 'window_seconds': 4}. Best is trial 72 with value: 0.42495546307660975.
[0.49422454 0.36300751 0.78770352 0.86708631 0.01493357 0.        ]
[I 2025-10-31 13:54:12,529] Trial 73 finished with value: 0.42115924402746324 and parameters: {'augment_factor': 2, 'chunk_seconds': 1, 'num_freqs': 10, 'num_estimators': 300, 'learning_rate': 0.022259315385950596, 'max_depth': 6, 'min_samples_split': 20, 'min_samples_leaf': 3, 'subsample': 0.8886966442895508, 'window_seconds': 4}. Best is trial 72 with value: 0.42495546307660975.
[0.49522451 0.3626162  0.78437037 0.86384558 0.01355613 0.        ]
[I 2025-10-31 14:14:25,654] Trial 74 finished with value: 0.4199354645807263 and parameters: {'augment_factor': 2, 'chunk_seconds': 1, 'num_freqs': 10, 'num_estimators': 300, 'learning_rate': 0.021233363900557318, 'max_depth': 7, 'min_samples_split': 20, 'min_samples_leaf': 3, 'subsample': 0.8880106687188458, 'window_seconds': 4}. Best is trial 72 with value: 0.42495546307660975.
[0.51065032 0.3558979  0.78361827 0.86153024 0.01390399 0.        ]
[I 2025-10-31 14:38:11,300] Trial 75 finished with value: 0.4209334540551617 and parameters: {'augment_factor': 2, 'chunk_seconds': 1, 'num_freqs': 10, 'num_estimators': 300, 'learning_rate': 0.026199646532329965, 'max_depth': 8, 'min_samples_split': 18, 'min_samples_leaf': 4, 'subsample': 0.9274088820148013, 'window_seconds': 4}. Best is trial 72 with value: 0.42495546307660975.
[0.48009519 0.35330288 0.79053125 0.86675173 0.00783623 0.        ]
[I 2025-10-31 14:51:14,493] Trial 76 finished with value: 0.4164195460977072 and parameters: {'augment_factor': 2, 'chunk_seconds': 1, 'num_freqs': 10, 'num_estimators': 200, 'learning_rate': 0.020513760784162005, 'max_depth': 6, 'min_samples_split': 17, 'min_samples_leaf': 2, 'subsample': 0.9429772387361293, 'window_seconds': 4}. Best is trial 72 with value: 0.42495546307660975.
[0.49387265 0.35892257 0.78730368 0.86699809 0.01355494 0.        ]
[I 2025-10-31 15:10:28,707] Trial 77 finished with value: 0.4201086552457287 and parameters: {'augment_factor': 2, 'chunk_seconds': 1, 'num_freqs': 10, 'num_estimators': 300, 'learning_rate': 0.02627918401754464, 'max_depth': 6, 'min_samples_split': 20, 'min_samples_leaf': 3, 'subsample': 0.9829264768959113, 'window_seconds': 4}. Best is trial 72 with value: 0.42495546307660975.
[0.51097263 0.31781821 0.79625288 0.8646063  0.00561608 0.        ]
[I 2025-10-31 15:15:34,408] Trial 78 finished with value: 0.4158776817242826 and parameters: {'augment_factor': 8, 'chunk_seconds': 1, 'num_freqs': 10, 'num_estimators': 50, 'learning_rate': 0.03745291553049348, 'max_depth': 7, 'min_samples_split': 18, 'min_samples_leaf': 4, 'subsample': 0.8884920956126343, 'window_seconds': 4}. Best is trial 72 with value: 0.42495546307660975.
[0.4242588  0.27508751 0.78812939 0.86401852 0.00785453 0.        ]
[I 2025-10-31 15:22:32,424] Trial 79 finished with value: 0.3932247923894774 and parameters: {'augment_factor': 2, 'chunk_seconds': 3, 'num_freqs': 10, 'num_estimators': 300, 'learning_rate': 0.022894902588259533, 'max_depth': 7, 'min_samples_split': 19, 'min_samples_leaf': 3, 'subsample': 0.9083593326602237, 'window_seconds': 4}. Best is trial 72 with value: 0.42495546307660975.
[0.50330348 0.37280674 0.79771155 0.8683725  0.00558473 0.        ]
[I 2025-10-31 15:36:41,112] Trial 80 finished with value: 0.42462983306665786 and parameters: {'augment_factor': 2, 'chunk_seconds': 1, 'num_freqs': 10, 'num_estimators': 300, 'learning_rate': 0.013707112369823025, 'max_depth': 5, 'min_samples_split': 5, 'min_samples_leaf': 2, 'subsample': 0.8230444898404676, 'window_seconds': 4}. Best is trial 72 with value: 0.42495546307660975.
[0.47641412 0.36427183 0.79666847 0.86912649 0.00620798 0.        ]
[I 2025-10-31 15:50:46,971] Trial 81 finished with value: 0.41878148216898486 and parameters: {'augment_factor': 2, 'chunk_seconds': 1, 'num_freqs': 10, 'num_estimators': 300, 'learning_rate': 0.014731043054874405, 'max_depth': 5, 'min_samples_split': 2, 'min_samples_leaf': 1, 'subsample': 0.8197351379506386, 'window_seconds': 4}. Best is trial 72 with value: 0.42495546307660975.
[0.48519388 0.37651346 0.78940165 0.86587891 0.00838243 0.        ]
[I 2025-10-31 16:05:12,051] Trial 82 finished with value: 0.4208950548045615 and parameters: {'augment_factor': 2, 'chunk_seconds': 1, 'num_freqs': 10, 'num_estimators': 300, 'learning_rate': 0.0332086690322384, 'max_depth': 5, 'min_samples_split': 19, 'min_samples_leaf': 2, 'subsample': 0.8436329441925323, 'window_seconds': 4}. Best is trial 72 with value: 0.42495546307660975.
[0.50053142 0.35065923 0.78989264 0.8650821  0.01086314 0.        ]
[I 2025-10-31 16:21:52,363] Trial 83 finished with value: 0.4195047550262498 and parameters: {'augment_factor': 2, 'chunk_seconds': 1, 'num_freqs': 9, 'num_estimators': 300, 'learning_rate': 0.018449866309816765, 'max_depth': 6, 'min_samples_split': 5, 'min_samples_leaf': 2, 'subsample': 0.8623487303507514, 'window_seconds': 4}. Best is trial 72 with value: 0.42495546307660975.
[0.50334427 0.36699103 0.79537222 0.86904337 0.00617276 0.        ]
[I 2025-10-31 16:36:10,903] Trial 84 finished with value: 0.4234872754224514 and parameters: {'augment_factor': 2, 'chunk_seconds': 1, 'num_freqs': 10, 'num_estimators': 300, 'learning_rate': 0.015416968505473565, 'max_depth': 5, 'min_samples_split': 20, 'min_samples_leaf': 4, 'subsample': 0.8270095760235165, 'window_seconds': 4}. Best is trial 72 with value: 0.42495546307660975.
[0.51593539 0.36966229 0.79702518 0.86886767 0.00684085 0.        ]
[I 2025-10-31 16:50:27,218] Trial 85 finished with value: 0.42638856203659764 and parameters: {'augment_factor': 2, 'chunk_seconds': 1, 'num_freqs': 10, 'num_estimators': 300, 'learning_rate': 0.014202784063709086, 'max_depth': 5, 'min_samples_split': 20, 'min_samples_leaf': 3, 'subsample': 0.8328295926275391, 'window_seconds': 4}. Best is trial 85 with value: 0.42638856203659764.
[0.35825293 0.09994419 0.81256115 0.88176003 0.         0.        ]
[I 2025-10-31 16:54:34,418] Trial 86 finished with value: 0.35875305172973776 and parameters: {'augment_factor': 2, 'chunk_seconds': 1, 'num_freqs': 10, 'num_estimators': 50, 'learning_rate': 0.011890802047163208, 'max_depth': 5, 'min_samples_split': 7, 'min_samples_leaf': 2, 'subsample': 0.8124818279054287, 'window_seconds': 5}. Best is trial 85 with value: 0.42638856203659764.
[0.48646707 0.33371026 0.75536176 0.80916608 0.00203728 0.        ]
[I 2025-10-31 17:01:26,584] Trial 87 finished with value: 0.39779040790052805 and parameters: {'augment_factor': 8, 'chunk_seconds': 1, 'num_freqs': 3, 'num_estimators': 200, 'learning_rate': 0.01367959783348892, 'max_depth': 4, 'min_samples_split': 20, 'min_samples_leaf': 3, 'subsample': 0.7959549567600832, 'window_seconds': 4}. Best is trial 85 with value: 0.42638856203659764.
[0.51830963 0.35560345 0.79983436 0.86864166 0.00269079 0.        ]
[I 2025-10-31 17:15:09,111] Trial 88 finished with value: 0.4241799799420738 and parameters: {'augment_factor': 2, 'chunk_seconds': 1, 'num_freqs': 10, 'num_estimators': 300, 'learning_rate': 0.010375491991023753, 'max_depth': 5, 'min_samples_split': 18, 'min_samples_leaf': 4, 'subsample': 0.7887404041846892, 'window_seconds': 4}. Best is trial 85 with value: 0.42638856203659764.
[0.51577831 0.35776923 0.79801503 0.86911497 0.00426869 0.        ]
[I 2025-10-31 17:28:40,149] Trial 89 finished with value: 0.42415770511029116 and parameters: {'augment_factor': 2, 'chunk_seconds': 1, 'num_freqs': 10, 'num_estimators': 300, 'learning_rate': 0.013072808393735239, 'max_depth': 5, 'min_samples_split': 18, 'min_samples_leaf': 4, 'subsample': 0.7803240066009454, 'window_seconds': 4}. Best is trial 85 with value: 0.42638856203659764.
[0.51688145 0.35959036 0.80039464 0.87178442 0.00198932 0.        ]
[I 2025-10-31 17:39:35,214] Trial 90 finished with value: 0.4251066980203928 and parameters: {'augment_factor': 2, 'chunk_seconds': 1, 'num_freqs': 10, 'num_estimators': 300, 'learning_rate': 0.01081640856583339, 'max_depth': 4, 'min_samples_split': 18, 'min_samples_leaf': 5, 'subsample': 0.7494283444738529, 'window_seconds': 4}. Best is trial 85 with value: 0.42638856203659764.
[0.50882407 0.35847306 0.80141671 0.87156819 0.00198603 0.        ]
[I 2025-10-31 17:50:26,040] Trial 91 finished with value: 0.42371134147775485 and parameters: {'augment_factor': 2, 'chunk_seconds': 1, 'num_freqs': 10, 'num_estimators': 300, 'learning_rate': 0.010207675792802464, 'max_depth': 4, 'min_samples_split': 17, 'min_samples_leaf': 5, 'subsample': 0.7436179884616384, 'window_seconds': 4}. Best is trial 85 with value: 0.42638856203659764.
[0.51339503 0.36348414 0.7986524  0.87120002 0.00197817 0.        ]
[I 2025-10-31 18:01:09,254] Trial 92 finished with value: 0.4247849583084203 and parameters: {'augment_factor': 2, 'chunk_seconds': 1, 'num_freqs': 10, 'num_estimators': 300, 'learning_rate': 0.0126083099442672, 'max_depth': 4, 'min_samples_split': 17, 'min_samples_leaf': 5, 'subsample': 0.7329752588241286, 'window_seconds': 4}. Best is trial 85 with value: 0.42638856203659764.
[0.51040301 0.3532789  0.80168672 0.87149113 0.00197817 0.        ]
[I 2025-10-31 18:11:58,839] Trial 93 finished with value: 0.4231396543350053 and parameters: {'augment_factor': 2, 'chunk_seconds': 1, 'num_freqs': 10, 'num_estimators': 300, 'learning_rate': 0.010042502633259192, 'max_depth': 4, 'min_samples_split': 17, 'min_samples_leaf': 5, 'subsample': 0.741422381186209, 'window_seconds': 4}. Best is trial 85 with value: 0.42638856203659764.
[0.51721232 0.34817697 0.79904807 0.87116433 0.00198143 0.        ]
[I 2025-10-31 18:23:10,442] Trial 94 finished with value: 0.42293052100031164 and parameters: {'augment_factor': 2, 'chunk_seconds': 1, 'num_freqs': 10, 'num_estimators': 300, 'learning_rate': 0.012412506688979431, 'max_depth': 4, 'min_samples_split': 17, 'min_samples_leaf': 5, 'subsample': 0.7731831710492916, 'window_seconds': 4}. Best is trial 85 with value: 0.42638856203659764.
[0.50450006 0.34007353 0.79805786 0.87022137 0.0063169  0.        ]
[I 2025-10-31 18:31:46,534] Trial 95 finished with value: 0.41986161782288806 and parameters: {'augment_factor': 2, 'chunk_seconds': 1, 'num_freqs': 10, 'num_estimators': 300, 'learning_rate': 0.0163000714621653, 'max_depth': 3, 'min_samples_split': 17, 'min_samples_leaf': 5, 'subsample': 0.7310576257200437, 'window_seconds': 4}. Best is trial 85 with value: 0.42638856203659764.
[0.53294686 0.3553987  0.79863288 0.87158306 0.0019913  0.        ]
[I 2025-10-31 18:43:04,435] Trial 96 finished with value: 0.4267587995721643 and parameters: {'augment_factor': 2, 'chunk_seconds': 1, 'num_freqs': 10, 'num_estimators': 300, 'learning_rate': 0.013717037073706397, 'max_depth': 4, 'min_samples_split': 18, 'min_samples_leaf': 5, 'subsample': 0.7830538308477283, 'window_seconds': 4}. Best is trial 96 with value: 0.4267587995721643.
[0.51223901 0.35785824 0.8020167  0.87200049 0.00198734 0.        ]
[I 2025-10-31 18:53:58,933] Trial 97 finished with value: 0.42435029745062575 and parameters: {'augment_factor': 4, 'chunk_seconds': 1, 'num_freqs': 10, 'num_estimators': 300, 'learning_rate': 0.010223824714964571, 'max_depth': 4, 'min_samples_split': 18, 'min_samples_leaf': 5, 'subsample': 0.7489760319997603, 'window_seconds': 4}. Best is trial 96 with value: 0.4267587995721643.
[0.52619561 0.36400228 0.79838853 0.87097656 0.0019966  0.        ]
[I 2025-10-31 19:04:57,679] Trial 98 finished with value: 0.4269265957032422 and parameters: {'augment_factor': 4, 'chunk_seconds': 1, 'num_freqs': 10, 'num_estimators': 300, 'learning_rate': 0.013346445174042876, 'max_depth': 4, 'min_samples_split': 18, 'min_samples_leaf': 5, 'subsample': 0.7542344124696502, 'window_seconds': 4}. Best is trial 98 with value: 0.4269265957032422.
[0.45447782 0.3078533  0.80473612 0.87381891 0.00265859 0.        ]
[I 2025-10-31 19:10:33,505] Trial 99 finished with value: 0.4072574577891237 and parameters: {'augment_factor': 4, 'chunk_seconds': 2, 'num_freqs': 10, 'num_estimators': 300, 'learning_rate': 0.013379941386128205, 'max_depth': 4, 'min_samples_split': 18, 'min_samples_leaf': 5, 'subsample': 0.7571471704716797, 'window_seconds': 4}. Best is trial 98 with value: 0.4269265957032422.
{'augment_factor': 4, 'chunk_seconds': 1, 'num_freqs': 10, 'num_estimators': 300, 'learning_rate': 0.013346445174042876, 'max_depth': 4, 'min_samples_split': 18, 'min_samples_leaf': 5, 'subsample': 0.7542344124696502, 'window_seconds': 4}
Job finished at: Fri Oct 31 19:10:34 EDT 2025
