[I 2025-10-30 22:39:41,916] A new study created in memory with name: no-name-1fc21b57-fc49-4359-a0a5-eab862b5e474

  0%|          | 0/100 [00:00<?, ?it/s]
                                       

  0%|          | 0/100 [02:24<?, ?it/s]
Best trial: 0. Best value: 0.362391:   0%|          | 0/100 [02:24<?, ?it/s]
Best trial: 0. Best value: 0.362391:   1%|          | 1/100 [02:24<3:58:16, 144.41s/it]
                                                                                       

Best trial: 0. Best value: 0.362391:   1%|          | 1/100 [03:36<3:58:16, 144.41s/it]
Best trial: 0. Best value: 0.362391:   1%|          | 1/100 [03:36<3:58:16, 144.41s/it]
Best trial: 0. Best value: 0.362391:   2%|▏         | 2/100 [03:36<2:46:11, 101.75s/it]
                                                                                       

Best trial: 0. Best value: 0.362391:   2%|▏         | 2/100 [04:31<2:46:11, 101.75s/it]
Best trial: 2. Best value: 0.41008:   2%|▏         | 2/100 [04:31<2:46:11, 101.75s/it] 
Best trial: 2. Best value: 0.41008:   3%|▎         | 3/100 [04:31<2:10:04, 80.46s/it] 
                                                                                     

Best trial: 2. Best value: 0.41008:   3%|▎         | 3/100 [05:46<2:10:04, 80.46s/it]
Best trial: 3. Best value: 0.424815:   3%|▎         | 3/100 [05:46<2:10:04, 80.46s/it]
Best trial: 3. Best value: 0.424815:   4%|▍         | 4/100 [05:46<2:05:24, 78.38s/it]
                                                                                      

Best trial: 3. Best value: 0.424815:   4%|▍         | 4/100 [06:43<2:05:24, 78.38s/it]
Best trial: 3. Best value: 0.424815:   4%|▍         | 4/100 [06:43<2:05:24, 78.38s/it]
Best trial: 3. Best value: 0.424815:   5%|▌         | 5/100 [06:43<1:52:01, 70.75s/it]
                                                                                      

Best trial: 3. Best value: 0.424815:   5%|▌         | 5/100 [07:58<1:52:01, 70.75s/it]
Best trial: 3. Best value: 0.424815:   5%|▌         | 5/100 [07:58<1:52:01, 70.75s/it]
Best trial: 3. Best value: 0.424815:   6%|▌         | 6/100 [07:58<1:53:01, 72.15s/it]
                                                                                      

Best trial: 3. Best value: 0.424815:   6%|▌         | 6/100 [10:03<1:53:01, 72.15s/it]
Best trial: 3. Best value: 0.424815:   6%|▌         | 6/100 [10:03<1:53:01, 72.15s/it]
Best trial: 3. Best value: 0.424815:   7%|▋         | 7/100 [10:03<2:18:41, 89.48s/it]
                                                                                      

Best trial: 3. Best value: 0.424815:   7%|▋         | 7/100 [11:15<2:18:41, 89.48s/it]
Best trial: 3. Best value: 0.424815:   7%|▋         | 7/100 [11:15<2:18:41, 89.48s/it]
Best trial: 3. Best value: 0.424815:   8%|▊         | 8/100 [11:15<2:08:16, 83.65s/it]
                                                                                      

Best trial: 3. Best value: 0.424815:   8%|▊         | 8/100 [13:38<2:08:16, 83.65s/it]
Best trial: 8. Best value: 0.429258:   8%|▊         | 8/100 [13:38<2:08:16, 83.65s/it]
Best trial: 8. Best value: 0.429258:   9%|▉         | 9/100 [13:38<2:35:03, 102.23s/it]
                                                                                       

Best trial: 8. Best value: 0.429258:   9%|▉         | 9/100 [14:55<2:35:03, 102.23s/it]
Best trial: 8. Best value: 0.429258:   9%|▉         | 9/100 [14:55<2:35:03, 102.23s/it]
Best trial: 8. Best value: 0.429258:  10%|█         | 10/100 [14:55<2:21:53, 94.59s/it]
                                                                                       

Best trial: 8. Best value: 0.429258:  10%|█         | 10/100 [17:21<2:21:53, 94.59s/it]
Best trial: 10. Best value: 0.433982:  10%|█         | 10/100 [17:21<2:21:53, 94.59s/it]
Best trial: 10. Best value: 0.433982:  11%|█         | 11/100 [17:21<2:43:38, 110.32s/it]
                                                                                         

Best trial: 10. Best value: 0.433982:  11%|█         | 11/100 [19:47<2:43:38, 110.32s/it]
Best trial: 11. Best value: 0.435363:  11%|█         | 11/100 [19:47<2:43:38, 110.32s/it]
Best trial: 11. Best value: 0.435363:  12%|█▏        | 12/100 [19:47<2:57:34, 121.08s/it]
                                                                                         

Best trial: 11. Best value: 0.435363:  12%|█▏        | 12/100 [22:13<2:57:34, 121.08s/it]
Best trial: 12. Best value: 0.437779:  12%|█▏        | 12/100 [22:13<2:57:34, 121.08s/it]
Best trial: 12. Best value: 0.437779:  13%|█▎        | 13/100 [22:13<3:06:31, 128.63s/it]
                                                                                         

Best trial: 12. Best value: 0.437779:  13%|█▎        | 13/100 [24:36<3:06:31, 128.63s/it]
Best trial: 12. Best value: 0.437779:  13%|█▎        | 13/100 [24:36<3:06:31, 128.63s/it]
Best trial: 12. Best value: 0.437779:  14%|█▍        | 14/100 [24:36<3:10:49, 133.14s/it]
                                                                                         

Best trial: 12. Best value: 0.437779:  14%|█▍        | 14/100 [27:00<3:10:49, 133.14s/it]
Best trial: 12. Best value: 0.437779:  14%|█▍        | 14/100 [27:00<3:10:49, 133.14s/it]
Best trial: 12. Best value: 0.437779:  15%|█▌        | 15/100 [27:00<3:13:05, 136.30s/it]
                                                                                         

Best trial: 12. Best value: 0.437779:  15%|█▌        | 15/100 [29:09<3:13:05, 136.30s/it]
Best trial: 12. Best value: 0.437779:  15%|█▌        | 15/100 [29:09<3:13:05, 136.30s/it]
Best trial: 12. Best value: 0.437779:  16%|█▌        | 16/100 [29:09<3:07:35, 133.99s/it]
                                                                                         

Best trial: 12. Best value: 0.437779:  16%|█▌        | 16/100 [31:32<3:07:35, 133.99s/it]
Best trial: 12. Best value: 0.437779:  16%|█▌        | 16/100 [31:32<3:07:35, 133.99s/it]
Best trial: 12. Best value: 0.437779:  17%|█▋        | 17/100 [31:32<3:09:09, 136.74s/it]
                                                                                         

Best trial: 12. Best value: 0.437779:  17%|█▋        | 17/100 [32:31<3:09:09, 136.74s/it]
Best trial: 12. Best value: 0.437779:  17%|█▋        | 17/100 [32:31<3:09:09, 136.74s/it]
Best trial: 12. Best value: 0.437779:  18%|█▊        | 18/100 [32:31<2:35:09, 113.53s/it]
                                                                                         

Best trial: 12. Best value: 0.437779:  18%|█▊        | 18/100 [34:54<2:35:09, 113.53s/it]
Best trial: 12. Best value: 0.437779:  18%|█▊        | 18/100 [34:54<2:35:09, 113.53s/it]
Best trial: 12. Best value: 0.437779:  19%|█▉        | 19/100 [34:54<2:45:16, 122.42s/it]
                                                                                         

Best trial: 12. Best value: 0.437779:  19%|█▉        | 19/100 [36:11<2:45:16, 122.42s/it]
Best trial: 12. Best value: 0.437779:  19%|█▉        | 19/100 [36:11<2:45:16, 122.42s/it]
Best trial: 12. Best value: 0.437779:  20%|██        | 20/100 [36:11<2:24:50, 108.63s/it]
                                                                                         

Best trial: 12. Best value: 0.437779:  20%|██        | 20/100 [37:37<2:24:50, 108.63s/it]
Best trial: 12. Best value: 0.437779:  20%|██        | 20/100 [37:37<2:24:50, 108.63s/it]
Best trial: 12. Best value: 0.437779:  21%|██        | 21/100 [37:37<2:14:00, 101.77s/it]
                                                                                         

Best trial: 12. Best value: 0.437779:  21%|██        | 21/100 [40:02<2:14:00, 101.77s/it]
Best trial: 12. Best value: 0.437779:  21%|██        | 21/100 [40:02<2:14:00, 101.77s/it]
Best trial: 12. Best value: 0.437779:  22%|██▏       | 22/100 [40:02<2:29:26, 114.95s/it]
                                                                                         

Best trial: 12. Best value: 0.437779:  22%|██▏       | 22/100 [42:28<2:29:26, 114.95s/it]
Best trial: 12. Best value: 0.437779:  22%|██▏       | 22/100 [42:28<2:29:26, 114.95s/it]
Best trial: 12. Best value: 0.437779:  23%|██▎       | 23/100 [42:28<2:39:22, 124.19s/it]
                                                                                         

Best trial: 12. Best value: 0.437779:  23%|██▎       | 23/100 [44:54<2:39:22, 124.19s/it]
Best trial: 23. Best value: 0.438064:  23%|██▎       | 23/100 [44:54<2:39:22, 124.19s/it]
Best trial: 23. Best value: 0.438064:  24%|██▍       | 24/100 [44:54<2:45:39, 130.79s/it]
                                                                                         

Best trial: 23. Best value: 0.438064:  24%|██▍       | 24/100 [47:18<2:45:39, 130.79s/it]
Best trial: 24. Best value: 0.444183:  24%|██▍       | 24/100 [47:18<2:45:39, 130.79s/it]
Best trial: 24. Best value: 0.444183:  25%|██▌       | 25/100 [47:18<2:48:11, 134.55s/it]
                                                                                         

Best trial: 24. Best value: 0.444183:  25%|██▌       | 25/100 [49:27<2:48:11, 134.55s/it]
Best trial: 24. Best value: 0.444183:  25%|██▌       | 25/100 [49:27<2:48:11, 134.55s/it]
Best trial: 24. Best value: 0.444183:  26%|██▌       | 26/100 [49:27<2:44:02, 133.01s/it]
                                                                                         

Best trial: 24. Best value: 0.444183:  26%|██▌       | 26/100 [51:47<2:44:02, 133.01s/it]
Best trial: 24. Best value: 0.444183:  26%|██▌       | 26/100 [51:47<2:44:02, 133.01s/it]
Best trial: 24. Best value: 0.444183:  27%|██▋       | 27/100 [51:47<2:44:24, 135.13s/it]
                                                                                         

Best trial: 24. Best value: 0.444183:  27%|██▋       | 27/100 [54:07<2:44:24, 135.13s/it]
Best trial: 24. Best value: 0.444183:  27%|██▋       | 27/100 [54:07<2:44:24, 135.13s/it]
Best trial: 24. Best value: 0.444183:  28%|██▊       | 28/100 [54:07<2:43:45, 136.47s/it]
                                                                                         

Best trial: 24. Best value: 0.444183:  28%|██▊       | 28/100 [55:25<2:43:45, 136.47s/it]
Best trial: 24. Best value: 0.444183:  28%|██▊       | 28/100 [55:25<2:43:45, 136.47s/it]
Best trial: 24. Best value: 0.444183:  29%|██▉       | 29/100 [55:25<2:20:51, 119.03s/it]
                                                                                         

Best trial: 24. Best value: 0.444183:  29%|██▉       | 29/100 [58:01<2:20:51, 119.03s/it]
Best trial: 24. Best value: 0.444183:  29%|██▉       | 29/100 [58:01<2:20:51, 119.03s/it]
Best trial: 24. Best value: 0.444183:  30%|███       | 30/100 [58:01<2:31:49, 130.14s/it]
                                                                                         

Best trial: 24. Best value: 0.444183:  30%|███       | 30/100 [1:00:07<2:31:49, 130.14s/it]
Best trial: 24. Best value: 0.444183:  30%|███       | 30/100 [1:00:07<2:31:49, 130.14s/it]
Best trial: 24. Best value: 0.444183:  31%|███       | 31/100 [1:00:07<2:28:10, 128.85s/it]
                                                                                           

Best trial: 24. Best value: 0.444183:  31%|███       | 31/100 [1:02:30<2:28:10, 128.85s/it]
Best trial: 31. Best value: 0.446623:  31%|███       | 31/100 [1:02:30<2:28:10, 128.85s/it]
Best trial: 31. Best value: 0.446623:  32%|███▏      | 32/100 [1:02:30<2:31:00, 133.24s/it]
                                                                                           

Best trial: 31. Best value: 0.446623:  32%|███▏      | 32/100 [1:04:54<2:31:00, 133.24s/it]
Best trial: 32. Best value: 0.447992:  32%|███▏      | 32/100 [1:04:54<2:31:00, 133.24s/it]
Best trial: 32. Best value: 0.447992:  33%|███▎      | 33/100 [1:04:54<2:32:13, 136.33s/it]
                                                                                           

Best trial: 32. Best value: 0.447992:  33%|███▎      | 33/100 [1:07:08<2:32:13, 136.33s/it]
Best trial: 32. Best value: 0.447992:  33%|███▎      | 33/100 [1:07:08<2:32:13, 136.33s/it]
Best trial: 32. Best value: 0.447992:  34%|███▍      | 34/100 [1:07:08<2:29:05, 135.53s/it]
                                                                                           

Best trial: 32. Best value: 0.447992:  34%|███▍      | 34/100 [1:08:29<2:29:05, 135.53s/it]
Best trial: 32. Best value: 0.447992:  34%|███▍      | 34/100 [1:08:29<2:29:05, 135.53s/it]
Best trial: 32. Best value: 0.447992:  35%|███▌      | 35/100 [1:08:29<2:09:08, 119.21s/it]
                                                                                           

Best trial: 32. Best value: 0.447992:  35%|███▌      | 35/100 [1:10:49<2:09:08, 119.21s/it]
Best trial: 32. Best value: 0.447992:  35%|███▌      | 35/100 [1:10:49<2:09:08, 119.21s/it]
Best trial: 32. Best value: 0.447992:  36%|███▌      | 36/100 [1:10:49<2:13:51, 125.49s/it]
                                                                                           

Best trial: 32. Best value: 0.447992:  36%|███▌      | 36/100 [1:12:58<2:13:51, 125.49s/it]
Best trial: 32. Best value: 0.447992:  36%|███▌      | 36/100 [1:12:58<2:13:51, 125.49s/it]
Best trial: 32. Best value: 0.447992:  37%|███▋      | 37/100 [1:12:58<2:12:54, 126.58s/it]
                                                                                           

Best trial: 32. Best value: 0.447992:  37%|███▋      | 37/100 [1:13:53<2:12:54, 126.58s/it]
Best trial: 32. Best value: 0.447992:  37%|███▋      | 37/100 [1:13:53<2:12:54, 126.58s/it]
Best trial: 32. Best value: 0.447992:  38%|███▊      | 38/100 [1:13:53<1:48:34, 105.07s/it]
                                                                                           

Best trial: 32. Best value: 0.447992:  38%|███▊      | 38/100 [1:15:09<1:48:34, 105.07s/it]
Best trial: 32. Best value: 0.447992:  38%|███▊      | 38/100 [1:15:09<1:48:34, 105.07s/it]
Best trial: 32. Best value: 0.447992:  39%|███▉      | 39/100 [1:15:09<1:37:58, 96.36s/it] 
                                                                                          

Best trial: 32. Best value: 0.447992:  39%|███▉      | 39/100 [1:17:24<1:37:58, 96.36s/it]
Best trial: 32. Best value: 0.447992:  39%|███▉      | 39/100 [1:17:24<1:37:58, 96.36s/it]
Best trial: 32. Best value: 0.447992:  40%|████      | 40/100 [1:17:24<1:48:01, 108.03s/it]
                                                                                           

Best trial: 32. Best value: 0.447992:  40%|████      | 40/100 [1:20:00<1:48:01, 108.03s/it]
Best trial: 32. Best value: 0.447992:  40%|████      | 40/100 [1:20:00<1:48:01, 108.03s/it]
Best trial: 32. Best value: 0.447992:  41%|████      | 41/100 [1:20:00<2:00:27, 122.49s/it]
                                                                                           

Best trial: 32. Best value: 0.447992:  41%|████      | 41/100 [1:22:14<2:00:27, 122.49s/it]
Best trial: 32. Best value: 0.447992:  41%|████      | 41/100 [1:22:14<2:00:27, 122.49s/it]
Best trial: 32. Best value: 0.447992:  42%|████▏     | 42/100 [1:22:14<2:01:36, 125.80s/it]
                                                                                           

Best trial: 32. Best value: 0.447992:  42%|████▏     | 42/100 [1:24:27<2:01:36, 125.80s/it]
Best trial: 32. Best value: 0.447992:  42%|████▏     | 42/100 [1:24:27<2:01:36, 125.80s/it]
Best trial: 32. Best value: 0.447992:  43%|████▎     | 43/100 [1:24:27<2:01:40, 128.07s/it]
                                                                                           

Best trial: 32. Best value: 0.447992:  43%|████▎     | 43/100 [1:26:42<2:01:40, 128.07s/it]
Best trial: 32. Best value: 0.447992:  43%|████▎     | 43/100 [1:26:42<2:01:40, 128.07s/it]
Best trial: 32. Best value: 0.447992:  44%|████▍     | 44/100 [1:26:42<2:01:21, 130.02s/it]
                                                                                           

Best trial: 32. Best value: 0.447992:  44%|████▍     | 44/100 [1:28:54<2:01:21, 130.02s/it]
Best trial: 32. Best value: 0.447992:  44%|████▍     | 44/100 [1:28:54<2:01:21, 130.02s/it]
Best trial: 32. Best value: 0.447992:  45%|████▌     | 45/100 [1:28:54<1:59:47, 130.68s/it]
                                                                                           

Best trial: 32. Best value: 0.447992:  45%|████▌     | 45/100 [1:30:56<1:59:47, 130.68s/it]
Best trial: 32. Best value: 0.447992:  45%|████▌     | 45/100 [1:30:56<1:59:47, 130.68s/it]
Best trial: 32. Best value: 0.447992:  46%|████▌     | 46/100 [1:30:56<1:55:20, 128.16s/it]
                                                                                           

Best trial: 32. Best value: 0.447992:  46%|████▌     | 46/100 [1:32:17<1:55:20, 128.16s/it]
Best trial: 32. Best value: 0.447992:  46%|████▌     | 46/100 [1:32:17<1:55:20, 128.16s/it]
Best trial: 32. Best value: 0.447992:  47%|████▋     | 47/100 [1:32:17<1:40:42, 114.02s/it]
                                                                                           

Best trial: 32. Best value: 0.447992:  47%|████▋     | 47/100 [1:34:29<1:40:42, 114.02s/it]
Best trial: 32. Best value: 0.447992:  47%|████▋     | 47/100 [1:34:29<1:40:42, 114.02s/it]
Best trial: 32. Best value: 0.447992:  48%|████▊     | 48/100 [1:34:29<1:43:19, 119.21s/it]
                                                                                           

Best trial: 32. Best value: 0.447992:  48%|████▊     | 48/100 [1:36:51<1:43:19, 119.21s/it]
Best trial: 32. Best value: 0.447992:  48%|████▊     | 48/100 [1:36:51<1:43:19, 119.21s/it]
Best trial: 32. Best value: 0.447992:  49%|████▉     | 49/100 [1:36:51<1:47:11, 126.11s/it]
                                                                                           

Best trial: 32. Best value: 0.447992:  49%|████▉     | 49/100 [1:39:08<1:47:11, 126.11s/it]
Best trial: 32. Best value: 0.447992:  49%|████▉     | 49/100 [1:39:08<1:47:11, 126.11s/it]
Best trial: 32. Best value: 0.447992:  50%|█████     | 50/100 [1:39:08<1:47:52, 129.45s/it]
                                                                                           

Best trial: 32. Best value: 0.447992:  50%|█████     | 50/100 [1:40:21<1:47:52, 129.45s/it]
Best trial: 32. Best value: 0.447992:  50%|█████     | 50/100 [1:40:21<1:47:52, 129.45s/it]
Best trial: 32. Best value: 0.447992:  51%|█████     | 51/100 [1:40:21<1:31:53, 112.51s/it]
                                                                                           

Best trial: 32. Best value: 0.447992:  51%|█████     | 51/100 [1:42:34<1:31:53, 112.51s/it]
Best trial: 32. Best value: 0.447992:  51%|█████     | 51/100 [1:42:34<1:31:53, 112.51s/it]
Best trial: 32. Best value: 0.447992:  52%|█████▏    | 52/100 [1:42:34<1:35:00, 118.77s/it]
                                                                                           

Best trial: 32. Best value: 0.447992:  52%|█████▏    | 52/100 [1:44:48<1:35:00, 118.77s/it]
Best trial: 32. Best value: 0.447992:  52%|█████▏    | 52/100 [1:44:48<1:35:00, 118.77s/it]
Best trial: 32. Best value: 0.447992:  53%|█████▎    | 53/100 [1:44:48<1:36:30, 123.21s/it]
                                                                                           

Best trial: 32. Best value: 0.447992:  53%|█████▎    | 53/100 [1:47:03<1:36:30, 123.21s/it]
Best trial: 32. Best value: 0.447992:  53%|█████▎    | 53/100 [1:47:03<1:36:30, 123.21s/it]
Best trial: 32. Best value: 0.447992:  54%|█████▍    | 54/100 [1:47:03<1:37:10, 126.75s/it]
                                                                                           

Best trial: 32. Best value: 0.447992:  54%|█████▍    | 54/100 [1:49:18<1:37:10, 126.75s/it]
Best trial: 32. Best value: 0.447992:  54%|█████▍    | 54/100 [1:49:18<1:37:10, 126.75s/it]
Best trial: 32. Best value: 0.447992:  55%|█████▌    | 55/100 [1:49:18<1:37:00, 129.35s/it]
                                                                                           

Best trial: 32. Best value: 0.447992:  55%|█████▌    | 55/100 [1:51:44<1:37:00, 129.35s/it]
Best trial: 32. Best value: 0.447992:  55%|█████▌    | 55/100 [1:51:44<1:37:00, 129.35s/it]
Best trial: 32. Best value: 0.447992:  56%|█████▌    | 56/100 [1:51:44<1:38:29, 134.32s/it]
                                                                                           

Best trial: 32. Best value: 0.447992:  56%|█████▌    | 56/100 [1:54:08<1:38:29, 134.32s/it]
Best trial: 32. Best value: 0.447992:  56%|█████▌    | 56/100 [1:54:08<1:38:29, 134.32s/it]
Best trial: 32. Best value: 0.447992:  57%|█████▋    | 57/100 [1:54:08<1:38:17, 137.15s/it]
                                                                                           

Best trial: 32. Best value: 0.447992:  57%|█████▋    | 57/100 [1:56:32<1:38:17, 137.15s/it]
Best trial: 32. Best value: 0.447992:  57%|█████▋    | 57/100 [1:56:32<1:38:17, 137.15s/it]
Best trial: 32. Best value: 0.447992:  58%|█████▊    | 58/100 [1:56:32<1:37:19, 139.03s/it]
                                                                                           

Best trial: 32. Best value: 0.447992:  58%|█████▊    | 58/100 [1:58:55<1:37:19, 139.03s/it]
Best trial: 32. Best value: 0.447992:  58%|█████▊    | 58/100 [1:58:55<1:37:19, 139.03s/it]
Best trial: 32. Best value: 0.447992:  59%|█████▉    | 59/100 [1:58:55<1:36:00, 140.49s/it]
                                                                                           

Best trial: 32. Best value: 0.447992:  59%|█████▉    | 59/100 [2:01:13<1:36:00, 140.49s/it]
Best trial: 32. Best value: 0.447992:  59%|█████▉    | 59/100 [2:01:13<1:36:00, 140.49s/it]
Best trial: 32. Best value: 0.447992:  60%|██████    | 60/100 [2:01:13<1:33:02, 139.57s/it]
                                                                                           

Best trial: 32. Best value: 0.447992:  60%|██████    | 60/100 [2:03:28<1:33:02, 139.57s/it]
Best trial: 32. Best value: 0.447992:  60%|██████    | 60/100 [2:03:28<1:33:02, 139.57s/it]
Best trial: 32. Best value: 0.447992:  61%|██████    | 61/100 [2:03:28<1:29:45, 138.10s/it]
                                                                                           

Best trial: 32. Best value: 0.447992:  61%|██████    | 61/100 [2:05:51<1:29:45, 138.10s/it]
Best trial: 32. Best value: 0.447992:  61%|██████    | 61/100 [2:05:51<1:29:45, 138.10s/it]
Best trial: 32. Best value: 0.447992:  62%|██████▏   | 62/100 [2:05:51<1:28:30, 139.75s/it]
                                                                                           

Best trial: 32. Best value: 0.447992:  62%|██████▏   | 62/100 [2:08:15<1:28:30, 139.75s/it]
Best trial: 62. Best value: 0.448094:  62%|██████▏   | 62/100 [2:08:15<1:28:30, 139.75s/it]
Best trial: 62. Best value: 0.448094:  63%|██████▎   | 63/100 [2:08:15<1:26:51, 140.84s/it]
                                                                                           

Best trial: 62. Best value: 0.448094:  63%|██████▎   | 63/100 [2:10:38<1:26:51, 140.84s/it]
Best trial: 63. Best value: 0.452099:  63%|██████▎   | 63/100 [2:10:38<1:26:51, 140.84s/it]
Best trial: 63. Best value: 0.452099:  64%|██████▍   | 64/100 [2:10:38<1:24:59, 141.65s/it]
                                                                                           

Best trial: 63. Best value: 0.452099:  64%|██████▍   | 64/100 [2:13:01<1:24:59, 141.65s/it]
Best trial: 63. Best value: 0.452099:  64%|██████▍   | 64/100 [2:13:01<1:24:59, 141.65s/it]
Best trial: 63. Best value: 0.452099:  65%|██████▌   | 65/100 [2:13:01<1:22:52, 142.06s/it]
                                                                                           

Best trial: 63. Best value: 0.452099:  65%|██████▌   | 65/100 [2:15:24<1:22:52, 142.06s/it]
Best trial: 63. Best value: 0.452099:  65%|██████▌   | 65/100 [2:15:24<1:22:52, 142.06s/it]
Best trial: 63. Best value: 0.452099:  66%|██████▌   | 66/100 [2:15:24<1:20:42, 142.44s/it]
                                                                                           

Best trial: 63. Best value: 0.452099:  66%|██████▌   | 66/100 [2:18:03<1:20:42, 142.44s/it]
Best trial: 63. Best value: 0.452099:  66%|██████▌   | 66/100 [2:18:03<1:20:42, 142.44s/it]
Best trial: 63. Best value: 0.452099:  67%|██████▋   | 67/100 [2:18:03<1:21:04, 147.41s/it]
                                                                                           

Best trial: 63. Best value: 0.452099:  67%|██████▋   | 67/100 [2:19:04<1:21:04, 147.41s/it]
Best trial: 63. Best value: 0.452099:  67%|██████▋   | 67/100 [2:19:04<1:21:04, 147.41s/it]
Best trial: 63. Best value: 0.452099:  68%|██████▊   | 68/100 [2:19:04<1:04:40, 121.28s/it]
                                                                                           

Best trial: 63. Best value: 0.452099:  68%|██████▊   | 68/100 [2:21:30<1:04:40, 121.28s/it]
Best trial: 63. Best value: 0.452099:  68%|██████▊   | 68/100 [2:21:30<1:04:40, 121.28s/it]
Best trial: 63. Best value: 0.452099:  69%|██████▉   | 69/100 [2:21:30<1:06:31, 128.75s/it]
                                                                                           

Best trial: 63. Best value: 0.452099:  69%|██████▉   | 69/100 [2:23:51<1:06:31, 128.75s/it]
Best trial: 63. Best value: 0.452099:  69%|██████▉   | 69/100 [2:23:51<1:06:31, 128.75s/it]
Best trial: 63. Best value: 0.452099:  70%|███████   | 70/100 [2:23:51<1:06:14, 132.48s/it]
                                                                                           

Best trial: 63. Best value: 0.452099:  70%|███████   | 70/100 [2:26:03<1:06:14, 132.48s/it]
Best trial: 63. Best value: 0.452099:  70%|███████   | 70/100 [2:26:03<1:06:14, 132.48s/it]
Best trial: 63. Best value: 0.452099:  71%|███████   | 71/100 [2:26:03<1:03:54, 132.21s/it]
                                                                                           

Best trial: 63. Best value: 0.452099:  71%|███████   | 71/100 [2:28:42<1:03:54, 132.21s/it]
Best trial: 63. Best value: 0.452099:  71%|███████   | 71/100 [2:28:42<1:03:54, 132.21s/it]
Best trial: 63. Best value: 0.452099:  72%|███████▏  | 72/100 [2:28:42<1:05:31, 140.41s/it]
                                                                                           

Best trial: 63. Best value: 0.452099:  72%|███████▏  | 72/100 [2:31:22<1:05:31, 140.41s/it]
Best trial: 63. Best value: 0.452099:  72%|███████▏  | 72/100 [2:31:22<1:05:31, 140.41s/it]
Best trial: 63. Best value: 0.452099:  73%|███████▎  | 73/100 [2:31:22<1:05:45, 146.13s/it]
                                                                                           

Best trial: 63. Best value: 0.452099:  73%|███████▎  | 73/100 [2:34:01<1:05:45, 146.13s/it]
Best trial: 63. Best value: 0.452099:  73%|███████▎  | 73/100 [2:34:01<1:05:45, 146.13s/it]
Best trial: 63. Best value: 0.452099:  74%|███████▍  | 74/100 [2:34:01<1:05:03, 150.15s/it]
                                                                                           

Best trial: 63. Best value: 0.452099:  74%|███████▍  | 74/100 [2:36:41<1:05:03, 150.15s/it]
Best trial: 63. Best value: 0.452099:  74%|███████▍  | 74/100 [2:36:41<1:05:03, 150.15s/it]
Best trial: 63. Best value: 0.452099:  75%|███████▌  | 75/100 [2:36:41<1:03:42, 152.90s/it]
                                                                                           

Best trial: 63. Best value: 0.452099:  75%|███████▌  | 75/100 [2:39:20<1:03:42, 152.90s/it]
Best trial: 63. Best value: 0.452099:  75%|███████▌  | 75/100 [2:39:20<1:03:42, 152.90s/it]
Best trial: 63. Best value: 0.452099:  76%|███████▌  | 76/100 [2:39:20<1:01:57, 154.89s/it]
                                                                                           

Best trial: 63. Best value: 0.452099:  76%|███████▌  | 76/100 [2:41:59<1:01:57, 154.89s/it]
Best trial: 63. Best value: 0.452099:  76%|███████▌  | 76/100 [2:41:59<1:01:57, 154.89s/it]
Best trial: 63. Best value: 0.452099:  77%|███████▋  | 77/100 [2:41:59<59:49, 156.09s/it]  
                                                                                         

Best trial: 63. Best value: 0.452099:  77%|███████▋  | 77/100 [2:44:38<59:49, 156.09s/it]
Best trial: 63. Best value: 0.452099:  77%|███████▋  | 77/100 [2:44:38<59:49, 156.09s/it]
Best trial: 63. Best value: 0.452099:  78%|███████▊  | 78/100 [2:44:38<57:34, 157.03s/it]
                                                                                         

Best trial: 63. Best value: 0.452099:  78%|███████▊  | 78/100 [2:47:23<57:34, 157.03s/it]
Best trial: 63. Best value: 0.452099:  78%|███████▊  | 78/100 [2:47:23<57:34, 157.03s/it]
Best trial: 63. Best value: 0.452099:  79%|███████▉  | 79/100 [2:47:23<55:48, 159.47s/it]
                                                                                         

Best trial: 63. Best value: 0.452099:  79%|███████▉  | 79/100 [2:50:00<55:48, 159.47s/it]
Best trial: 63. Best value: 0.452099:  79%|███████▉  | 79/100 [2:50:00<55:48, 159.47s/it]
Best trial: 63. Best value: 0.452099:  80%|████████  | 80/100 [2:50:00<52:49, 158.49s/it]
                                                                                         

Best trial: 63. Best value: 0.452099:  80%|████████  | 80/100 [2:52:27<52:49, 158.49s/it]
Best trial: 63. Best value: 0.452099:  80%|████████  | 80/100 [2:52:27<52:49, 158.49s/it]
Best trial: 63. Best value: 0.452099:  81%|████████  | 81/100 [2:52:27<49:07, 155.15s/it]
                                                                                         

Best trial: 63. Best value: 0.452099:  81%|████████  | 81/100 [2:55:06<49:07, 155.15s/it]
Best trial: 63. Best value: 0.452099:  81%|████████  | 81/100 [2:55:06<49:07, 155.15s/it]
Best trial: 63. Best value: 0.452099:  82%|████████▏ | 82/100 [2:55:06<46:56, 156.45s/it]
                                                                                         

Best trial: 63. Best value: 0.452099:  82%|████████▏ | 82/100 [2:57:46<46:56, 156.45s/it]
Best trial: 63. Best value: 0.452099:  82%|████████▏ | 82/100 [2:57:46<46:56, 156.45s/it]
Best trial: 63. Best value: 0.452099:  83%|████████▎ | 83/100 [2:57:46<44:34, 157.33s/it]
                                                                                         

Best trial: 63. Best value: 0.452099:  83%|████████▎ | 83/100 [3:00:25<44:34, 157.33s/it]
Best trial: 63. Best value: 0.452099:  83%|████████▎ | 83/100 [3:00:25<44:34, 157.33s/it]
Best trial: 63. Best value: 0.452099:  84%|████████▍ | 84/100 [3:00:25<42:06, 157.91s/it]
                                                                                         

Best trial: 63. Best value: 0.452099:  84%|████████▍ | 84/100 [3:03:00<42:06, 157.91s/it]
Best trial: 63. Best value: 0.452099:  84%|████████▍ | 84/100 [3:03:00<42:06, 157.91s/it]
Best trial: 63. Best value: 0.452099:  85%|████████▌ | 85/100 [3:03:00<39:17, 157.15s/it]
                                                                                         

Best trial: 63. Best value: 0.452099:  85%|████████▌ | 85/100 [3:05:40<39:17, 157.15s/it]
Best trial: 63. Best value: 0.452099:  85%|████████▌ | 85/100 [3:05:40<39:17, 157.15s/it]
Best trial: 63. Best value: 0.452099:  86%|████████▌ | 86/100 [3:05:40<36:49, 157.79s/it]
                                                                                         

Best trial: 63. Best value: 0.452099:  86%|████████▌ | 86/100 [3:08:08<36:49, 157.79s/it]
Best trial: 63. Best value: 0.452099:  86%|████████▌ | 86/100 [3:08:08<36:49, 157.79s/it]
Best trial: 63. Best value: 0.452099:  87%|████████▋ | 87/100 [3:08:08<33:36, 155.08s/it]
                                                                                         

Best trial: 63. Best value: 0.452099:  87%|████████▋ | 87/100 [3:10:48<33:36, 155.08s/it]
Best trial: 63. Best value: 0.452099:  87%|████████▋ | 87/100 [3:10:48<33:36, 155.08s/it]
Best trial: 63. Best value: 0.452099:  88%|████████▊ | 88/100 [3:10:48<31:15, 156.30s/it]
                                                                                         

Best trial: 63. Best value: 0.452099:  88%|████████▊ | 88/100 [3:13:22<31:15, 156.30s/it]
Best trial: 63. Best value: 0.452099:  88%|████████▊ | 88/100 [3:13:22<31:15, 156.30s/it]
Best trial: 63. Best value: 0.452099:  89%|████████▉ | 89/100 [3:13:22<28:32, 155.69s/it]
                                                                                         

Best trial: 63. Best value: 0.452099:  89%|████████▉ | 89/100 [3:16:07<28:32, 155.69s/it]
Best trial: 63. Best value: 0.452099:  89%|████████▉ | 89/100 [3:16:07<28:32, 155.69s/it]
Best trial: 63. Best value: 0.452099:  90%|█████████ | 90/100 [3:16:07<26:25, 158.51s/it]
                                                                                         

Best trial: 63. Best value: 0.452099:  90%|█████████ | 90/100 [3:18:46<26:25, 158.51s/it]
Best trial: 63. Best value: 0.452099:  90%|█████████ | 90/100 [3:18:46<26:25, 158.51s/it]
Best trial: 63. Best value: 0.452099:  91%|█████████ | 91/100 [3:18:46<23:49, 158.78s/it]
                                                                                         

Best trial: 63. Best value: 0.452099:  91%|█████████ | 91/100 [3:21:26<23:49, 158.78s/it]
Best trial: 63. Best value: 0.452099:  91%|█████████ | 91/100 [3:21:26<23:49, 158.78s/it]
Best trial: 63. Best value: 0.452099:  92%|█████████▏| 92/100 [3:21:26<21:12, 159.04s/it]
                                                                                         

Best trial: 63. Best value: 0.452099:  92%|█████████▏| 92/100 [3:24:05<21:12, 159.04s/it]
Best trial: 63. Best value: 0.452099:  92%|█████████▏| 92/100 [3:24:05<21:12, 159.04s/it]
Best trial: 63. Best value: 0.452099:  93%|█████████▎| 93/100 [3:24:05<18:34, 159.15s/it]
                                                                                         

Best trial: 63. Best value: 0.452099:  93%|█████████▎| 93/100 [3:26:45<18:34, 159.15s/it]
Best trial: 63. Best value: 0.452099:  93%|█████████▎| 93/100 [3:26:45<18:34, 159.15s/it]
Best trial: 63. Best value: 0.452099:  94%|█████████▍| 94/100 [3:26:45<15:55, 159.22s/it]
                                                                                         

Best trial: 63. Best value: 0.452099:  94%|█████████▍| 94/100 [3:29:24<15:55, 159.22s/it]
Best trial: 63. Best value: 0.452099:  94%|█████████▍| 94/100 [3:29:24<15:55, 159.22s/it]
Best trial: 63. Best value: 0.452099:  95%|█████████▌| 95/100 [3:29:24<13:15, 159.14s/it]
                                                                                         

Best trial: 63. Best value: 0.452099:  95%|█████████▌| 95/100 [3:32:03<13:15, 159.14s/it]
Best trial: 63. Best value: 0.452099:  95%|█████████▌| 95/100 [3:32:03<13:15, 159.14s/it]
Best trial: 63. Best value: 0.452099:  96%|█████████▌| 96/100 [3:32:03<10:37, 159.29s/it]
                                                                                         

Best trial: 63. Best value: 0.452099:  96%|█████████▌| 96/100 [3:34:43<10:37, 159.29s/it]
Best trial: 63. Best value: 0.452099:  96%|█████████▌| 96/100 [3:34:43<10:37, 159.29s/it]
Best trial: 63. Best value: 0.452099:  97%|█████████▋| 97/100 [3:34:43<07:57, 159.33s/it]
                                                                                         

Best trial: 63. Best value: 0.452099:  97%|█████████▋| 97/100 [3:37:23<07:57, 159.33s/it]
Best trial: 63. Best value: 0.452099:  97%|█████████▋| 97/100 [3:37:23<07:57, 159.33s/it]
Best trial: 63. Best value: 0.452099:  98%|█████████▊| 98/100 [3:37:23<05:18, 159.45s/it]
                                                                                         

Best trial: 63. Best value: 0.452099:  98%|█████████▊| 98/100 [3:40:08<05:18, 159.45s/it]
Best trial: 63. Best value: 0.452099:  98%|█████████▊| 98/100 [3:40:08<05:18, 159.45s/it]
Best trial: 63. Best value: 0.452099:  99%|█████████▉| 99/100 [3:40:08<02:41, 161.16s/it]
                                                                                         

Best trial: 63. Best value: 0.452099:  99%|█████████▉| 99/100 [3:41:37<02:41, 161.16s/it]
Best trial: 63. Best value: 0.452099:  99%|█████████▉| 99/100 [3:41:37<02:41, 161.16s/it]
Best trial: 63. Best value: 0.452099: 100%|██████████| 100/100 [3:41:37<00:00, 139.53s/it]
Best trial: 63. Best value: 0.452099: 100%|██████████| 100/100 [3:41:37<00:00, 132.97s/it]
/home/eyoung4-swat/hmc-epg-project/machine-learning/mosquito/model_eval.py:336: ExperimentalWarning: optuna.visualization.matplotlib._optimization_history.plot_optimization_history is experimental (supported from v2.2.0). The interface can change in the future.
  optuna.visualization.matplotlib.plot_optimization_history(study)
