uv version: uv 0.9.5
Running on host: gpu04.cluster
Job started at: Fri Feb 27 14:38:05 EST 2026
Running job ID: 731920
Loaded 58 files (2.86 GB) in 3.93 seconds.
Skipping probe: too short (len=834, chunk_size=1000)
Skipping probe: too short (len=982, chunk_size=1000)
Skipping probe: too short (len=559, chunk_size=1000)
Skipping probe: too short (len=906, chunk_size=1000)
Skipping probe: too short (len=670, chunk_size=1000)
Skipping probe: too short (len=886, chunk_size=1000)
Skipping probe: too short (len=632, chunk_size=1000)
Skipping probe: too short (len=982, chunk_size=1000)
Skipping probe: too short (len=559, chunk_size=1000)
Skipping probe: too short (len=906, chunk_size=1000)
Skipping probe: too short (len=834, chunk_size=1000)
Skipping probe: too short (len=670, chunk_size=1000)
Skipping probe: too short (len=886, chunk_size=1000)
Skipping probe: too short (len=632, chunk_size=1000)
Skipping probe: too short (len=559, chunk_size=1000)
Skipping probe: too short (len=906, chunk_size=1000)
Skipping probe: too short (len=834, chunk_size=1000)
Skipping probe: too short (len=670, chunk_size=1000)
Skipping probe: too short (len=886, chunk_size=1000)
Skipping probe: too short (len=632, chunk_size=1000)
Skipping probe: too short (len=982, chunk_size=1000)
Skipping probe: too short (len=834, chunk_size=1000)
Skipping probe: too short (len=982, chunk_size=1000)
Skipping probe: too short (len=670, chunk_size=1000)
Skipping probe: too short (len=886, chunk_size=1000)
Skipping probe: too short (len=632, chunk_size=1000)
Skipping probe: too short (len=559, chunk_size=1000)
Skipping probe: too short (len=906, chunk_size=1000)
Skipping probe: too short (len=559, chunk_size=1000)
Skipping probe: too short (len=906, chunk_size=1000)
Skipping probe: too short (len=982, chunk_size=1000)
Skipping probe: too short (len=632, chunk_size=1000)
Skipping probe: too short (len=834, chunk_size=1000)
Skipping probe: too short (len=670, chunk_size=1000)
Skipping probe: too short (len=886, chunk_size=1000)
Trial 0 F1s - Weighted: 0.4806 | Macro: 0.1176 | Micro: 0.3787

[I 2026-02-27 14:47:05,940] Trial 0 finished with value: 0.48061372044018863 and parameters: {'chunk_seconds': 10, 'num_freqs': 3, 'num_estimators': 8, 'max_depth': 4, 'window_seconds': 18, 'num_subwindows': 2, 'subwindow_freq': 4, 'use_window_slope': False, 'use_subwindow_slope': False, 'use_smote': True, 'smote_k_neighbors': 1}. Best is trial 0 with value: 0.48061372044018863.
Skipping probe: too short (len=559, chunk_size=700)
Skipping probe: too short (len=670, chunk_size=700)
Skipping probe: too short (len=632, chunk_size=700)
Skipping probe: too short (len=670, chunk_size=700)
Skipping probe: too short (len=559, chunk_size=700)
Skipping probe: too short (len=632, chunk_size=700)
Skipping probe: too short (len=559, chunk_size=700)
Skipping probe: too short (len=670, chunk_size=700)
Skipping probe: too short (len=632, chunk_size=700)
Skipping probe: too short (len=632, chunk_size=700)
Skipping probe: too short (len=670, chunk_size=700)
Skipping probe: too short (len=559, chunk_size=700)
Skipping probe: too short (len=559, chunk_size=700)
Skipping probe: too short (len=632, chunk_size=700)
Skipping probe: too short (len=670, chunk_size=700)
Trial 1 F1s - Weighted: 0.6081 | Macro: 0.1566 | Micro: 0.5168

[I 2026-02-27 15:27:01,032] Trial 1 finished with value: 0.608113201496397 and parameters: {'chunk_seconds': 7, 'num_freqs': 6, 'num_estimators': 128, 'max_depth': 4, 'window_seconds': 8, 'num_subwindows': 11, 'subwindow_freq': 3, 'use_window_slope': True, 'use_subwindow_slope': True, 'use_smote': False}. Best is trial 1 with value: 0.608113201496397.
Skipping probe: too short (len=834, chunk_size=900)
Skipping probe: too short (len=559, chunk_size=900)
Skipping probe: too short (len=670, chunk_size=900)
Skipping probe: too short (len=886, chunk_size=900)
Skipping probe: too short (len=632, chunk_size=900)
Skipping probe: too short (len=834, chunk_size=900)
Skipping probe: too short (len=559, chunk_size=900)
Skipping probe: too short (len=670, chunk_size=900)
Skipping probe: too short (len=886, chunk_size=900)
Skipping probe: too short (len=632, chunk_size=900)
Skipping probe: too short (len=559, chunk_size=900)
Skipping probe: too short (len=834, chunk_size=900)
Skipping probe: too short (len=670, chunk_size=900)
Skipping probe: too short (len=886, chunk_size=900)
Skipping probe: too short (len=632, chunk_size=900)
Skipping probe: too short (len=670, chunk_size=900)
Skipping probe: too short (len=886, chunk_size=900)
Skipping probe: too short (len=834, chunk_size=900)
Skipping probe: too short (len=632, chunk_size=900)
Skipping probe: too short (len=559, chunk_size=900)
Skipping probe: too short (len=559, chunk_size=900)
Skipping probe: too short (len=632, chunk_size=900)
Skipping probe: too short (len=834, chunk_size=900)
Skipping probe: too short (len=670, chunk_size=900)
Skipping probe: too short (len=886, chunk_size=900)
Trial 2 F1s - Weighted: 0.5671 | Macro: 0.1318 | Micro: 0.4997

[I 2026-02-27 16:23:23,462] Trial 2 finished with value: 0.5671288091411988 and parameters: {'chunk_seconds': 9, 'num_freqs': 4, 'num_estimators': 512, 'max_depth': 4, 'window_seconds': 18, 'num_subwindows': 6, 'subwindow_freq': 18, 'use_window_slope': False, 'use_subwindow_slope': False, 'use_smote': True, 'smote_k_neighbors': 4}. Best is trial 1 with value: 0.608113201496397.
Trial 3 F1s - Weighted: 0.6635 | Macro: 0.1812 | Micro: 0.6542

[I 2026-02-27 17:17:52,660] Trial 3 finished with value: 0.6634590695266483 and parameters: {'chunk_seconds': 5, 'num_freqs': 6, 'num_estimators': 32, 'max_depth': 32, 'window_seconds': 20, 'num_subwindows': 20, 'subwindow_freq': 8, 'use_window_slope': False, 'use_subwindow_slope': False, 'use_smote': True, 'smote_k_neighbors': 9}. Best is trial 3 with value: 0.6634590695266483.
Trial 4 F1s - Weighted: 0.6185 | Macro: 0.2081 | Micro: 0.5753

[I 2026-02-27 18:54:18,850] Trial 4 finished with value: 0.6184911718325808 and parameters: {'chunk_seconds': 3, 'num_freqs': 16, 'num_estimators': 64, 'max_depth': 32, 'window_seconds': 3, 'num_subwindows': 13, 'subwindow_freq': 3, 'use_window_slope': False, 'use_subwindow_slope': False, 'use_smote': True, 'smote_k_neighbors': 9}. Best is trial 3 with value: 0.6634590695266483.
Trial 5 F1s - Weighted: 0.6798 | Macro: 0.1665 | Micro: 0.7161

[I 2026-02-27 20:24:45,221] Trial 5 finished with value: 0.6798081738194066 and parameters: {'chunk_seconds': 3, 'num_freqs': 20, 'num_estimators': 32, 'max_depth': 256, 'window_seconds': 16, 'num_subwindows': 11, 'subwindow_freq': 10, 'use_window_slope': True, 'use_subwindow_slope': True, 'use_smote': False}. Best is trial 5 with value: 0.6798081738194066.
Trial 6 F1s - Weighted: 0.6094 | Macro: 0.1753 | Micro: 0.5400

[I 2026-02-27 21:01:50,388] Trial 6 finished with value: 0.6093909968460919 and parameters: {'chunk_seconds': 4, 'num_freqs': 10, 'num_estimators': 8, 'max_depth': 8, 'window_seconds': 16, 'num_subwindows': 19, 'subwindow_freq': 4, 'use_window_slope': False, 'use_subwindow_slope': False, 'use_smote': False}. Best is trial 5 with value: 0.6798081738194066.
Trial 7 F1s - Weighted: 0.6649 | Macro: 0.2128 | Micro: 0.6283

[I 2026-02-28 01:11:09,045] Trial 7 finished with value: 0.6649153497294595 and parameters: {'chunk_seconds': 1, 'num_freqs': 15, 'num_estimators': 64, 'max_depth': 32, 'window_seconds': 9, 'num_subwindows': 2, 'subwindow_freq': 20, 'use_window_slope': True, 'use_subwindow_slope': False, 'use_smote': True, 'smote_k_neighbors': 6}. Best is trial 5 with value: 0.6798081738194066.
Trial 8 F1s - Weighted: 0.6605 | Macro: 0.1563 | Micro: 0.7070

[I 2026-02-28 03:44:17,053] Trial 8 finished with value: 0.6605406103536539 and parameters: {'chunk_seconds': 2, 'num_freqs': 7, 'num_estimators': 512, 'max_depth': 256, 'window_seconds': 7, 'num_subwindows': 18, 'subwindow_freq': 13, 'use_window_slope': True, 'use_subwindow_slope': False, 'use_smote': False}. Best is trial 5 with value: 0.6798081738194066.
Trial 9 F1s - Weighted: 0.4716 | Macro: 0.1221 | Micro: 0.3880

[I 2026-02-28 05:39:24,396] Trial 9 finished with value: 0.47159533266776155 and parameters: {'chunk_seconds': 1, 'num_freqs': 12, 'num_estimators': 128, 'max_depth': 4, 'window_seconds': 3, 'num_subwindows': 4, 'subwindow_freq': 6, 'use_window_slope': True, 'use_subwindow_slope': True, 'use_smote': False}. Best is trial 5 with value: 0.6798081738194066.
Skipping probe: too short (len=559, chunk_size=700)
Skipping probe: too short (len=670, chunk_size=700)
Skipping probe: too short (len=632, chunk_size=700)
Skipping probe: too short (len=559, chunk_size=700)
Skipping probe: too short (len=670, chunk_size=700)
Skipping probe: too short (len=632, chunk_size=700)
Skipping probe: too short (len=559, chunk_size=700)
Skipping probe: too short (len=670, chunk_size=700)
Skipping probe: too short (len=632, chunk_size=700)
Skipping probe: too short (len=632, chunk_size=700)
Skipping probe: too short (len=670, chunk_size=700)
Skipping probe: too short (len=559, chunk_size=700)
Skipping probe: too short (len=559, chunk_size=700)
Skipping probe: too short (len=632, chunk_size=700)
Skipping probe: too short (len=670, chunk_size=700)
Trial 10 F1s - Weighted: 0.6782 | Macro: 0.1496 | Micro: 0.7230

[I 2026-02-28 06:48:43,550] Trial 10 finished with value: 0.678234910875385 and parameters: {'chunk_seconds': 7, 'num_freqs': 20, 'num_estimators': 1024, 'max_depth': 256, 'window_seconds': 13, 'num_subwindows': 8, 'subwindow_freq': 13, 'use_window_slope': True, 'use_subwindow_slope': True, 'use_smote': False}. Best is trial 5 with value: 0.6798081738194066.
Skipping probe: too short (len=559, chunk_size=700)
Skipping probe: too short (len=670, chunk_size=700)
Skipping probe: too short (len=632, chunk_size=700)
Skipping probe: too short (len=559, chunk_size=700)
Skipping probe: too short (len=670, chunk_size=700)
Skipping probe: too short (len=632, chunk_size=700)
Skipping probe: too short (len=559, chunk_size=700)
Skipping probe: too short (len=632, chunk_size=700)
Skipping probe: too short (len=670, chunk_size=700)
Skipping probe: too short (len=670, chunk_size=700)
Skipping probe: too short (len=632, chunk_size=700)
Skipping probe: too short (len=559, chunk_size=700)
Skipping probe: too short (len=559, chunk_size=700)
Skipping probe: too short (len=632, chunk_size=700)
Skipping probe: too short (len=670, chunk_size=700)
Trial 11 F1s - Weighted: 0.6816 | Macro: 0.1511 | Micro: 0.7254

[I 2026-02-28 07:52:16,817] Trial 11 finished with value: 0.6816176689168293 and parameters: {'chunk_seconds': 7, 'num_freqs': 20, 'num_estimators': 1024, 'max_depth': 256, 'window_seconds': 13, 'num_subwindows': 7, 'subwindow_freq': 13, 'use_window_slope': True, 'use_subwindow_slope': True, 'use_smote': False}. Best is trial 11 with value: 0.6816176689168293.
Skipping probe: too short (len=559, chunk_size=700)
Skipping probe: too short (len=670, chunk_size=700)
Skipping probe: too short (len=632, chunk_size=700)
Skipping probe: too short (len=559, chunk_size=700)
Skipping probe: too short (len=670, chunk_size=700)
Skipping probe: too short (len=632, chunk_size=700)
[I 2026-02-28 08:29:28,141] Trial 12 pruned. 
Trial 13 F1s - Weighted: 0.6752 | Macro: 0.1627 | Micro: 0.7155

[I 2026-02-28 09:17:56,720] Trial 13 finished with value: 0.6752291281674591 and parameters: {'chunk_seconds': 5, 'num_freqs': 16, 'num_estimators': 32, 'max_depth': 64, 'window_seconds': 13, 'num_subwindows': 9, 'subwindow_freq': 16, 'use_window_slope': True, 'use_subwindow_slope': True, 'use_smote': False}. Best is trial 11 with value: 0.6816176689168293.
Trial 14 F1s - Weighted: 0.6764 | Macro: 0.1621 | Micro: 0.7176

[I 2026-02-28 11:30:29,529] Trial 14 finished with value: 0.6763881473658102 and parameters: {'chunk_seconds': 3, 'num_freqs': 18, 'num_estimators': 256, 'max_depth': 128, 'window_seconds': 15, 'num_subwindows': 14, 'subwindow_freq': 9, 'use_window_slope': True, 'use_subwindow_slope': True, 'use_smote': False}. Best is trial 11 with value: 0.6816176689168293.
Skipping probe: too short (len=559, chunk_size=800)
Skipping probe: too short (len=632, chunk_size=800)
Skipping probe: too short (len=670, chunk_size=800)
Skipping probe: too short (len=559, chunk_size=800)
Skipping probe: too short (len=670, chunk_size=800)
Skipping probe: too short (len=632, chunk_size=800)
Skipping probe: too short (len=559, chunk_size=800)
Skipping probe: too short (len=670, chunk_size=800)
Skipping probe: too short (len=632, chunk_size=800)
Skipping probe: too short (len=670, chunk_size=800)
Skipping probe: too short (len=632, chunk_size=800)
Skipping probe: too short (len=559, chunk_size=800)
Skipping probe: too short (len=559, chunk_size=800)
Skipping probe: too short (len=632, chunk_size=800)
Skipping probe: too short (len=670, chunk_size=800)
Trial 15 F1s - Weighted: 0.6859 | Macro: 0.1786 | Micro: 0.6811

[I 2026-02-28 11:54:35,255] Trial 15 finished with value: 0.6859236316427285 and parameters: {'chunk_seconds': 8, 'num_freqs': 12, 'num_estimators': 16, 'max_depth': 16, 'window_seconds': 11, 'num_subwindows': 6, 'subwindow_freq': 14, 'use_window_slope': True, 'use_subwindow_slope': True, 'use_smote': False}. Best is trial 15 with value: 0.6859236316427285.
Skipping probe: too short (len=559, chunk_size=800)
Skipping probe: too short (len=670, chunk_size=800)
Skipping probe: too short (len=632, chunk_size=800)
Skipping probe: too short (len=559, chunk_size=800)
Skipping probe: too short (len=670, chunk_size=800)
Skipping probe: too short (len=632, chunk_size=800)
Skipping probe: too short (len=670, chunk_size=800)
Skipping probe: too short (len=559, chunk_size=800)
Skipping probe: too short (len=632, chunk_size=800)
Skipping probe: too short (len=670, chunk_size=800)
Skipping probe: too short (len=632, chunk_size=800)
Skipping probe: too short (len=559, chunk_size=800)
Skipping probe: too short (len=559, chunk_size=800)
Skipping probe: too short (len=632, chunk_size=800)
Skipping probe: too short (len=670, chunk_size=800)
Trial 16 F1s - Weighted: 0.6893 | Macro: 0.1810 | Micro: 0.6856

[I 2026-02-28 12:16:16,757] Trial 16 finished with value: 0.689315337733086 and parameters: {'chunk_seconds': 8, 'num_freqs': 12, 'num_estimators': 16, 'max_depth': 16, 'window_seconds': 11, 'num_subwindows': 5, 'subwindow_freq': 15, 'use_window_slope': True, 'use_subwindow_slope': True, 'use_smote': False}. Best is trial 16 with value: 0.689315337733086.
Skipping probe: too short (len=834, chunk_size=900)
Skipping probe: too short (len=559, chunk_size=900)
Skipping probe: too short (len=670, chunk_size=900)
Skipping probe: too short (len=886, chunk_size=900)
Skipping probe: too short (len=632, chunk_size=900)
Skipping probe: too short (len=834, chunk_size=900)
Skipping probe: too short (len=559, chunk_size=900)
Skipping probe: too short (len=670, chunk_size=900)
Skipping probe: too short (len=886, chunk_size=900)
Skipping probe: too short (len=632, chunk_size=900)
Skipping probe: too short (len=834, chunk_size=900)
Skipping probe: too short (len=559, chunk_size=900)
Skipping probe: too short (len=670, chunk_size=900)
Skipping probe: too short (len=886, chunk_size=900)
Skipping probe: too short (len=632, chunk_size=900)
Skipping probe: too short (len=834, chunk_size=900)
Skipping probe: too short (len=670, chunk_size=900)
Skipping probe: too short (len=886, chunk_size=900)
Skipping probe: too short (len=632, chunk_size=900)
Skipping probe: too short (len=559, chunk_size=900)
Skipping probe: too short (len=559, chunk_size=900)
Skipping probe: too short (len=632, chunk_size=900)
Skipping probe: too short (len=834, chunk_size=900)
Skipping probe: too short (len=670, chunk_size=900)
Skipping probe: too short (len=886, chunk_size=900)
Trial 17 F1s - Weighted: 0.6836 | Macro: 0.1794 | Micro: 0.6783

[I 2026-02-28 12:35:57,825] Trial 17 finished with value: 0.6835867199658311 and parameters: {'chunk_seconds': 9, 'num_freqs': 11, 'num_estimators': 16, 'max_depth': 16, 'window_seconds': 10, 'num_subwindows': 5, 'subwindow_freq': 16, 'use_window_slope': True, 'use_subwindow_slope': True, 'use_smote': False}. Best is trial 16 with value: 0.689315337733086.
Skipping probe: too short (len=559, chunk_size=800)
Skipping probe: too short (len=670, chunk_size=800)
Skipping probe: too short (len=632, chunk_size=800)
Skipping probe: too short (len=559, chunk_size=800)
Skipping probe: too short (len=670, chunk_size=800)
Skipping probe: too short (len=632, chunk_size=800)
[I 2026-02-28 12:40:04,492] Trial 18 pruned. 
[I 2026-02-28 12:50:21,528] Trial 19 pruned. 
Skipping probe: too short (len=559, chunk_size=600)
Skipping probe: too short (len=559, chunk_size=600)
Skipping probe: too short (len=559, chunk_size=600)
Skipping probe: too short (len=559, chunk_size=600)
Skipping probe: too short (len=559, chunk_size=600)
Trial 20 F1s - Weighted: 0.6741 | Macro: 0.1745 | Micro: 0.6695

[I 2026-02-28 13:29:57,302] Trial 20 finished with value: 0.6740550462169878 and parameters: {'chunk_seconds': 6, 'num_freqs': 1, 'num_estimators': 16, 'max_depth': 16, 'window_seconds': 11, 'num_subwindows': 9, 'subwindow_freq': 17, 'use_window_slope': True, 'use_subwindow_slope': True, 'use_smote': False}. Best is trial 16 with value: 0.689315337733086.
Skipping probe: too short (len=559, chunk_size=900)
Skipping probe: too short (len=834, chunk_size=900)
Skipping probe: too short (len=670, chunk_size=900)
Skipping probe: too short (len=886, chunk_size=900)
Skipping probe: too short (len=632, chunk_size=900)
Skipping probe: too short (len=834, chunk_size=900)
Skipping probe: too short (len=670, chunk_size=900)
Skipping probe: too short (len=886, chunk_size=900)
Skipping probe: too short (len=559, chunk_size=900)
Skipping probe: too short (len=632, chunk_size=900)
Skipping probe: too short (len=834, chunk_size=900)
Skipping probe: too short (len=559, chunk_size=900)
Skipping probe: too short (len=670, chunk_size=900)
Skipping probe: too short (len=886, chunk_size=900)
Skipping probe: too short (len=632, chunk_size=900)
Skipping probe: too short (len=834, chunk_size=900)
Skipping probe: too short (len=670, chunk_size=900)
Skipping probe: too short (len=886, chunk_size=900)
Skipping probe: too short (len=632, chunk_size=900)
Skipping probe: too short (len=559, chunk_size=900)
Skipping probe: too short (len=559, chunk_size=900)
Skipping probe: too short (len=632, chunk_size=900)
Skipping probe: too short (len=834, chunk_size=900)
Skipping probe: too short (len=670, chunk_size=900)
Skipping probe: too short (len=886, chunk_size=900)
Trial 21 F1s - Weighted: 0.6886 | Macro: 0.1817 | Micro: 0.6855

[I 2026-02-28 13:49:33,800] Trial 21 finished with value: 0.6886109677538358 and parameters: {'chunk_seconds': 9, 'num_freqs': 10, 'num_estimators': 16, 'max_depth': 16, 'window_seconds': 10, 'num_subwindows': 5, 'subwindow_freq': 15, 'use_window_slope': True, 'use_subwindow_slope': True, 'use_smote': False}. Best is trial 16 with value: 0.689315337733086.
Skipping probe: too short (len=834, chunk_size=900)
Skipping probe: too short (len=559, chunk_size=900)
Skipping probe: too short (len=670, chunk_size=900)
Skipping probe: too short (len=886, chunk_size=900)
Skipping probe: too short (len=632, chunk_size=900)
Skipping probe: too short (len=559, chunk_size=900)
Skipping probe: too short (len=834, chunk_size=900)
Skipping probe: too short (len=670, chunk_size=900)
Skipping probe: too short (len=886, chunk_size=900)
Skipping probe: too short (len=632, chunk_size=900)
Skipping probe: too short (len=559, chunk_size=900)
Skipping probe: too short (len=834, chunk_size=900)
Skipping probe: too short (len=670, chunk_size=900)
Skipping probe: too short (len=886, chunk_size=900)
Skipping probe: too short (len=632, chunk_size=900)
Skipping probe: too short (len=834, chunk_size=900)
Skipping probe: too short (len=670, chunk_size=900)
Skipping probe: too short (len=886, chunk_size=900)
Skipping probe: too short (len=632, chunk_size=900)
Skipping probe: too short (len=559, chunk_size=900)
Skipping probe: too short (len=559, chunk_size=900)
Skipping probe: too short (len=632, chunk_size=900)
Skipping probe: too short (len=834, chunk_size=900)
Skipping probe: too short (len=670, chunk_size=900)
Skipping probe: too short (len=886, chunk_size=900)
Trial 22 F1s - Weighted: 0.6933 | Macro: 0.1806 | Micro: 0.6922

[I 2026-02-28 14:09:18,177] Trial 22 finished with value: 0.6932633064164255 and parameters: {'chunk_seconds': 9, 'num_freqs': 9, 'num_estimators': 16, 'max_depth': 16, 'window_seconds': 11, 'num_subwindows': 5, 'subwindow_freq': 14, 'use_window_slope': True, 'use_subwindow_slope': True, 'use_smote': False}. Best is trial 22 with value: 0.6932633064164255.
Skipping probe: too short (len=834, chunk_size=900)
Skipping probe: too short (len=559, chunk_size=900)
Skipping probe: too short (len=632, chunk_size=900)
Skipping probe: too short (len=670, chunk_size=900)
Skipping probe: too short (len=886, chunk_size=900)
Skipping probe: too short (len=834, chunk_size=900)
Skipping probe: too short (len=559, chunk_size=900)
Skipping probe: too short (len=670, chunk_size=900)
Skipping probe: too short (len=886, chunk_size=900)
Skipping probe: too short (len=632, chunk_size=900)
Skipping probe: too short (len=559, chunk_size=900)
Skipping probe: too short (len=834, chunk_size=900)
Skipping probe: too short (len=670, chunk_size=900)
Skipping probe: too short (len=886, chunk_size=900)
Skipping probe: too short (len=632, chunk_size=900)
Skipping probe: too short (len=834, chunk_size=900)
Skipping probe: too short (len=670, chunk_size=900)
Skipping probe: too short (len=886, chunk_size=900)
Skipping probe: too short (len=632, chunk_size=900)
Skipping probe: too short (len=559, chunk_size=900)
Skipping probe: too short (len=559, chunk_size=900)
Skipping probe: too short (len=632, chunk_size=900)
Skipping probe: too short (len=834, chunk_size=900)
Skipping probe: too short (len=670, chunk_size=900)
Skipping probe: too short (len=886, chunk_size=900)
Trial 23 F1s - Weighted: 0.6939 | Macro: 0.1807 | Micro: 0.6933

[I 2026-02-28 14:26:36,225] Trial 23 finished with value: 0.693857750092137 and parameters: {'chunk_seconds': 9, 'num_freqs': 9, 'num_estimators': 16, 'max_depth': 16, 'window_seconds': 9, 'num_subwindows': 4, 'subwindow_freq': 11, 'use_window_slope': True, 'use_subwindow_slope': True, 'use_smote': False}. Best is trial 23 with value: 0.693857750092137.
[I 2026-02-28 14:40:19,226] Trial 24 pruned. 
Skipping probe: too short (len=982, chunk_size=1000)
Skipping probe: too short (len=559, chunk_size=1000)
Skipping probe: too short (len=906, chunk_size=1000)
Skipping probe: too short (len=834, chunk_size=1000)
Skipping probe: too short (len=670, chunk_size=1000)
Skipping probe: too short (len=886, chunk_size=1000)
Skipping probe: too short (len=632, chunk_size=1000)
Skipping probe: too short (len=559, chunk_size=1000)
Skipping probe: too short (len=906, chunk_size=1000)
Skipping probe: too short (len=834, chunk_size=1000)
Skipping probe: too short (len=982, chunk_size=1000)
Skipping probe: too short (len=670, chunk_size=1000)
Skipping probe: too short (len=886, chunk_size=1000)
Skipping probe: too short (len=632, chunk_size=1000)
[I 2026-02-28 14:44:27,015] Trial 25 pruned. 
Skipping probe: too short (len=559, chunk_size=900)
Skipping probe: too short (len=559, chunk_size=900)
Skipping probe: too short (len=559, chunk_size=900)
Skipping probe: too short (len=559, chunk_size=900)
[I 2026-02-28 15:05:02,791] Trial 26 pruned. 
Skipping probe: too short (len=559, chunk_size=600)
Skipping probe: too short (len=559, chunk_size=600)
[I 2026-02-28 15:12:54,529] Trial 27 pruned. 
Skipping probe: too short (len=559, chunk_size=800)
Skipping probe: too short (len=670, chunk_size=800)
Skipping probe: too short (len=632, chunk_size=800)
Skipping probe: too short (len=559, chunk_size=800)
Skipping probe: too short (len=670, chunk_size=800)
Skipping probe: too short (len=632, chunk_size=800)
Skipping probe: too short (len=559, chunk_size=800)
Skipping probe: too short (len=670, chunk_size=800)
Skipping probe: too short (len=632, chunk_size=800)
Skipping probe: too short (len=632, chunk_size=800)
Skipping probe: too short (len=670, chunk_size=800)
Skipping probe: too short (len=559, chunk_size=800)
Skipping probe: too short (len=559, chunk_size=800)
Skipping probe: too short (len=632, chunk_size=800)
Skipping probe: too short (len=670, chunk_size=800)
Trial 28 F1s - Weighted: 0.6868 | Macro: 0.1773 | Micro: 0.6853

[I 2026-02-28 15:43:52,464] Trial 28 finished with value: 0.686781743398762 and parameters: {'chunk_seconds': 8, 'num_freqs': 9, 'num_estimators': 16, 'max_depth': 16, 'window_seconds': 12, 'num_subwindows': 9, 'subwindow_freq': 10, 'use_window_slope': True, 'use_subwindow_slope': True, 'use_smote': False}. Best is trial 23 with value: 0.693857750092137.
Skipping probe: too short (len=559, chunk_size=1000)
Skipping probe: too short (len=906, chunk_size=1000)
Skipping probe: too short (len=834, chunk_size=1000)
Skipping probe: too short (len=982, chunk_size=1000)
Skipping probe: too short (len=670, chunk_size=1000)
Skipping probe: too short (len=886, chunk_size=1000)
Skipping probe: too short (len=632, chunk_size=1000)
Skipping probe: too short (len=982, chunk_size=1000)
Skipping probe: too short (len=559, chunk_size=1000)
Skipping probe: too short (len=906, chunk_size=1000)
Skipping probe: too short (len=834, chunk_size=1000)
Skipping probe: too short (len=670, chunk_size=1000)
Skipping probe: too short (len=886, chunk_size=1000)
Skipping probe: too short (len=632, chunk_size=1000)
Skipping probe: too short (len=559, chunk_size=1000)
Skipping probe: too short (len=906, chunk_size=1000)
Skipping probe: too short (len=834, chunk_size=1000)
Skipping probe: too short (len=670, chunk_size=1000)
Skipping probe: too short (len=886, chunk_size=1000)
Skipping probe: too short (len=632, chunk_size=1000)
Skipping probe: too short (len=982, chunk_size=1000)
Skipping probe: too short (len=982, chunk_size=1000)
Skipping probe: too short (len=834, chunk_size=1000)
Skipping probe: too short (len=670, chunk_size=1000)
Skipping probe: too short (len=886, chunk_size=1000)
Skipping probe: too short (len=632, chunk_size=1000)
Skipping probe: too short (len=559, chunk_size=1000)
Skipping probe: too short (len=906, chunk_size=1000)
[I 2026-02-28 15:55:18,770] Trial 29 pruned. 
Skipping probe: too short (len=834, chunk_size=900)
Skipping probe: too short (len=559, chunk_size=900)
Skipping probe: too short (len=670, chunk_size=900)
Skipping probe: too short (len=886, chunk_size=900)
Skipping probe: too short (len=632, chunk_size=900)
Skipping probe: too short (len=834, chunk_size=900)
Skipping probe: too short (len=559, chunk_size=900)
Skipping probe: too short (len=670, chunk_size=900)
Skipping probe: too short (len=886, chunk_size=900)
Skipping probe: too short (len=632, chunk_size=900)
Skipping probe: too short (len=834, chunk_size=900)
Skipping probe: too short (len=559, chunk_size=900)
Skipping probe: too short (len=670, chunk_size=900)
Skipping probe: too short (len=886, chunk_size=900)
Skipping probe: too short (len=632, chunk_size=900)
Skipping probe: too short (len=834, chunk_size=900)
Skipping probe: too short (len=670, chunk_size=900)
Skipping probe: too short (len=886, chunk_size=900)
Skipping probe: too short (len=632, chunk_size=900)
Skipping probe: too short (len=559, chunk_size=900)
[I 2026-02-28 16:09:38,131] Trial 30 pruned. 
Skipping probe: too short (len=559, chunk_size=900)
Skipping probe: too short (len=834, chunk_size=900)
Skipping probe: too short (len=670, chunk_size=900)
Skipping probe: too short (len=886, chunk_size=900)
Skipping probe: too short (len=632, chunk_size=900)
Skipping probe: too short (len=559, chunk_size=900)
Skipping probe: too short (len=834, chunk_size=900)
Skipping probe: too short (len=670, chunk_size=900)
Skipping probe: too short (len=886, chunk_size=900)
Skipping probe: too short (len=632, chunk_size=900)
Skipping probe: too short (len=834, chunk_size=900)
Skipping probe: too short (len=559, chunk_size=900)
Skipping probe: too short (len=670, chunk_size=900)
Skipping probe: too short (len=886, chunk_size=900)
Skipping probe: too short (len=632, chunk_size=900)
Skipping probe: too short (len=834, chunk_size=900)
Skipping probe: too short (len=670, chunk_size=900)
Skipping probe: too short (len=886, chunk_size=900)
Skipping probe: too short (len=632, chunk_size=900)
Skipping probe: too short (len=559, chunk_size=900)
Skipping probe: too short (len=559, chunk_size=900)
Skipping probe: too short (len=632, chunk_size=900)
Skipping probe: too short (len=834, chunk_size=900)
Skipping probe: too short (len=670, chunk_size=900)
Skipping probe: too short (len=886, chunk_size=900)
Trial 31 F1s - Weighted: 0.6925 | Macro: 0.1796 | Micro: 0.6914

[I 2026-02-28 16:29:15,947] Trial 31 finished with value: 0.6924594136744668 and parameters: {'chunk_seconds': 9, 'num_freqs': 9, 'num_estimators': 16, 'max_depth': 16, 'window_seconds': 10, 'num_subwindows': 5, 'subwindow_freq': 15, 'use_window_slope': True, 'use_subwindow_slope': True, 'use_smote': False}. Best is trial 23 with value: 0.693857750092137.
Skipping probe: too short (len=559, chunk_size=1000)
Skipping probe: too short (len=906, chunk_size=1000)
Skipping probe: too short (len=834, chunk_size=1000)
Skipping probe: too short (len=982, chunk_size=1000)
Skipping probe: too short (len=670, chunk_size=1000)
Skipping probe: too short (len=886, chunk_size=1000)
Skipping probe: too short (len=632, chunk_size=1000)
Skipping probe: too short (len=834, chunk_size=1000)
Skipping probe: too short (len=559, chunk_size=1000)
Skipping probe: too short (len=906, chunk_size=1000)
Skipping probe: too short (len=982, chunk_size=1000)
Skipping probe: too short (len=670, chunk_size=1000)
Skipping probe: too short (len=886, chunk_size=1000)
Skipping probe: too short (len=632, chunk_size=1000)
Skipping probe: too short (len=559, chunk_size=1000)
Skipping probe: too short (len=906, chunk_size=1000)
Skipping probe: too short (len=834, chunk_size=1000)
Skipping probe: too short (len=670, chunk_size=1000)
Skipping probe: too short (len=886, chunk_size=1000)
Skipping probe: too short (len=632, chunk_size=1000)
Skipping probe: too short (len=982, chunk_size=1000)
Skipping probe: too short (len=834, chunk_size=1000)
Skipping probe: too short (len=982, chunk_size=1000)
Skipping probe: too short (len=670, chunk_size=1000)
Skipping probe: too short (len=886, chunk_size=1000)
Skipping probe: too short (len=632, chunk_size=1000)
Skipping probe: too short (len=559, chunk_size=1000)
Skipping probe: too short (len=906, chunk_size=1000)
Skipping probe: too short (len=982, chunk_size=1000)
Skipping probe: too short (len=559, chunk_size=1000)
Skipping probe: too short (len=906, chunk_size=1000)
Skipping probe: too short (len=632, chunk_size=1000)
Skipping probe: too short (len=834, chunk_size=1000)
Skipping probe: too short (len=670, chunk_size=1000)
Skipping probe: too short (len=886, chunk_size=1000)
Trial 32 F1s - Weighted: 0.6962 | Macro: 0.1808 | Micro: 0.7000

[I 2026-02-28 16:53:15,975] Trial 32 finished with value: 0.696246355318395 and parameters: {'chunk_seconds': 10, 'num_freqs': 8, 'num_estimators': 128, 'max_depth': 16, 'window_seconds': 10, 'num_subwindows': 7, 'subwindow_freq': 14, 'use_window_slope': True, 'use_subwindow_slope': True, 'use_smote': False}. Best is trial 32 with value: 0.696246355318395.
Skipping probe: too short (len=559, chunk_size=1000)
Skipping probe: too short (len=670, chunk_size=1000)
Skipping probe: too short (len=632, chunk_size=1000)
Skipping probe: too short (len=559, chunk_size=1000)
Skipping probe: too short (len=670, chunk_size=1000)
Skipping probe: too short (len=632, chunk_size=1000)
Skipping probe: too short (len=559, chunk_size=1000)
Skipping probe: too short (len=670, chunk_size=1000)
Skipping probe: too short (len=632, chunk_size=1000)
Skipping probe: too short (len=670, chunk_size=1000)
Skipping probe: too short (len=632, chunk_size=1000)
Skipping probe: too short (len=559, chunk_size=1000)
Skipping probe: too short (len=559, chunk_size=1000)
Skipping probe: too short (len=632, chunk_size=1000)
Skipping probe: too short (len=670, chunk_size=1000)
Trial 33 F1s - Weighted: 0.6885 | Macro: 0.1790 | Micro: 0.6915

[I 2026-02-28 17:16:58,847] Trial 33 finished with value: 0.6885419656411312 and parameters: {'chunk_seconds': 10, 'num_freqs': 7, 'num_estimators': 128, 'max_depth': 16, 'window_seconds': 8, 'num_subwindows': 7, 'subwindow_freq': 12, 'use_window_slope': True, 'use_subwindow_slope': True, 'use_smote': False}. Best is trial 32 with value: 0.696246355318395.
Skipping probe: too short (len=559, chunk_size=900)
Skipping probe: too short (len=670, chunk_size=900)
Skipping probe: too short (len=632, chunk_size=900)
Skipping probe: too short (len=670, chunk_size=900)
Skipping probe: too short (len=559, chunk_size=900)
Skipping probe: too short (len=632, chunk_size=900)
[I 2026-02-28 17:25:19,580] Trial 34 pruned. 
Skipping probe: too short (len=559, chunk_size=1000)
Skipping probe: too short (len=906, chunk_size=1000)
Skipping probe: too short (len=834, chunk_size=1000)
Skipping probe: too short (len=982, chunk_size=1000)
Skipping probe: too short (len=670, chunk_size=1000)
Skipping probe: too short (len=886, chunk_size=1000)
Skipping probe: too short (len=632, chunk_size=1000)
Skipping probe: too short (len=559, chunk_size=1000)
Skipping probe: too short (len=906, chunk_size=1000)
Skipping probe: too short (len=834, chunk_size=1000)
Skipping probe: too short (len=670, chunk_size=1000)
Skipping probe: too short (len=886, chunk_size=1000)
Skipping probe: too short (len=982, chunk_size=1000)
Skipping probe: too short (len=632, chunk_size=1000)
Skipping probe: too short (len=559, chunk_size=1000)
Skipping probe: too short (len=906, chunk_size=1000)
Skipping probe: too short (len=834, chunk_size=1000)
Skipping probe: too short (len=670, chunk_size=1000)
Skipping probe: too short (len=886, chunk_size=1000)
Skipping probe: too short (len=632, chunk_size=1000)
Skipping probe: too short (len=982, chunk_size=1000)
Skipping probe: too short (len=982, chunk_size=1000)
Skipping probe: too short (len=834, chunk_size=1000)
Skipping probe: too short (len=670, chunk_size=1000)
Skipping probe: too short (len=886, chunk_size=1000)
Skipping probe: too short (len=632, chunk_size=1000)
Skipping probe: too short (len=559, chunk_size=1000)
Skipping probe: too short (len=906, chunk_size=1000)
Skipping probe: too short (len=982, chunk_size=1000)
Skipping probe: too short (len=559, chunk_size=1000)
Skipping probe: too short (len=906, chunk_size=1000)
Skipping probe: too short (len=632, chunk_size=1000)
Skipping probe: too short (len=834, chunk_size=1000)
Skipping probe: too short (len=670, chunk_size=1000)
Skipping probe: too short (len=886, chunk_size=1000)
Trial 35 F1s - Weighted: 0.6551 | Macro: 0.1820 | Micro: 0.6226

[I 2026-02-28 18:16:51,931] Trial 35 finished with value: 0.6550747172236354 and parameters: {'chunk_seconds': 10, 'num_freqs': 9, 'num_estimators': 128, 'max_depth': 16, 'window_seconds': 10, 'num_subwindows': 10, 'subwindow_freq': 14, 'use_window_slope': False, 'use_subwindow_slope': False, 'use_smote': True, 'smote_k_neighbors': 10}. Best is trial 32 with value: 0.696246355318395.
Skipping probe: too short (len=559, chunk_size=900)
Skipping probe: too short (len=834, chunk_size=900)
Skipping probe: too short (len=670, chunk_size=900)
Skipping probe: too short (len=886, chunk_size=900)
Skipping probe: too short (len=632, chunk_size=900)
Skipping probe: too short (len=834, chunk_size=900)
Skipping probe: too short (len=559, chunk_size=900)
Skipping probe: too short (len=670, chunk_size=900)
Skipping probe: too short (len=886, chunk_size=900)
Skipping probe: too short (len=632, chunk_size=900)
[I 2026-02-28 18:27:05,932] Trial 36 pruned. 
Skipping probe: too short (len=982, chunk_size=1000)
Skipping probe: too short (len=559, chunk_size=1000)
Skipping probe: too short (len=906, chunk_size=1000)
Skipping probe: too short (len=834, chunk_size=1000)
Skipping probe: too short (len=632, chunk_size=1000)
Skipping probe: too short (len=670, chunk_size=1000)
Skipping probe: too short (len=886, chunk_size=1000)
Skipping probe: too short (len=559, chunk_size=1000)
Skipping probe: too short (len=906, chunk_size=1000)
Skipping probe: too short (len=834, chunk_size=1000)
Skipping probe: too short (len=670, chunk_size=1000)
Skipping probe: too short (len=886, chunk_size=1000)
Skipping probe: too short (len=982, chunk_size=1000)
Skipping probe: too short (len=632, chunk_size=1000)
Skipping probe: too short (len=559, chunk_size=1000)
Skipping probe: too short (len=906, chunk_size=1000)
Skipping probe: too short (len=834, chunk_size=1000)
Skipping probe: too short (len=632, chunk_size=1000)
Skipping probe: too short (len=670, chunk_size=1000)
Skipping probe: too short (len=886, chunk_size=1000)
Skipping probe: too short (len=982, chunk_size=1000)
Skipping probe: too short (len=982, chunk_size=1000)
Skipping probe: too short (len=834, chunk_size=1000)
Skipping probe: too short (len=670, chunk_size=1000)
Skipping probe: too short (len=886, chunk_size=1000)
Skipping probe: too short (len=632, chunk_size=1000)
Skipping probe: too short (len=559, chunk_size=1000)
Skipping probe: too short (len=906, chunk_size=1000)
Skipping probe: too short (len=982, chunk_size=1000)
Skipping probe: too short (len=559, chunk_size=1000)
Skipping probe: too short (len=906, chunk_size=1000)
Skipping probe: too short (len=632, chunk_size=1000)
Skipping probe: too short (len=834, chunk_size=1000)
Skipping probe: too short (len=670, chunk_size=1000)
Skipping probe: too short (len=886, chunk_size=1000)
Trial 37 F1s - Weighted: 0.6419 | Macro: 0.1746 | Micro: 0.5871

[I 2026-02-28 18:46:26,876] Trial 37 finished with value: 0.6419282376511573 and parameters: {'chunk_seconds': 10, 'num_freqs': 6, 'num_estimators': 64, 'max_depth': 8, 'window_seconds': 20, 'num_subwindows': 12, 'subwindow_freq': 12, 'use_window_slope': False, 'use_subwindow_slope': False, 'use_smote': True, 'smote_k_neighbors': 7}. Best is trial 32 with value: 0.696246355318395.
Skipping probe: too short (len=559, chunk_size=700)
Skipping probe: too short (len=632, chunk_size=700)
Skipping probe: too short (len=670, chunk_size=700)
Skipping probe: too short (len=670, chunk_size=700)
Skipping probe: too short (len=559, chunk_size=700)
Skipping probe: too short (len=632, chunk_size=700)
[I 2026-02-28 18:53:03,617] Trial 38 pruned. 
Skipping probe: too short (len=834, chunk_size=900)
Skipping probe: too short (len=559, chunk_size=900)
Skipping probe: too short (len=632, chunk_size=900)
Skipping probe: too short (len=670, chunk_size=900)
Skipping probe: too short (len=886, chunk_size=900)
Skipping probe: too short (len=834, chunk_size=900)
Skipping probe: too short (len=559, chunk_size=900)
Skipping probe: too short (len=670, chunk_size=900)
Skipping probe: too short (len=886, chunk_size=900)
Skipping probe: too short (len=632, chunk_size=900)
[I 2026-02-28 18:58:42,622] Trial 39 pruned. 
Skipping probe: too short (len=559, chunk_size=800)
Skipping probe: too short (len=632, chunk_size=800)
Skipping probe: too short (len=670, chunk_size=800)
Skipping probe: too short (len=559, chunk_size=800)
Skipping probe: too short (len=670, chunk_size=800)
Skipping probe: too short (len=632, chunk_size=800)
Skipping probe: too short (len=559, chunk_size=800)
Skipping probe: too short (len=632, chunk_size=800)
Skipping probe: too short (len=670, chunk_size=800)
Skipping probe: too short (len=670, chunk_size=800)
Skipping probe: too short (len=632, chunk_size=800)
Skipping probe: too short (len=559, chunk_size=800)
Skipping probe: too short (len=559, chunk_size=800)
Skipping probe: too short (len=632, chunk_size=800)
Skipping probe: too short (len=670, chunk_size=800)
Trial 40 F1s - Weighted: 0.6504 | Macro: 0.1787 | Micro: 0.6151

[I 2026-02-28 19:31:33,394] Trial 40 finished with value: 0.6504416422022361 and parameters: {'chunk_seconds': 8, 'num_freqs': 5, 'num_estimators': 32, 'max_depth': 16, 'window_seconds': 9, 'num_subwindows': 6, 'subwindow_freq': 19, 'use_window_slope': False, 'use_subwindow_slope': True, 'use_smote': True, 'smote_k_neighbors': 3}. Best is trial 32 with value: 0.696246355318395.
Skipping probe: too short (len=559, chunk_size=800)
Skipping probe: too short (len=670, chunk_size=800)
Skipping probe: too short (len=632, chunk_size=800)
Skipping probe: too short (len=559, chunk_size=800)
Skipping probe: too short (len=670, chunk_size=800)
Skipping probe: too short (len=632, chunk_size=800)
Skipping probe: too short (len=670, chunk_size=800)
Skipping probe: too short (len=559, chunk_size=800)
Skipping probe: too short (len=632, chunk_size=800)
Skipping probe: too short (len=670, chunk_size=800)
Skipping probe: too short (len=632, chunk_size=800)
Skipping probe: too short (len=559, chunk_size=800)
Skipping probe: too short (len=559, chunk_size=800)
Skipping probe: too short (len=632, chunk_size=800)
Skipping probe: too short (len=670, chunk_size=800)
Trial 41 F1s - Weighted: 0.6898 | Macro: 0.1812 | Micro: 0.6849

[I 2026-02-28 19:53:18,436] Trial 41 finished with value: 0.6898316406202583 and parameters: {'chunk_seconds': 8, 'num_freqs': 12, 'num_estimators': 16, 'max_depth': 16, 'window_seconds': 12, 'num_subwindows': 5, 'subwindow_freq': 15, 'use_window_slope': True, 'use_subwindow_slope': True, 'use_smote': False}. Best is trial 32 with value: 0.696246355318395.
Skipping probe: too short (len=834, chunk_size=900)
Skipping probe: too short (len=559, chunk_size=900)
Skipping probe: too short (len=670, chunk_size=900)
Skipping probe: too short (len=886, chunk_size=900)
Skipping probe: too short (len=632, chunk_size=900)
Skipping probe: too short (len=834, chunk_size=900)
Skipping probe: too short (len=559, chunk_size=900)
Skipping probe: too short (len=670, chunk_size=900)
Skipping probe: too short (len=886, chunk_size=900)
Skipping probe: too short (len=632, chunk_size=900)
Skipping probe: too short (len=834, chunk_size=900)
Skipping probe: too short (len=559, chunk_size=900)
Skipping probe: too short (len=670, chunk_size=900)
Skipping probe: too short (len=886, chunk_size=900)
Skipping probe: too short (len=632, chunk_size=900)
Skipping probe: too short (len=834, chunk_size=900)
Skipping probe: too short (len=632, chunk_size=900)
Skipping probe: too short (len=670, chunk_size=900)
Skipping probe: too short (len=886, chunk_size=900)
Skipping probe: too short (len=559, chunk_size=900)
[I 2026-02-28 20:06:50,326] Trial 42 pruned. 
Skipping probe: too short (len=834, chunk_size=1000)
Skipping probe: too short (len=982, chunk_size=1000)
Skipping probe: too short (len=670, chunk_size=1000)
Skipping probe: too short (len=886, chunk_size=1000)
Skipping probe: too short (len=559, chunk_size=1000)
Skipping probe: too short (len=906, chunk_size=1000)
Skipping probe: too short (len=632, chunk_size=1000)
Skipping probe: too short (len=559, chunk_size=1000)
Skipping probe: too short (len=906, chunk_size=1000)
Skipping probe: too short (len=834, chunk_size=1000)
Skipping probe: too short (len=982, chunk_size=1000)
Skipping probe: too short (len=670, chunk_size=1000)
Skipping probe: too short (len=886, chunk_size=1000)
Skipping probe: too short (len=632, chunk_size=1000)
Skipping probe: too short (len=559, chunk_size=1000)
Skipping probe: too short (len=906, chunk_size=1000)
Skipping probe: too short (len=670, chunk_size=1000)
Skipping probe: too short (len=886, chunk_size=1000)
Skipping probe: too short (len=632, chunk_size=1000)
Skipping probe: too short (len=834, chunk_size=1000)
Skipping probe: too short (len=982, chunk_size=1000)
Skipping probe: too short (len=834, chunk_size=1000)
Skipping probe: too short (len=982, chunk_size=1000)
Skipping probe: too short (len=670, chunk_size=1000)
Skipping probe: too short (len=886, chunk_size=1000)
Skipping probe: too short (len=632, chunk_size=1000)
Skipping probe: too short (len=559, chunk_size=1000)
Skipping probe: too short (len=906, chunk_size=1000)
Skipping probe: too short (len=559, chunk_size=1000)
Skipping probe: too short (len=906, chunk_size=1000)
Skipping probe: too short (len=982, chunk_size=1000)
Skipping probe: too short (len=632, chunk_size=1000)
Skipping probe: too short (len=670, chunk_size=1000)
Skipping probe: too short (len=886, chunk_size=1000)
Skipping probe: too short (len=834, chunk_size=1000)
Trial 43 F1s - Weighted: 0.6989 | Macro: 0.1799 | Micro: 0.7019

[I 2026-02-28 20:38:15,835] Trial 43 finished with value: 0.6989138952135643 and parameters: {'chunk_seconds': 10, 'num_freqs': 13, 'num_estimators': 512, 'max_depth': 16, 'window_seconds': 12, 'num_subwindows': 7, 'subwindow_freq': 13, 'use_window_slope': True, 'use_subwindow_slope': True, 'use_smote': False}. Best is trial 43 with value: 0.6989138952135643.
Skipping probe: too short (len=834, chunk_size=1000)
Skipping probe: too short (len=559, chunk_size=1000)
Skipping probe: too short (len=906, chunk_size=1000)
Skipping probe: too short (len=982, chunk_size=1000)
Skipping probe: too short (len=670, chunk_size=1000)
Skipping probe: too short (len=886, chunk_size=1000)
Skipping probe: too short (len=632, chunk_size=1000)
Skipping probe: too short (len=834, chunk_size=1000)
Skipping probe: too short (len=559, chunk_size=1000)
Skipping probe: too short (len=906, chunk_size=1000)
Skipping probe: too short (len=982, chunk_size=1000)
Skipping probe: too short (len=670, chunk_size=1000)
Skipping probe: too short (len=886, chunk_size=1000)
Skipping probe: too short (len=632, chunk_size=1000)
[I 2026-02-28 20:48:13,296] Trial 44 pruned. 
Skipping probe: too short (len=559, chunk_size=1000)
Skipping probe: too short (len=906, chunk_size=1000)
Skipping probe: too short (len=982, chunk_size=1000)
Skipping probe: too short (len=670, chunk_size=1000)
Skipping probe: too short (len=886, chunk_size=1000)
Skipping probe: too short (len=834, chunk_size=1000)
Skipping probe: too short (len=632, chunk_size=1000)
Skipping probe: too short (len=834, chunk_size=1000)
Skipping probe: too short (len=559, chunk_size=1000)
Skipping probe: too short (len=906, chunk_size=1000)
Skipping probe: too short (len=982, chunk_size=1000)
Skipping probe: too short (len=670, chunk_size=1000)
Skipping probe: too short (len=886, chunk_size=1000)
Skipping probe: too short (len=632, chunk_size=1000)
[I 2026-02-28 20:56:49,679] Trial 45 pruned. 
Skipping probe: too short (len=559, chunk_size=900)
Skipping probe: too short (len=670, chunk_size=900)
Skipping probe: too short (len=632, chunk_size=900)
Skipping probe: too short (len=559, chunk_size=900)
Skipping probe: too short (len=670, chunk_size=900)
Skipping probe: too short (len=632, chunk_size=900)
Skipping probe: too short (len=559, chunk_size=900)
Skipping probe: too short (len=670, chunk_size=900)
Skipping probe: too short (len=632, chunk_size=900)
Skipping probe: too short (len=632, chunk_size=900)
Skipping probe: too short (len=670, chunk_size=900)
Skipping probe: too short (len=559, chunk_size=900)
Skipping probe: too short (len=559, chunk_size=900)
Skipping probe: too short (len=632, chunk_size=900)
Skipping probe: too short (len=670, chunk_size=900)
Trial 46 F1s - Weighted: 0.6913 | Macro: 0.1783 | Micro: 0.6850

[I 2026-02-28 21:16:13,198] Trial 46 finished with value: 0.6912574473301869 and parameters: {'chunk_seconds': 9, 'num_freqs': 13, 'num_estimators': 512, 'max_depth': 16, 'window_seconds': 8, 'num_subwindows': 2, 'subwindow_freq': 10, 'use_window_slope': True, 'use_subwindow_slope': True, 'use_smote': False}. Best is trial 43 with value: 0.6989138952135643.
Trial 47 F1s - Weighted: 0.6998 | Macro: 0.2082 | Micro: 0.6914

[I 2026-02-28 22:11:18,040] Trial 47 finished with value: 0.6997834066291123 and parameters: {'chunk_seconds': 4, 'num_freqs': 10, 'num_estimators': 64, 'max_depth': 16, 'window_seconds': 12, 'num_subwindows': 8, 'subwindow_freq': 13, 'use_window_slope': True, 'use_subwindow_slope': True, 'use_smote': False}. Best is trial 47 with value: 0.6997834066291123.
[I 2026-02-28 22:44:13,661] Trial 48 pruned. 
Trial 49 F1s - Weighted: 0.7060 | Macro: 0.2127 | Micro: 0.6991

[I 2026-02-28 23:48:49,787] Trial 49 finished with value: 0.7060045931984518 and parameters: {'chunk_seconds': 4, 'num_freqs': 10, 'num_estimators': 256, 'max_depth': 16, 'window_seconds': 12, 'num_subwindows': 8, 'subwindow_freq': 9, 'use_window_slope': True, 'use_subwindow_slope': True, 'use_smote': False}. Best is trial 49 with value: 0.7060045931984518.
[I 2026-03-01 00:03:21,794] Trial 50 pruned. 
Trial 51 F1s - Weighted: 0.6902 | Macro: 0.2040 | Micro: 0.6802

[I 2026-03-01 01:03:12,367] Trial 51 finished with value: 0.6901506962884348 and parameters: {'chunk_seconds': 4, 'num_freqs': 10, 'num_estimators': 64, 'max_depth': 16, 'window_seconds': 12, 'num_subwindows': 9, 'subwindow_freq': 9, 'use_window_slope': True, 'use_subwindow_slope': True, 'use_smote': False}. Best is trial 49 with value: 0.7060045931984518.
Trial 52 F1s - Weighted: 0.7027 | Macro: 0.2116 | Micro: 0.6959

[I 2026-03-01 02:08:25,167] Trial 52 finished with value: 0.7026514823729423 and parameters: {'chunk_seconds': 4, 'num_freqs': 8, 'num_estimators': 256, 'max_depth': 16, 'window_seconds': 11, 'num_subwindows': 8, 'subwindow_freq': 13, 'use_window_slope': True, 'use_subwindow_slope': True, 'use_smote': False}. Best is trial 49 with value: 0.7060045931984518.
Trial 53 F1s - Weighted: 0.6936 | Macro: 0.2023 | Micro: 0.6880

[I 2026-03-01 03:29:34,298] Trial 53 finished with value: 0.6936252588709882 and parameters: {'chunk_seconds': 4, 'num_freqs': 7, 'num_estimators': 256, 'max_depth': 16, 'window_seconds': 13, 'num_subwindows': 11, 'subwindow_freq': 13, 'use_window_slope': True, 'use_subwindow_slope': True, 'use_smote': False}. Best is trial 49 with value: 0.7060045931984518.
Trial 54 F1s - Weighted: 0.6945 | Macro: 0.2125 | Micro: 0.6768

[I 2026-03-01 05:34:16,699] Trial 54 finished with value: 0.6944797807997455 and parameters: {'chunk_seconds': 2, 'num_freqs': 11, 'num_estimators': 256, 'max_depth': 16, 'window_seconds': 12, 'num_subwindows': 8, 'subwindow_freq': 11, 'use_window_slope': True, 'use_subwindow_slope': True, 'use_smote': False}. Best is trial 49 with value: 0.7060045931984518.
Trial 55 F1s - Weighted: 0.6967 | Macro: 0.2141 | Micro: 0.6800

[I 2026-03-01 07:37:50,867] Trial 55 finished with value: 0.6967075842754161 and parameters: {'chunk_seconds': 2, 'num_freqs': 11, 'num_estimators': 256, 'max_depth': 16, 'window_seconds': 12, 'num_subwindows': 8, 'subwindow_freq': 8, 'use_window_slope': True, 'use_subwindow_slope': True, 'use_smote': False}. Best is trial 49 with value: 0.7060045931984518.
[I 2026-03-01 08:40:03,214] Trial 56 pruned. 
[I 2026-03-01 09:04:05,402] Trial 57 pruned. 
[I 2026-03-01 09:33:03,710] Trial 58 pruned. 
